SQL> 
SQL> REM NULLS FIRST AND NULLS LAST :  TOP n ANALYSIS WITH ORDER BY
SQL> 
SQL> 
SQL> 
SQL> REM NULLS FIRST AND NULLS LAST :
SQL> 
SQL> SELECT FIRST_NAME , COMMISSION_PCT FROM EMPLOYEES;

FIRST_NAME      COMMISSION_PCT                                                                                                                                                                          
--------------- --------------                                                                                                                                                                          
Steven                                                                                                                                                                                                  
Neena                                                                                                                                                                                                   
Lex                                                                                                                                                                                                     
Alexander                                                                                                                                                                                               
Bruce                                                                                                                                                                                                   
Diana                                                                                                                                                                                                   
Kevin                                                                                                                                                                                                   
Trenna                                                                                                                                                                                                  
Curtis                                                                                                                                                                                                  
Randall                                                                                                                                                                                                 
Peter                                                                                                                                                                                                   
Eleni                       .2                                                                                                                                                                          
Ellen                       .3                                                                                                                                                                          
Jonathon                    .3                                                                                                                                                                          
Kimerely                   .15                                                                                                                                                                          
Jennifer                                                                                                                                                                                                
Michael                                                                                                                                                                                                 
Pat                                                                                                                                                                                                     
Shelley                                                                                                                                                                                                 
William                                                                                                                                                                                                 

20 rows selected.

SQL> SELECT ROWID , FIRST_NAME , COMMISSION_PCT FROM EMPLOYEES;

ROWID              FIRST_NAME      COMMISSION_PCT                                                                                                                                                       
------------------ --------------- --------------                                                                                                                                                       
AAAcDnAAHAAAAVdAAA Steven                                                                                                                                                                               
AAAcDnAAHAAAAVdAAB Neena                                                                                                                                                                                
AAAcDnAAHAAAAVdAAC Lex                                                                                                                                                                                  
AAAcDnAAHAAAAVdAAD Alexander                                                                                                                                                                            
AAAcDnAAHAAAAVdAAE Bruce                                                                                                                                                                                
AAAcDnAAHAAAAVdAAF Diana                                                                                                                                                                                
AAAcDnAAHAAAAVdAAG Kevin                                                                                                                                                                                
AAAcDnAAHAAAAVdAAH Trenna                                                                                                                                                                               
AAAcDnAAHAAAAVdAAI Curtis                                                                                                                                                                               
AAAcDnAAHAAAAVdAAJ Randall                                                                                                                                                                              
AAAcDnAAHAAAAVdAAK Peter                                                                                                                                                                                
AAAcDnAAHAAAAVdAAL Eleni                       .2                                                                                                                                                       
AAAcDnAAHAAAAVdAAM Ellen                       .3                                                                                                                                                       
AAAcDnAAHAAAAVdAAN Jonathon                    .3                                                                                                                                                       
AAAcDnAAHAAAAVdAAO Kimerely                   .15                                                                                                                                                       
AAAcDnAAHAAAAVdAAP Jennifer                                                                                                                                                                             
AAAcDnAAHAAAAVdAAQ Michael                                                                                                                                                                              
AAAcDnAAHAAAAVdAAR Pat                                                                                                                                                                                  
AAAcDnAAHAAAAVdAAS Shelley                                                                                                                                                                              
AAAcDnAAHAAAAVdAAT William                                                                                                                                                                              

20 rows selected.

SQL> SELECT FIRST_NAME , COMMISSION_PCT FROM EMPLOYEES ORDER BY 2;

FIRST_NAME      COMMISSION_PCT                                                                                                                                                                          
--------------- --------------                                                                                                                                                                          
Kimerely                   .15                                                                                                                                                                          
Eleni                       .2                                                                                                                                                                          
Jonathon                    .3                                                                                                                                                                          
Ellen                       .3                                                                                                                                                                          
Bruce                                                                                                                                                                                                   
Diana                                                                                                                                                                                                   
Kevin                                                                                                                                                                                                   
Trenna                                                                                                                                                                                                  
Curtis                                                                                                                                                                                                  
Randall                                                                                                                                                                                                 
Peter                                                                                                                                                                                                   
Jennifer                                                                                                                                                                                                
Michael                                                                                                                                                                                                 
Pat                                                                                                                                                                                                     
Shelley                                                                                                                                                                                                 
Alexander                                                                                                                                                                                               
Lex                                                                                                                                                                                                     
William                                                                                                                                                                                                 
Steven                                                                                                                                                                                                  
Neena                                                                                                                                                                                                   

20 rows selected.

SQL> REM BY DEFAULT NULL VALUES ARE DISPLAYED AT BOTTOM WHEN WE SORT IT IN ASCENDING ORDER. WE CAN DISPLAY IT ON TOP BY USING 'NULLS FIRST'.
SQL> 
SQL> SELECT FIRST_NAME , COMMISSION_PCT FROM EMPLOYEES ORDER BY 2 NULLS FIRST;

FIRST_NAME      COMMISSION_PCT                                                                                                                                                                          
--------------- --------------                                                                                                                                                                          
Steven                                                                                                                                                                                                  
William                                                                                                                                                                                                 
Lex                                                                                                                                                                                                     
Alexander                                                                                                                                                                                               
Bruce                                                                                                                                                                                                   
Diana                                                                                                                                                                                                   
Kevin                                                                                                                                                                                                   
Trenna                                                                                                                                                                                                  
Curtis                                                                                                                                                                                                  
Randall                                                                                                                                                                                                 
Peter                                                                                                                                                                                                   
Neena                                                                                                                                                                                                   
Shelley                                                                                                                                                                                                 
Pat                                                                                                                                                                                                     
Michael                                                                                                                                                                                                 
Jennifer                                                                                                                                                                                                
Kimerely                   .15                                                                                                                                                                          
Eleni                       .2                                                                                                                                                                          
Jonathon                    .3                                                                                                                                                                          
Ellen                       .3                                                                                                                                                                          

20 rows selected.

SQL> SELECT FIRST_NAME , COMMISSION_PCT FROM EMPLOYEES ORDER BY 2 DESC;

FIRST_NAME      COMMISSION_PCT                                                                                                                                                                          
--------------- --------------                                                                                                                                                                          
Steven                                                                                                                                                                                                  
William                                                                                                                                                                                                 
Lex                                                                                                                                                                                                     
Alexander                                                                                                                                                                                               
Bruce                                                                                                                                                                                                   
Diana                                                                                                                                                                                                   
Kevin                                                                                                                                                                                                   
Trenna                                                                                                                                                                                                  
Curtis                                                                                                                                                                                                  
Randall                                                                                                                                                                                                 
Peter                                                                                                                                                                                                   
Neena                                                                                                                                                                                                   
Shelley                                                                                                                                                                                                 
Pat                                                                                                                                                                                                     
Michael                                                                                                                                                                                                 
Jennifer                                                                                                                                                                                                
Jonathon                    .3                                                                                                                                                                          
Ellen                       .3                                                                                                                                                                          
Eleni                       .2                                                                                                                                                                          
Kimerely                   .15                                                                                                                                                                          

20 rows selected.

SQL> SELECT FIRST_NAME , COMMISSION_PCT FROM EMPLOYEES ORDER BY 2 DESC NULLS LAST;

FIRST_NAME      COMMISSION_PCT                                                                                                                                                                          
--------------- --------------                                                                                                                                                                          
Jonathon                    .3                                                                                                                                                                          
Ellen                       .3                                                                                                                                                                          
Eleni                       .2                                                                                                                                                                          
Kimerely                   .15                                                                                                                                                                          
Bruce                                                                                                                                                                                                   
Diana                                                                                                                                                                                                   
Kevin                                                                                                                                                                                                   
Trenna                                                                                                                                                                                                  
Curtis                                                                                                                                                                                                  
Randall                                                                                                                                                                                                 
Peter                                                                                                                                                                                                   
Jennifer                                                                                                                                                                                                
Michael                                                                                                                                                                                                 
Pat                                                                                                                                                                                                     
Shelley                                                                                                                                                                                                 
Alexander                                                                                                                                                                                               
Lex                                                                                                                                                                                                     
William                                                                                                                                                                                                 
Steven                                                                                                                                                                                                  
Neena                                                                                                                                                                                                   

20 rows selected.

SQL> REM INSTR : TO FIND POSITION OF CHARACTER/WORD WITHIN WORD/SENTENCE.
SQL> 
SQL> SELECT INSTR('NEELKAMAL','A') FROM DUAL;

INSTR('NEELKAMAL','A')                                                                                                                                                                                  
----------------------                                                                                                                                                                                  
                     6                                                                                                                                                                                  

SQL> SELECT INSTR('NEELKAMAL','L') FROM DUAL;

INSTR('NEELKAMAL','L')                                                                                                                                                                                  
----------------------                                                                                                                                                                                  
                     4                                                                                                                                                                                  

SQL> SELECT INSTR('NEELKAMAL','l') FROM DUAL;

INSTR('NEELKAMAL','L')                                                                                                                                                                                  
----------------------                                                                                                                                                                                  
                     0                                                                                                                                                                                  

SQL> SELECT INSTR('NEELKAMAL','L',6) FROM DUAL;

INSTR('NEELKAMAL','L',6)                                                                                                                                                                                
------------------------                                                                                                                                                                                
                       9                                                                                                                                                                                

SQL> SELECT INSTR('NEELKAMAL','L',-2) FROM DUAL;

INSTR('NEELKAMAL','L',-2)                                                                                                                                                                               
-------------------------                                                                                                                                                                               
                        4                                                                                                                                                                               

SQL> SELECT INSTR('NEELKAMAL','L',2,2) FROM DUAL;

INSTR('NEELKAMAL','L',2,2)                                                                                                                                                                              
--------------------------                                                                                                                                                                              
                         9                                                                                                                                                                              

SQL> SELECT INSTR('NEELKAMAL','A', 2, 2) FROM DUAL;

INSTR('NEELKAMAL','A',2,2)                                                                                                                                                                              
--------------------------                                                                                                                                                                              
                         8                                                                                                                                                                              

SQL> SELECT INSTR('NEELKAMAL','A', -2) FROM DUAL;

INSTR('NEELKAMAL','A',-2)                                                                                                                                                                               
-------------------------                                                                                                                                                                               
                        8                                                                                                                                                                               

SQL> SELECT * FROM EMPLOYEES;

EMPLOYEE_ID FIRST_NAME      LAST_NAME       EMAIL      PHONE_NUMBER         HIRE_DATE JOB_ID         SALARY COMMISSION_PCT MANAGER_ID DEPARTMENT_ID                                                     
----------- --------------- --------------- ---------- -------------------- --------- ---------- ---------- -------------- ---------- -------------                                                     
        100 Steven          King            SKING      515.123.4567         17-JUL-87 AD_PRES         24000                                      90                                                     
        101 Neena           Kochhar         NKOCHHAR   515.123.4568         21-SEP-89 AD_VP           17000                       100            90                                                     
        102 Lex             De Haan         LDEHAAN    515.123.4569         13-JAN-93 AD_VP           17000                       100            90                                                     
        103 Alexander       Hunold          AHUNOLD    590.423.4567         03-JAN-90 IT_PROG          9000                       102            60                                                     
        104 Bruce           Ernst           BERNST     590.423.4568         21-MAY-91 IT_PROG          6000                       103            60                                                     
        107 Diana           Lorentz         DLORENTZ   590.423.5567         07-FEB-99 IT_PROG          4200                       103            60                                                     
        124 Kevin           Mourgos         KMOURGOS   650.123.5234         16-NOV-99 ST_MAN           5800                       100            50                                                     
        141 Trenna          Rajs            TRAJS      650.121.8009         17-OCT-95 ST_CLERK         3500                       124            50                                                     
        142 Curtis          Davies          CDAVIES    650.121.2994         29-JAN-97 ST_CLERK         3100                       124            50                                                     
        143 Randall         Matos           RMATOS     650.121.2874         15-MAR-98 ST_CLERK         2600                       124            50                                                     
        144 Peter           Vargas                     650.121.2004         09-JUL-98 ST_CLERK         2500                       124            50                                                     
        149 Eleni           Zlotkey         EZLOTKEY   011.44.1344.429018   29-JAN-00 SA_MAN          10500             .2        100            80                                                     
        174 Ellen           Abel            EABEL      011.44.1644.429267   11-MAY-96 SA_REP          11000             .3        149            80                                                     
        176 Jonathon        Taylor          JTAYLOR    011.44.1644.429265   24-MAR-98 SA_REP           8600             .3        149            80                                                     
        178 Kimerely        Grant           KGRANT     011.44.1644.429263   24-MAY-99 SA_REP           7000            .15        149                                                                   
        200 Jennifer        Whalen          JWHALEN    515.123.4444         17-SEP-87 AD_ASST          4400                       101            10                                                     
        201 Michael         Hartstein       MHARTSTE   515.123.5555         17-FEB-96 MK_MAN          13000                       100            20                                                     
        202 Pat             Fay             PFAY       603.123.6666         17-AUG-97 MK_REP           6000                       201            20                                                     
        205 Shelley         Higgins         SHIGGINS   515.123.8080         07-JUN-94 AC_MGR          12000                       101           110                                                     
        206 William         Gietz           WGIETZ     515.123.8181         07-JUN-94 AC_ACCOUNT       8300                       205           110                                                     

20 rows selected.

SQL> REM 1 DISPLAY THOSE WHO WERE HIRED IN YEAR 98.
SQL> 
SQL> REM 2 DISPLAY THOSE FIRST_NAME WHICH CONTAINS 'o'
SQL> 
SQL> REM 3 DISPLAY THOSE LAST_NAME WHCH ENDS WITH 'a'
SQL> 
SQL> REM 4 DISPLAY THOSE PHONE_NUMBER WHICH HAS ATLEAST 3 DOTS.
SQL> 
SQL> REM 5 DISPLAY THOSE FIRST_NAME WHICH CONTAINS ATLEAST 2 'e'
SQL> 
SQL> 
SQL> 
SQL> 
SQL> REM 1 DISPLAY THOSE WHO WERE HIRED IN YEAR 98.
SQL> 
SQL> SELECT FIRST_NAME , HIRE_DATE FROM EMPLOYEES WHERE HIRE_DATE LIKE '%98';

FIRST_NAME      HIRE_DATE                                                                                                                                                                               
--------------- ---------                                                                                                                                                                               
Randall         15-MAR-98                                                                                                                                                                               
Peter           09-JUL-98                                                                                                                                                                               
Jonathon        24-MAR-98                                                                                                                                                                               

SQL> SELECT FIRST_NAME , HIRE_DATE FROM EMPLOYEES WHERE INSTR(HIRE_DATE ,'98' > 0;
SELECT FIRST_NAME , HIRE_DATE FROM EMPLOYEES WHERE INSTR(HIRE_DATE ,'98' > 0
                                                                         *
ERROR at line 1:
ORA-00907: missing right parenthesis 


SQL> SELECT FIRST_NAME , HIRE_DATE FROM EMPLOYEES WHERE INSTR(HIRE_DATE ,'98') > 0;

FIRST_NAME      HIRE_DATE                                                                                                                                                                               
--------------- ---------                                                                                                                                                                               
Randall         15-MAR-98                                                                                                                                                                               
Peter           09-JUL-98                                                                                                                                                                               
Jonathon        24-MAR-98                                                                                                                                                                               

SQL> SELECT FIRST_NAME , HIRE_DATE FROM EMPLOYEES WHERE INSTR(HIRE_DATE ,'98') = 8;

FIRST_NAME      HIRE_DATE                                                                                                                                                                               
--------------- ---------                                                                                                                                                                               
Randall         15-MAR-98                                                                                                                                                                               
Peter           09-JUL-98                                                                                                                                                                               
Jonathon        24-MAR-98                                                                                                                                                                               

SQL> REM 2 DISPLAY THOSE FIRST_NAME WHICH CONTAINS 'o'
SQL> 
SQL> SELECT FIRST_NAME FROM EMPLOYEES WHERE FIRST_NAME LIKE '%o%';

FIRST_NAME                                                                                                                                                                                              
---------------                                                                                                                                                                                         
Jonathon                                                                                                                                                                                                

SQL> SELECT FIRST_NAME FROM EMPLOYEES WHERE INSTR(FIRST_NAME ,'o') > 0;

FIRST_NAME                                                                                                                                                                                              
---------------                                                                                                                                                                                         
Jonathon                                                                                                                                                                                                

SQL> REM 3 DISPLAY THOSE FIRST_NAME WHCH ENDS WITH 'a'
SQL> 
SQL> SELECT FIRST_NAME FROM EMPLOYEES WHERE FIRST_NAME LIKE '%a';

FIRST_NAME                                                                                                                                                                                              
---------------                                                                                                                                                                                         
Neena                                                                                                                                                                                                   
Diana                                                                                                                                                                                                   
Trenna                                                                                                                                                                                                  

SQL> SELECT FIRST_NAME FROM EMPLOYEES WHERE INSTR(FIRST_NAME ,'a') = LENGTH(FIRST_NAME);

FIRST_NAME                                                                                                                                                                                              
---------------                                                                                                                                                                                         
Neena                                                                                                                                                                                                   
Trenna                                                                                                                                                                                                  

SQL> SELECT FIRST_NAME FROM EMPLOYEES WHERE INSTR(FIRST_NAME ,'a',-1) = LENGTH(FIRST_NAME);

FIRST_NAME                                                                                                                                                                                              
---------------                                                                                                                                                                                         
Neena                                                                                                                                                                                                   
Diana                                                                                                                                                                                                   
Trenna                                                                                                                                                                                                  

SQL> REM 4 DISPLAY THOSE PHONE_NUMBER WHICH HAS ATLEAST 3 DOTS.
SQL> 
SQL> SELECT PHONE_NUMBER FROM EMPLOYEES WHERE PHONE_NUMBER LIKE '%.%.%.%';

PHONE_NUMBER                                                                                                                                                                                            
--------------------                                                                                                                                                                                    
011.44.1344.429018                                                                                                                                                                                      
011.44.1644.429267                                                                                                                                                                                      
011.44.1644.429265                                                                                                                                                                                      
011.44.1644.429263                                                                                                                                                                                      

SQL> SELECT PHONE_NUMBER FROM EMPLOYEES WHERE INSTR(PHONE_NUMBER,'.',1,3) != 0 ;

PHONE_NUMBER                                                                                                                                                                                            
--------------------                                                                                                                                                                                    
011.44.1344.429018                                                                                                                                                                                      
011.44.1644.429267                                                                                                                                                                                      
011.44.1644.429265                                                                                                                                                                                      
011.44.1644.429263                                                                                                                                                                                      

SQL> REM 5 DISPLAY THOSE FIRST_NAME WHICH CONTAINS ATLEAST 2 'e'
SQL> 
SQL> SELECT FIRST_NAME FROM EMPLOYEES WHERE LOWER(FIRST_NAME) LIKE '%e%e%';

FIRST_NAME                                                                                                                                                                                              
---------------                                                                                                                                                                                         
Steven                                                                                                                                                                                                  
Neena                                                                                                                                                                                                   
Alexander                                                                                                                                                                                               
Peter                                                                                                                                                                                                   
Eleni                                                                                                                                                                                                   
Ellen                                                                                                                                                                                                   
Kimerely                                                                                                                                                                                                
Jennifer                                                                                                                                                                                                
Shelley                                                                                                                                                                                                 

9 rows selected.

SQL> SELECT FIRST_NAME FROM EMPLOYEES WHERE INSTR(LOWER(FIRST_NAME),'e',1,2) > 0;

FIRST_NAME                                                                                                                                                                                              
---------------                                                                                                                                                                                         
Steven                                                                                                                                                                                                  
Neena                                                                                                                                                                                                   
Alexander                                                                                                                                                                                               
Peter                                                                                                                                                                                                   
Eleni                                                                                                                                                                                                   
Ellen                                                                                                                                                                                                   
Kimerely                                                                                                                                                                                                
Jennifer                                                                                                                                                                                                
Shelley                                                                                                                                                                                                 

9 rows selected.

SQL> REM LOWER UPPER INITCAP  CONCAT LPAD RPAD LTRIM RTRIM TRIM LENGTH TRANSLATE REPLACE SUBSTR INSTR
SQL> 
SQL> REM NUMBER FUNCTIONS :  POWER SQRT   MOD   FLOOR CEIL    TRUNC ROUND
SQL> 
SQL> REM POWER :
SQL> 
SQL> SELECT POEWR (4,2) FROM DUAL;
SELECT POEWR (4,2) FROM DUAL
       *
ERROR at line 1:
ORA-00904: "POEWR": invalid identifier 


SQL> SELECT POWER (4,2) FROM DUAL;

POWER(4,2)                                                                                                                                                                                              
----------                                                                                                                                                                                              
        16                                                                                                                                                                                              

SQL> SELECT POWER (4,3) FROM DUAL;

POWER(4,3)                                                                                                                                                                                              
----------                                                                                                                                                                                              
        64                                                                                                                                                                                              

SQL> SELECT POWER (4,4) FROM DUAL;

POWER(4,4)                                                                                                                                                                                              
----------                                                                                                                                                                                              
       256                                                                                                                                                                                              

SQL> SELECT POWER (4,5) FROM DUAL;

POWER(4,5)                                                                                                                                                                                              
----------                                                                                                                                                                                              
      1024                                                                                                                                                                                              

SQL> SELECT POWER (4,6) FROM DUAL;

POWER(4,6)                                                                                                                                                                                              
----------                                                                                                                                                                                              
      4096                                                                                                                                                                                              

SQL> SELECT POWER (4,7) FROM DUAL;

POWER(4,7)                                                                                                                                                                                              
----------                                                                                                                                                                                              
     16384                                                                                                                                                                                              

SQL> SELECT POWER(64,1/2) FROM DUAL;

POWER(64,1/2)                                                                                                                                                                                           
-------------                                                                                                                                                                                           
            8                                                                                                                                                                                           

SQL> SELECT POWER(64,1/3) FROM DUAL;

POWER(64,1/3)                                                                                                                                                                                           
-------------                                                                                                                                                                                           
            4                                                                                                                                                                                           

SQL> SELECT POWER (4.34,2) FROM DUAL;

POWER(4.34,2)                                                                                                                                                                                           
-------------                                                                                                                                                                                           
      18.8356                                                                                                                                                                                           

SQL> SELECT POWER (4.34,2.65) FROM DUAL;

POWER(4.34,2.65)                                                                                                                                                                                        
----------------                                                                                                                                                                                        
      48.9043829                                                                                                                                                                                        

SQL> SELECT POWER (-4,2) FROM DUAL;

POWER(-4,2)                                                                                                                                                                                             
-----------                                                                                                                                                                                             
         16                                                                                                                                                                                             

SQL> SELECT POWER (-4,3) FROM DUAL;

POWER(-4,3)                                                                                                                                                                                             
-----------                                                                                                                                                                                             
        -64                                                                                                                                                                                             

SQL> SELECT POWER (-4,2.3) FROM DUAL;
SELECT POWER (-4,2.3) FROM DUAL
              *
ERROR at line 1:
ORA-01428: argument '-4' is out of range 


SQL> SELECT POWER (2,-2) FROM DUAL;

POWER(2,-2)                                                                                                                                                                                             
-----------                                                                                                                                                                                             
        .25                                                                                                                                                                                             

SQL> SELECT 1/POWER (2,2) FROM DUAL;

1/POWER(2,2)                                                                                                                                                                                            
------------                                                                                                                                                                                            
         .25                                                                                                                                                                                            

SQL> REM SQRT :
SQL> 
SQL> SELECT POWER(36,1/2) , SQRT(36) FROM DUAL;

POWER(36,1/2)   SQRT(36)                                                                                                                                                                                
------------- ----------                                                                                                                                                                                
            6          6                                                                                                                                                                                

SQL> SELECT SQRT(36.45) FROM DUAL;

SQRT(36.45)                                                                                                                                                                                             
-----------                                                                                                                                                                                             
 6.03738354                                                                                                                                                                                             

SQL> SELECT SQRT(35) FROM DUAL;

  SQRT(35)                                                                                                                                                                                              
----------                                                                                                                                                                                              
5.91607978                                                                                                                                                                                              

SQL> SELECT POWER(POWER(8,2),1/3) FROM DUAL;

POWER(POWER(8,2),1/3)                                                                                                                                                                                   
---------------------                                                                                                                                                                                   
                    4                                                                                                                                                                                   

SQL> SELECT POWER(POWER(8,1/3),SQRT(16)) FROM DUAL;

POWER(POWER(8,1/3),SQRT(16))                                                                                                                                                                            
----------------------------                                                                                                                                                                            
                          16                                                                                                                                                                            

SQL> REM MOD : MODULUS : TO FIND REMAINDER
SQL> 
SQL> SELECT MOD(8,5) FROM DUAL;

  MOD(8,5)                                                                                                                                                                                              
----------                                                                                                                                                                                              
         3                                                                                                                                                                                              

SQL> SELECT MOD(18,5) FROM DUAL;

 MOD(18,5)                                                                                                                                                                                              
----------                                                                                                                                                                                              
         3                                                                                                                                                                                              

SQL> SELECT MOD(18,4) FROM DUAL;

 MOD(18,4)                                                                                                                                                                                              
----------                                                                                                                                                                                              
         2                                                                                                                                                                                              

SQL> SELECT MOD(18,3) FROM DUAL;

 MOD(18,3)                                                                                                                                                                                              
----------                                                                                                                                                                                              
         0                                                                                                                                                                                              

SQL> SELECT MOD(18,-6) FROM DUAL;

MOD(18,-6)                                                                                                                                                                                              
----------                                                                                                                                                                                              
         0                                                                                                                                                                                              

SQL> SELECT MOD(-18,5) FROM DUAL;

MOD(-18,5)                                                                                                                                                                                              
----------                                                                                                                                                                                              
        -3                                                                                                                                                                                              

SQL> SELECT MOD(18,-5) FROM DUAL;

MOD(18,-5)                                                                                                                                                                                              
----------                                                                                                                                                                                              
         3                                                                                                                                                                                              

SQL> SELECT MOD(-18,-5) FROM DUAL;

MOD(-18,-5)                                                                                                                                                                                             
-----------                                                                                                                                                                                             
         -3                                                                                                                                                                                             

SQL> SELECT MOD(0,0) FROM DUAL;

  MOD(0,0)                                                                                                                                                                                              
----------                                                                                                                                                                                              
         0                                                                                                                                                                                              

SQL> SELECT MOD(1,0) FROM DUAL;

  MOD(1,0)                                                                                                                                                                                              
----------                                                                                                                                                                                              
         1                                                                                                                                                                                              

SQL> SELECT MOD(0,1) FROM DUAL;

  MOD(0,1)                                                                                                                                                                                              
----------                                                                                                                                                                                              
         0                                                                                                                                                                                              

SQL> SELECT POWER(MOD(26,10),SQRT(4)) FROM DUAL;

POWER(MOD(26,10),SQRT(4))                                                                                                                                                                               
-------------------------                                                                                                                                                                               
                       36                                                                                                                                                                               

SQL> SELECT POWER(SQRT(81),MOD(13,5)) FROM DUAL;

POWER(SQRT(81),MOD(13,5))                                                                                                                                                                               
-------------------------                                                                                                                                                                               
                      729                                                                                                                                                                               

SQL> SELECT POWER(MOD(20,6),SQRT(36)) FROM DUAL;

POWER(MOD(20,6),SQRT(36))                                                                                                                                                                               
-------------------------                                                                                                                                                                               
                       64                                                                                                                                                                               

SQL> 
SQL> SPOOL OFF
