SQL> 
SQL> REM TYPES OF SINGLE ROW FUNCTIONS : 1 CHARACTER 2 NUMBER 3 DATE (CHAPTER 3)
SQL> 
SQL> REM TYPES OF SINGLE ROW FUNCTIONS : 4 CONVERSION 5 GENERAL (CHAPTER 4)
SQL> 
SQL> REM TYPES OF GENERAL FUNCTIONS :
SQL> 
SQL> REM 1 NULL RELATED 2 CONDITIONAL
SQL> 
SQL> REM LIST OF NULL RELATED FUNCTIONS : 1 NVL 2 NVL2 3 NULLIF 4 COALESCE
SQL> 
SQL> 
SQL> 
SQL> REM NVL : IS USED TO REPLACE NULL VALUE WITH OTHER VALUE
SQL> 
SQL> REM IT ACCEPTS EXACTLY TWO ARGUMENTS.
SQL> 
SQL> REM IT WILL CHECK FOR FIRST ARGUMENT, IF IT IS NULL, IT WILL GET REPLACED WITH SECOND ARGUMENT.
SQL> 
SQL> REM IF DATA TYPE OF FIRST ARGUMENT IS CHARACTER, DATA TYPE OF SECOND ARGUMENT MAY BY ANY.
SQL> 
SQL> REM IF DATA TYPE OF FIRST ARGUMENT IS NON-CHARACTER, DATA TYPES OF BOTH ARGUMENTS MUST MATCH.
SQL> 
SQL> 
SQL> REM DISPLAY COMMISSION_PCT COLUMN IN SUCH A WAY THAT IT SHOULD NOT DISPLAY NULL, BUT DISPLAY 0.
SQL> 
SQL> SELECT COMMISSION_PCT , NVL(COMMISSION_PCT , 0) NEW_COMM_PCT FROM EMPLOYEES;

COMMISSION_PCT NEW_COMM_PCT                                                                                                                                                                             
-------------- ------------                                                                                                                                                                             
                          0                                                                                                                                                                             
                          0                                                                                                                                                                             
                          0                                                                                                                                                                             
                          0                                                                                                                                                                             
                          0                                                                                                                                                                             
                          0                                                                                                                                                                             
                          0                                                                                                                                                                             
                          0                                                                                                                                                                             
                          0                                                                                                                                                                             
                          0                                                                                                                                                                             
                          0                                                                                                                                                                             
            .2           .2                                                                                                                                                                             
            .3           .3                                                                                                                                                                             
            .3           .3                                                                                                                                                                             
           .15          .15                                                                                                                                                                             
                          0                                                                                                                                                                             
                          0                                                                                                                                                                             
                          0                                                                                                                                                                             
                          0                                                                                                                                                                             
                          0                                                                                                                                                                             

20 rows selected.

SQL> REM COMPANY DECLARES .12 COMMISSION FOR THOSE WHO DO NOT GET COMMISSION.
SQL> 
SQL> SELECT COMMISSION_PCT , NVL( COMMISSION_PCT , .12 ) NEW_COMM_PCT FROM EMPLOYEES;

COMMISSION_PCT NEW_COMM_PCT                                                                                                                                                                             
-------------- ------------                                                                                                                                                                             
                        .12                                                                                                                                                                             
                        .12                                                                                                                                                                             
                        .12                                                                                                                                                                             
                        .12                                                                                                                                                                             
                        .12                                                                                                                                                                             
                        .12                                                                                                                                                                             
                        .12                                                                                                                                                                             
                        .12                                                                                                                                                                             
                        .12                                                                                                                                                                             
                        .12                                                                                                                                                                             
                        .12                                                                                                                                                                             
            .2           .2                                                                                                                                                                             
            .3           .3                                                                                                                                                                             
            .3           .3                                                                                                                                                                             
           .15          .15                                                                                                                                                                             
                        .12                                                                                                                                                                             
                        .12                                                                                                                                                                             
                        .12                                                                                                                                                                             
                        .12                                                                                                                                                                             
                        .12                                                                                                                                                                             

20 rows selected.

SQL> REM DISPLAY COMMISSION_PCT COLUMN IN SUCH A WAY THAT IT SHOULD NOT DISPLAY NULL, BUT DISPLAY ZERO.
SQL> 
SQL> SELECT COMMISSION_PCT , NVL(COMMISSION_PCT , ZERO) NEW_COMM_PCT FROM EMPLOYEES;
SELECT COMMISSION_PCT , NVL(COMMISSION_PCT , ZERO) NEW_COMM_PCT FROM EMPLOYEES
                                             *
ERROR at line 1:
ORA-00904: "ZERO": invalid identifier 


SQL> SELECT COMMISSION_PCT , NVL(COMMISSION_PCT , 'ZERO') NEW_COMM_PCT FROM EMPLOYEES;
SELECT COMMISSION_PCT , NVL(COMMISSION_PCT , 'ZERO') NEW_COMM_PCT FROM EMPLOYEES
                                             *
ERROR at line 1:
ORA-01722: invalid number 


SQL> SELECT COMMISSION_PCT , NVL(TO_CHAR(COMMISSION_PCT) , 'ZERO') NEW_COMM_PCT FROM EMPLOYEES;

COMMISSION_PCT NEW_COMM_PCT                                                                                                                                                                             
-------------- ----------------------------------------                                                                                                                                                 
               ZERO                                                                                                                                                                                     
               ZERO                                                                                                                                                                                     
               ZERO                                                                                                                                                                                     
               ZERO                                                                                                                                                                                     
               ZERO                                                                                                                                                                                     
               ZERO                                                                                                                                                                                     
               ZERO                                                                                                                                                                                     
               ZERO                                                                                                                                                                                     
               ZERO                                                                                                                                                                                     
               ZERO                                                                                                                                                                                     
               ZERO                                                                                                                                                                                     
            .2 .2                                                                                                                                                                                       
            .3 .3                                                                                                                                                                                       
            .3 .3                                                                                                                                                                                       
           .15 .15                                                                                                                                                                                      
               ZERO                                                                                                                                                                                     
               ZERO                                                                                                                                                                                     
               ZERO                                                                                                                                                                                     
               ZERO                                                                                                                                                                                     
               ZERO                                                                                                                                                                                     

20 rows selected.

SQL> SELECT * FROM EMPLOYEES;

EMPLOYEE_ID FIRST_NAME      LAST_NAME       EMAIL      PHONE_NUMBER         HIRE_DATE JOB_ID         SALARY COMMISSION_PCT MANAGER_ID DEPARTMENT_ID                                                     
----------- --------------- --------------- ---------- -------------------- --------- ---------- ---------- -------------- ---------- -------------                                                     
        100 Steven          King            SKING      515.123.4567         17-JUL-87 AD_PRES         24000                                      90                                                     
        101 Neena           Kochhar         NKOCHHAR   515.123.4568         21-SEP-89 AD_VP           17000                       100            90                                                     
        102 Lex             De Haan         LDEHAAN    515.123.4569         13-JAN-93 AD_VP           17000                       100            90                                                     
        103 Alexander       Hunold          AHUNOLD    590.423.4567         03-JAN-90 IT_PROG          9000                       102            60                                                     
        104 Bruce           Ernst           BERNST     590.423.4568         21-MAY-91 IT_PROG          6000                       103            60                                                     
        107 Diana           Lorentz         DLORENTZ   590.423.5567         07-FEB-99 IT_PROG          4200                       103            60                                                     
        124 Kevin           Mourgos         KMOURGOS   650.123.5234         16-NOV-99 ST_MAN           5800                       100            50                                                     
        141 Trenna          Rajs            TRAJS      650.121.8009         17-OCT-95 ST_CLERK         3500                       124            50                                                     
        142 Curtis          Davies          CDAVIES    650.121.2994         29-JAN-97 ST_CLERK         3100                       124            50                                                     
        143 Randall         Matos           RMATOS     650.121.2874         15-MAR-98 ST_CLERK         2600                       124            50                                                     
        144 Peter           Vargas                     650.121.2004         09-JUL-98 ST_CLERK         2500                       124            50                                                     
        149 Eleni           Zlotkey         EZLOTKEY   011.44.1344.429018   29-JAN-00 SA_MAN          10500             .2        100            80                                                     
        174 Ellen           Abel            EABEL      011.44.1644.429267   11-MAY-96 SA_REP          11000             .3        149            80                                                     
        176 Jonathon        Taylor          JTAYLOR    011.44.1644.429265   24-MAR-98 SA_REP           8600             .3        149            80                                                     
        178 Kimerely        Grant           KGRANT     011.44.1644.429263   24-MAY-99 SA_REP           7000            .15        149                                                                   
        200 Jennifer        Whalen          JWHALEN    515.123.4444         17-SEP-87 AD_ASST          4400                       101            10                                                     
        201 Michael         Hartstein       MHARTSTE   515.123.5555         17-FEB-96 MK_MAN          13000                       100            20                                                     
        202 Pat             Fay             PFAY       603.123.6666         17-AUG-97 MK_REP           6000                       201            20                                                     
        205 Shelley         Higgins         SHIGGINS   515.123.8080         07-JUN-94 AC_MGR          12000                       101           110                                                     
        206 William         Gietz           WGIETZ     515.123.8181         07-JUN-94 AC_ACCOUNT       8300                       205           110                                                     

20 rows selected.

SQL> 
SQL> REM 1 COMPANY DECLARES .18 COMMISSION_PCT FOR THOSE WHO DO NOT GET COMMISSION.
SQL> 
SQL> REM 2 DISPLAY SYSDATE IF EMAIL IS NULL.
SQL> 
SQL> REM 3 DISPLAY 'BOSS' IF EMPLOYEE IS NOT REPORTING TO ANY BODY.
SQL> 
SQL> REM 4 DISPLAY 'YET NOT DECIDED' IF DEPARTMENT_ID IS STILL NOT FIXED.
SQL> 
SQL> 
SQL> 
SQL> 
SQL> REM 1 COMPANY DECLARES .18 COMMISSION_PCT FOR THOSE WHO DO NOT GET COMMISSION.
SQL> 
SQL> SELECT COMMISSION_PCT , NVL(COMMISSION_PCT,.18) NEW_COMM_PCT FROM EMPLOYEES;

COMMISSION_PCT NEW_COMM_PCT                                                                                                                                                                             
-------------- ------------                                                                                                                                                                             
                        .18                                                                                                                                                                             
                        .18                                                                                                                                                                             
                        .18                                                                                                                                                                             
                        .18                                                                                                                                                                             
                        .18                                                                                                                                                                             
                        .18                                                                                                                                                                             
                        .18                                                                                                                                                                             
                        .18                                                                                                                                                                             
                        .18                                                                                                                                                                             
                        .18                                                                                                                                                                             
                        .18                                                                                                                                                                             
            .2           .2                                                                                                                                                                             
            .3           .3                                                                                                                                                                             
            .3           .3                                                                                                                                                                             
           .15          .15                                                                                                                                                                             
                        .18                                                                                                                                                                             
                        .18                                                                                                                                                                             
                        .18                                                                                                                                                                             
                        .18                                                                                                                                                                             
                        .18                                                                                                                                                                             

20 rows selected.

SQL> REM 2 DISPLAY SYSDATE IF EMAIL IS NULL.
SQL> 
SQL> SELECT COMMISSION_PCT , NVL(COMMISSION_PCT,0.18) NEW_COMM_PCT FROM EMPLOYEES;

COMMISSION_PCT NEW_COMM_PCT                                                                                                                                                                             
-------------- ------------                                                                                                                                                                             
                        .18                                                                                                                                                                             
                        .18                                                                                                                                                                             
                        .18                                                                                                                                                                             
                        .18                                                                                                                                                                             
                        .18                                                                                                                                                                             
                        .18                                                                                                                                                                             
                        .18                                                                                                                                                                             
                        .18                                                                                                                                                                             
                        .18                                                                                                                                                                             
                        .18                                                                                                                                                                             
                        .18                                                                                                                                                                             
            .2           .2                                                                                                                                                                             
            .3           .3                                                                                                                                                                             
            .3           .3                                                                                                                                                                             
           .15          .15                                                                                                                                                                             
                        .18                                                                                                                                                                             
                        .18                                                                                                                                                                             
                        .18                                                                                                                                                                             
                        .18                                                                                                                                                                             
                        .18                                                                                                                                                                             

20 rows selected.

SQL> REM 2 DISPLAY SYSDATE IF EMAIL IS NULL.
SQL> 
SQL> SELECT EMAIL , NVL(EMAIL , SYSDATE) FROM EMPLOYEES;

EMAIL      NVL(EMAIL,SYSDATE)                                                                                                                                                                           
---------- ------------------                                                                                                                                                                           
SKING      SKING                                                                                                                                                                                        
NKOCHHAR   NKOCHHAR                                                                                                                                                                                     
LDEHAAN    LDEHAAN                                                                                                                                                                                      
AHUNOLD    AHUNOLD                                                                                                                                                                                      
BERNST     BERNST                                                                                                                                                                                       
DLORENTZ   DLORENTZ                                                                                                                                                                                     
KMOURGOS   KMOURGOS                                                                                                                                                                                     
TRAJS      TRAJS                                                                                                                                                                                        
CDAVIES    CDAVIES                                                                                                                                                                                      
RMATOS     RMATOS                                                                                                                                                                                       
           13-MAR-24                                                                                                                                                                                    
EZLOTKEY   EZLOTKEY                                                                                                                                                                                     
EABEL      EABEL                                                                                                                                                                                        
JTAYLOR    JTAYLOR                                                                                                                                                                                      
KGRANT     KGRANT                                                                                                                                                                                       
JWHALEN    JWHALEN                                                                                                                                                                                      
MHARTSTE   MHARTSTE                                                                                                                                                                                     
PFAY       PFAY                                                                                                                                                                                         
SHIGGINS   SHIGGINS                                                                                                                                                                                     
WGIETZ     WGIETZ                                                                                                                                                                                       

20 rows selected.

SQL> REM 3 DISPLAY 'BOSS' IF EMPLOYEE IS NOT REPORTING TO ANY BODY.
SQL> 
SQL> SELECT MANAGER_ID , NVL(TO_CHAR(MANAGER_ID),'BOSS') FROM EMPLOYEES;

MANAGER_ID NVL(TO_CHAR(MANAGER_ID),'BOSS')                                                                                                                                                              
---------- ----------------------------------------                                                                                                                                                     
           BOSS                                                                                                                                                                                         
       100 100                                                                                                                                                                                          
       100 100                                                                                                                                                                                          
       102 102                                                                                                                                                                                          
       103 103                                                                                                                                                                                          
       103 103                                                                                                                                                                                          
       100 100                                                                                                                                                                                          
       124 124                                                                                                                                                                                          
       124 124                                                                                                                                                                                          
       124 124                                                                                                                                                                                          
       124 124                                                                                                                                                                                          
       100 100                                                                                                                                                                                          
       149 149                                                                                                                                                                                          
       149 149                                                                                                                                                                                          
       149 149                                                                                                                                                                                          
       101 101                                                                                                                                                                                          
       100 100                                                                                                                                                                                          
       201 201                                                                                                                                                                                          
       101 101                                                                                                                                                                                          
       205 205                                                                                                                                                                                          

20 rows selected.

SQL> REM 4 DISPLAY 'YET NOT DECIDED' IF DEPARTMENT_ID IS STILL NOT FIXED.
SQL> 
SQL> SELECT DEPARTMENT_ID , NVL(TO_CHAR(DEPARTMENT_ID),'YET NOT DECIDED') FROM EMPLOYEE;
SELECT DEPARTMENT_ID , NVL(TO_CHAR(DEPARTMENT_ID),'YET NOT DECIDED') FROM EMPLOYEE
                                                                          *
ERROR at line 1:
ORA-00942: table or view does not exist 


SQL> SELECT DEPARTMENT_ID , NVL(TO_CHAR(DEPARTMENT_ID),'YET NOT DECIDED') FROM EMPLOYEE;
SELECT DEPARTMENT_ID , NVL(TO_CHAR(DEPARTMENT_ID),'YET NOT DECIDED') FROM EMPLOYEE
                                                                          *
ERROR at line 1:
ORA-00942: table or view does not exist 


SQL> SELECT DEPARTMENT_ID , NVL(TO_CHAR(DEPARTMENT_ID),'YET NOT DECIDED') FROM EMPLOYEES;

DEPARTMENT_ID NVL(TO_CHAR(DEPARTMENT_ID),'YETNOTDECIDE                                                                                                                                                  
------------- ----------------------------------------                                                                                                                                                  
           90 90                                                                                                                                                                                        
           90 90                                                                                                                                                                                        
           90 90                                                                                                                                                                                        
           60 60                                                                                                                                                                                        
           60 60                                                                                                                                                                                        
           60 60                                                                                                                                                                                        
           50 50                                                                                                                                                                                        
           50 50                                                                                                                                                                                        
           50 50                                                                                                                                                                                        
           50 50                                                                                                                                                                                        
           50 50                                                                                                                                                                                        
           80 80                                                                                                                                                                                        
           80 80                                                                                                                                                                                        
           80 80                                                                                                                                                                                        
              YET NOT DECIDED                                                                                                                                                                           
           10 10                                                                                                                                                                                        
           20 20                                                                                                                                                                                        
           20 20                                                                                                                                                                                        
          110 110                                                                                                                                                                                       
          110 110                                                                                                                                                                                       

20 rows selected.

SQL> REM NVL2 : IT IS USED TO REPLACE NULL AS WELL AS NON-NULL VALUE.
SQL> 
SQL> REM NVL2 : IT ACCEPTS EXACTLY 3 ARGUMENTS.
SQL> 
SQL> REM FIRST ARGUMENT WILL BE CHECKED, IF IT HAS NULL, IT WILL GET REPLACED WITH THIRD ARGUMENT.
SQL> 
SQL> REM FIRST ARGUMENT WILL BE CHECKED, IF IT HAS NON-NULL VALUE, IT WILL GET REPLACED WITH SECOND ARGUMENT.
SQL> 
SQL> REM IF DATA TYPE OF SECOND ARGUMENT IS CHARACTER TYPE, DATA TYPE OF THIRD ARGUMENT MAY BE ANY.
SQL> 
SQL> REM IF DATA TYPE OF SECOND ARGUMENT IS NON-CHARACTER TYPE, DATA TYPES OF BOTH ARGUMENTS MUST MATCH.
SQL> 
SQL> 
SQL> 
SQL> REM DISPLAY 'YES' IF EMPLOYEE GETS COMMISSION ELSE DISPLAY 'NO.
SQL> 
SQL> SELECT COMMISSION_PCT , NVL2 ( COMMISSION_PCT , 'YES' , 'NO' ) "COMM?" FROM EMPLOYEES;

COMMISSION_PCT COM                                                                                                                                                                                      
-------------- ---                                                                                                                                                                                      
               NO                                                                                                                                                                                       
               NO                                                                                                                                                                                       
               NO                                                                                                                                                                                       
               NO                                                                                                                                                                                       
               NO                                                                                                                                                                                       
               NO                                                                                                                                                                                       
               NO                                                                                                                                                                                       
               NO                                                                                                                                                                                       
               NO                                                                                                                                                                                       
               NO                                                                                                                                                                                       
               NO                                                                                                                                                                                       
            .2 YES                                                                                                                                                                                      
            .3 YES                                                                                                                                                                                      
            .3 YES                                                                                                                                                                                      
           .15 YES                                                                                                                                                                                      
               NO                                                                                                                                                                                       
               NO                                                                                                                                                                                       
               NO                                                                                                                                                                                       
               NO                                                                                                                                                                                       
               NO                                                                                                                                                                                       

20 rows selected.

SQL> REM 1 DISPLAY DOUBLE COMMISSION_PCT IF EMPLOYEE GETS, OTHERWISE DISPLAY 'ZERO'.
SQL> 
SQL> REM 2 DISPLAY 'YES' IF EMPLOYEE GETS COMMISSION, OTHERWISE 0.
SQL> 
SQL> REM 3 DISPLAY 'EMPLOYEE' IF EMPLOYEE REPORTS SOME ONE, OTHERIWSE 'BOSS'
SQL> 
SQL> REM 4 CALCULATE COMMISSION  A M O U N T FOR ALL. IT SHOULD NOT DISPLAY NULL, INSTEAD DISPLAY 0.
SQL> 
SQL> 
SQL> 
SQL> REM 1 DISPLAY DOUBLE COMMISSION_PCT IF EMPLOYEE GETS, OTHERWISE DISPLAY 'ZERO'.
SQL> 
SQL> SELECT COMMISSION_PCT , NVL2 ( COMMISSION_PCT , TO_CHAR(COMMISSION_PCT * 2) , 'ZERO' ) FROM EMPLOYEES;

COMMISSION_PCT NVL2(COMMISSION_PCT,TO_CHAR(COMMISSION_P                                                                                                                                                 
-------------- ----------------------------------------                                                                                                                                                 
               ZERO                                                                                                                                                                                     
               ZERO                                                                                                                                                                                     
               ZERO                                                                                                                                                                                     
               ZERO                                                                                                                                                                                     
               ZERO                                                                                                                                                                                     
               ZERO                                                                                                                                                                                     
               ZERO                                                                                                                                                                                     
               ZERO                                                                                                                                                                                     
               ZERO                                                                                                                                                                                     
               ZERO                                                                                                                                                                                     
               ZERO                                                                                                                                                                                     
            .2 .4                                                                                                                                                                                       
            .3 .6                                                                                                                                                                                       
            .3 .6                                                                                                                                                                                       
           .15 .3                                                                                                                                                                                       
               ZERO                                                                                                                                                                                     
               ZERO                                                                                                                                                                                     
               ZERO                                                                                                                                                                                     
               ZERO                                                                                                                                                                                     
               ZERO                                                                                                                                                                                     

20 rows selected.

SQL> SELECT COMMISSION_PCT , NVL2 ( COMMISSION_PCT , TO_CHAR(POWER(COMMISSION_PCT , 2) , 'ZERO' ) FROM EMPLOYEES;
SELECT COMMISSION_PCT , NVL2 ( COMMISSION_PCT , TO_CHAR(POWER(COMMISSION_PCT , 2) , 'ZERO' ) FROM EMPLOYEES
                        *
ERROR at line 1:
ORA-00909: invalid number of arguments 


SQL> SELECT COMMISSION_PCT , NVL2 ( COMMISSION_PCT , TO_CHAR(POWER(COMMISSION_PCT , 2)) , 'ZERO' ) FROM EMPLOYEES;

COMMISSION_PCT NVL2(COMMISSION_PCT,TO_CHAR(POWER(COMMIS                                                                                                                                                 
-------------- ----------------------------------------                                                                                                                                                 
               ZERO                                                                                                                                                                                     
               ZERO                                                                                                                                                                                     
               ZERO                                                                                                                                                                                     
               ZERO                                                                                                                                                                                     
               ZERO                                                                                                                                                                                     
               ZERO                                                                                                                                                                                     
               ZERO                                                                                                                                                                                     
               ZERO                                                                                                                                                                                     
               ZERO                                                                                                                                                                                     
               ZERO                                                                                                                                                                                     
               ZERO                                                                                                                                                                                     
            .2 .04                                                                                                                                                                                      
            .3 .09                                                                                                                                                                                      
            .3 .09                                                                                                                                                                                      
           .15 .0225                                                                                                                                                                                    
               ZERO                                                                                                                                                                                     
               ZERO                                                                                                                                                                                     
               ZERO                                                                                                                                                                                     
               ZERO                                                                                                                                                                                     
               ZERO                                                                                                                                                                                     

20 rows selected.

SQL> REM 2 DISPLAY 'YES' IF EMPLOYEE GETS COMMISSION, OTHERWISE 0.
SQL> 
SQL> SELECT COMMISSION_PCT , NVL2 ( COMMISSION_PCT , 'YES' , 0) FROM EMPLOYEES;

COMMISSION_PCT NVL                                                                                                                                                                                      
-------------- ---                                                                                                                                                                                      
               0                                                                                                                                                                                        
               0                                                                                                                                                                                        
               0                                                                                                                                                                                        
               0                                                                                                                                                                                        
               0                                                                                                                                                                                        
               0                                                                                                                                                                                        
               0                                                                                                                                                                                        
               0                                                                                                                                                                                        
               0                                                                                                                                                                                        
               0                                                                                                                                                                                        
               0                                                                                                                                                                                        
            .2 YES                                                                                                                                                                                      
            .3 YES                                                                                                                                                                                      
            .3 YES                                                                                                                                                                                      
           .15 YES                                                                                                                                                                                      
               0                                                                                                                                                                                        
               0                                                                                                                                                                                        
               0                                                                                                                                                                                        
               0                                                                                                                                                                                        
               0                                                                                                                                                                                        

20 rows selected.

SQL> REM 3 DISPLAY 'EMPLOYEE' IF EMPLOYEE REPORTS SOME ONE, OTHERIWSE 'BOSS'
SQL> 
SQL> SELECT MANAGER_ID , NVL2 ( MANAGER_ID , 'EMPLOYEE' , 'BOSS' ) FROM EMPLOYEES;

MANAGER_ID NVL2(MAN                                                                                                                                                                                     
---------- --------                                                                                                                                                                                     
           BOSS                                                                                                                                                                                         
       100 EMPLOYEE                                                                                                                                                                                     
       100 EMPLOYEE                                                                                                                                                                                     
       102 EMPLOYEE                                                                                                                                                                                     
       103 EMPLOYEE                                                                                                                                                                                     
       103 EMPLOYEE                                                                                                                                                                                     
       100 EMPLOYEE                                                                                                                                                                                     
       124 EMPLOYEE                                                                                                                                                                                     
       124 EMPLOYEE                                                                                                                                                                                     
       124 EMPLOYEE                                                                                                                                                                                     
       124 EMPLOYEE                                                                                                                                                                                     
       100 EMPLOYEE                                                                                                                                                                                     
       149 EMPLOYEE                                                                                                                                                                                     
       149 EMPLOYEE                                                                                                                                                                                     
       149 EMPLOYEE                                                                                                                                                                                     
       101 EMPLOYEE                                                                                                                                                                                     
       100 EMPLOYEE                                                                                                                                                                                     
       201 EMPLOYEE                                                                                                                                                                                     
       101 EMPLOYEE                                                                                                                                                                                     
       205 EMPLOYEE                                                                                                                                                                                     

20 rows selected.

SQL> REM 4 CALCULATE COMMISSION  A M O U N T FOR ALL. IT SHOULD NOT DISPLAY NULL, INSTEAD DISPLAY 0.
SQL> 
SQL> SELECT SALARY , COMMISSION_PCT , NVL2 ( COMMISSION_PCT , SALARY * COMMISSION_PCT , 0) COMM_AMOUNT FROM EMPLOYEES;

    SALARY COMMISSION_PCT COMM_AMOUNT                                                                                                                                                                   
---------- -------------- -----------                                                                                                                                                                   
     24000                          0                                                                                                                                                                   
     17000                          0                                                                                                                                                                   
     17000                          0                                                                                                                                                                   
      9000                          0                                                                                                                                                                   
      6000                          0                                                                                                                                                                   
      4200                          0                                                                                                                                                                   
      5800                          0                                                                                                                                                                   
      3500                          0                                                                                                                                                                   
      3100                          0                                                                                                                                                                   
      2600                          0                                                                                                                                                                   
      2500                          0                                                                                                                                                                   
     10500             .2        2100                                                                                                                                                                   
     11000             .3        3300                                                                                                                                                                   
      8600             .3        2580                                                                                                                                                                   
      7000            .15        1050                                                                                                                                                                   
      4400                          0                                                                                                                                                                   
     13000                          0                                                                                                                                                                   
      6000                          0                                                                                                                                                                   
     12000                          0                                                                                                                                                                   
      8300                          0                                                                                                                                                                   

20 rows selected.

SQL> REM NULLIF : IT ACCEPTS EXACTLY TWO ARGUMENTS.
SQL> 
SQL> REM IT WILL CHECK FOR EQUALITY OF BOTH VALUES/ARGUMENTS.
SQL> 
SQL> REM IF BOTH ARE EQUAL, IT WILL RETURN NULL, OTHERWISE IT WILL RETURN FIRST ARGUMENT.
SQL> 
SQL> REM DATA TYPES BOTH ARGUMENT MUST MATCH.
SQL> 
SQL> 
SQL> 
SQL> SELECT * FROM EMPLOYEES;

EMPLOYEE_ID FIRST_NAME      LAST_NAME       EMAIL      PHONE_NUMBER         HIRE_DATE JOB_ID         SALARY COMMISSION_PCT MANAGER_ID DEPARTMENT_ID                                                     
----------- --------------- --------------- ---------- -------------------- --------- ---------- ---------- -------------- ---------- -------------                                                     
        100 Steven          King            SKING      515.123.4567         17-JUL-87 AD_PRES         24000                                      90                                                     
        101 Neena           Kochhar         NKOCHHAR   515.123.4568         21-SEP-89 AD_VP           17000                       100            90                                                     
        102 Lex             De Haan         LDEHAAN    515.123.4569         13-JAN-93 AD_VP           17000                       100            90                                                     
        103 Alexander       Hunold          AHUNOLD    590.423.4567         03-JAN-90 IT_PROG          9000                       102            60                                                     
        104 Bruce           Ernst           BERNST     590.423.4568         21-MAY-91 IT_PROG          6000                       103            60                                                     
        107 Diana           Lorentz         DLORENTZ   590.423.5567         07-FEB-99 IT_PROG          4200                       103            60                                                     
        124 Kevin           Mourgos         KMOURGOS   650.123.5234         16-NOV-99 ST_MAN           5800                       100            50                                                     
        141 Trenna          Rajs            TRAJS      650.121.8009         17-OCT-95 ST_CLERK         3500                       124            50                                                     
        142 Curtis          Davies          CDAVIES    650.121.2994         29-JAN-97 ST_CLERK         3100                       124            50                                                     
        143 Randall         Matos           RMATOS     650.121.2874         15-MAR-98 ST_CLERK         2600                       124            50                                                     
        144 Peter           Vargas                     650.121.2004         09-JUL-98 ST_CLERK         2500                       124            50                                                     
        149 Eleni           Zlotkey         EZLOTKEY   011.44.1344.429018   29-JAN-00 SA_MAN          10500             .2        100            80                                                     
        174 Ellen           Abel            EABEL      011.44.1644.429267   11-MAY-96 SA_REP          11000             .3        149            80                                                     
        176 Jonathon        Taylor          JTAYLOR    011.44.1644.429265   24-MAR-98 SA_REP           8600             .3        149            80                                                     
        178 Kimerely        Grant           KGRANT     011.44.1644.429263   24-MAY-99 SA_REP           7000            .15        149                                                                   
        200 Jennifer        Whalen          JWHALEN    515.123.4444         17-SEP-87 AD_ASST          4400                       101            10                                                     
        201 Michael         Hartstein       MHARTSTE   515.123.5555         17-FEB-96 MK_MAN          13000                       100            20                                                     
        202 Pat             Fay             PFAY       603.123.6666         17-AUG-97 MK_REP           6000                       201            20                                                     
        205 Shelley         Higgins         SHIGGINS   515.123.8080         07-JUN-94 AC_MGR          12000                       101           110                                                     
        206 William         Gietz           WGIETZ     515.123.8181         07-JUN-94 AC_ACCOUNT       8300                       205           110                                                     

20 rows selected.

SQL> SELECT FIRST_NAME , LAST_NAME , SUBSTR(FIRST_NAME,2,1) , SUBSTR(LAST_NAME,2,1) FROM EMPLOYEES;

FIRST_NAME      LAST_NAME       SUBS SUBS                                                                                                                                                               
--------------- --------------- ---- ----                                                                                                                                                               
Steven          King            t    i                                                                                                                                                                  
Neena           Kochhar         e    o                                                                                                                                                                  
Lex             De Haan         e    e                                                                                                                                                                  
Alexander       Hunold          l    u                                                                                                                                                                  
Bruce           Ernst           r    r                                                                                                                                                                  
Diana           Lorentz         i    o                                                                                                                                                                  
Kevin           Mourgos         e    o                                                                                                                                                                  
Trenna          Rajs            r    a                                                                                                                                                                  
Curtis          Davies          u    a                                                                                                                                                                  
Randall         Matos           a    a                                                                                                                                                                  
Peter           Vargas          e    a                                                                                                                                                                  
Eleni           Zlotkey         l    l                                                                                                                                                                  
Ellen           Abel            l    b                                                                                                                                                                  
Jonathon        Taylor          o    a                                                                                                                                                                  
Kimerely        Grant           i    r                                                                                                                                                                  
Jennifer        Whalen          e    h                                                                                                                                                                  
Michael         Hartstein       i    a                                                                                                                                                                  
Pat             Fay             a    a                                                                                                                                                                  
Shelley         Higgins         h    i                                                                                                                                                                  
William         Gietz           i    i                                                                                                                                                                  

20 rows selected.

SQL> SELECT FIRST_NAME , LAST_NAME , SUBSTR(FIRST_NAME,2,1) , SUBSTR(LAST_NAME,2,1) ,
  2  NULLIF ( SUBSTR(FIRST_NAME,2,1) , SUBSTR(LAST_NAME,2,1) ) FROM EMPLOYEES;

FIRST_NAME      LAST_NAME       SUBS SUBS NULL                                                                                                                                                          
--------------- --------------- ---- ---- ----                                                                                                                                                          
Steven          King            t    i    t                                                                                                                                                             
Neena           Kochhar         e    o    e                                                                                                                                                             
Lex             De Haan         e    e                                                                                                                                                                  
Alexander       Hunold          l    u    l                                                                                                                                                             
Bruce           Ernst           r    r                                                                                                                                                                  
Diana           Lorentz         i    o    i                                                                                                                                                             
Kevin           Mourgos         e    o    e                                                                                                                                                             
Trenna          Rajs            r    a    r                                                                                                                                                             
Curtis          Davies          u    a    u                                                                                                                                                             
Randall         Matos           a    a                                                                                                                                                                  
Peter           Vargas          e    a    e                                                                                                                                                             
Eleni           Zlotkey         l    l                                                                                                                                                                  
Ellen           Abel            l    b    l                                                                                                                                                             
Jonathon        Taylor          o    a    o                                                                                                                                                             
Kimerely        Grant           i    r    i                                                                                                                                                             
Jennifer        Whalen          e    h    e                                                                                                                                                             
Michael         Hartstein       i    a    i                                                                                                                                                             
Pat             Fay             a    a                                                                                                                                                                  
Shelley         Higgins         h    i    h                                                                                                                                                             
William         Gietz           i    i                                                                                                                                                                  

20 rows selected.

SQL> SELECT FIRST_NAME , LAST_NAME , SUBSTR(FIRST_NAME,2,1) , SUBSTR(LAST_NAME,2,1) ,
  2  NULLIF ( SUBSTR(LAST_NAME,2,1) , SUBSTR(FIRST_NAME,2,1) ) FROM EMPLOYEES;

FIRST_NAME      LAST_NAME       SUBS SUBS NULL                                                                                                                                                          
--------------- --------------- ---- ---- ----                                                                                                                                                          
Steven          King            t    i    i                                                                                                                                                             
Neena           Kochhar         e    o    o                                                                                                                                                             
Lex             De Haan         e    e                                                                                                                                                                  
Alexander       Hunold          l    u    u                                                                                                                                                             
Bruce           Ernst           r    r                                                                                                                                                                  
Diana           Lorentz         i    o    o                                                                                                                                                             
Kevin           Mourgos         e    o    o                                                                                                                                                             
Trenna          Rajs            r    a    a                                                                                                                                                             
Curtis          Davies          u    a    a                                                                                                                                                             
Randall         Matos           a    a                                                                                                                                                                  
Peter           Vargas          e    a    a                                                                                                                                                             
Eleni           Zlotkey         l    l                                                                                                                                                                  
Ellen           Abel            l    b    b                                                                                                                                                             
Jonathon        Taylor          o    a    a                                                                                                                                                             
Kimerely        Grant           i    r    r                                                                                                                                                             
Jennifer        Whalen          e    h    h                                                                                                                                                             
Michael         Hartstein       i    a    a                                                                                                                                                             
Pat             Fay             a    a                                                                                                                                                                  
Shelley         Higgins         h    i    i                                                                                                                                                             
William         Gietz           i    i                                                                                                                                                                  

20 rows selected.

SQL> REM 1 COMPARE SECOND DIGIT AND SECOND LAST DIGIT OF HIRE_DATE
SQL> 
SQL> REM 2 COMPARE FIRST VOWEL OF FIRST_NAME AND LAST_VOWEL OF LAST_NAME
SQL> 
SQL> REM 3 COMPARE NUMBER OF CONSONENTS OF FIRST_NAME AND LAST_NAME. IF SAME DISPLAY 'SAME' OTHERWISE DISPLAY 'DIFFERENT'.
SQL> 
SQL> 
SQL> 
SQL> REM 1 COMPARE SECOND DIGIT AND SECOND LAST DIGIT OF HIRE_DATE
SQL> 
SQL> SELECT HIRE_DATE , SUBSTR(HIRE_DATE,2,1),SUBSTR(HIRE_DATE,-2,1) , NULLIF(SUBSTR(HIRE_DATE,2,1),SUBSTR(HIRE_DATE,-2,1)) FROM EMPLOYEES;

HIRE_DATE SUBS SUBS NULL                                                                                                                                                                                
--------- ---- ---- ----                                                                                                                                                                                
17-JUL-87 7    8    7                                                                                                                                                                                   
21-SEP-89 1    8    1                                                                                                                                                                                   
13-JAN-93 3    9    3                                                                                                                                                                                   
03-JAN-90 3    9    3                                                                                                                                                                                   
21-MAY-91 1    9    1                                                                                                                                                                                   
07-FEB-99 7    9    7                                                                                                                                                                                   
16-NOV-99 6    9    6                                                                                                                                                                                   
17-OCT-95 7    9    7                                                                                                                                                                                   
29-JAN-97 9    9                                                                                                                                                                                        
15-MAR-98 5    9    5                                                                                                                                                                                   
09-JUL-98 9    9                                                                                                                                                                                        
29-JAN-00 9    0    9                                                                                                                                                                                   
11-MAY-96 1    9    1                                                                                                                                                                                   
24-MAR-98 4    9    4                                                                                                                                                                                   
24-MAY-99 4    9    4                                                                                                                                                                                   
17-SEP-87 7    8    7                                                                                                                                                                                   
17-FEB-96 7    9    7                                                                                                                                                                                   
17-AUG-97 7    9    7                                                                                                                                                                                   
07-JUN-94 7    9    7                                                                                                                                                                                   
07-JUN-94 7    9    7                                                                                                                                                                                   

20 rows selected.

SQL> REM 2 COMPARE FIRST VOWEL OF FIRST_NAME AND LAST_VOWEL OF LAST_NAME
SQL> 
SQL> SELECT FIRST_NAME , LAST_NAME , SUBSTR(LTRIM(LOWER(FIRST_NAME),'qwrtypsdfghjklzxcvbnm'),1,1) ,
  2  SUBSTR(RTRIM(LOWER(LAST_NAME),'qwrtypsdfghjklzxcvbnm'),-1,1) ,
  3  NULLIF(SUBSTR(LTRIM(LOWER(FIRST_NAME),'qwrtypsdfghjklzxcvbnm'),1,1) ,SUBSTR(RTRIM(LOWER(LAST_NAME),'qwrtypsdfghjklzxcvbnm'),-1,1))
  4  FROM EMPLOYEES;

FIRST_NAME      LAST_NAME       SUBS SUBS NULL                                                                                                                                                          
--------------- --------------- ---- ---- ----                                                                                                                                                          
Steven          King            e    i    e                                                                                                                                                             
Neena           Kochhar         e    a    e                                                                                                                                                             
Lex             De Haan         e    a    e                                                                                                                                                             
Alexander       Hunold          a    o    a                                                                                                                                                             
Bruce           Ernst           u    e    u                                                                                                                                                             
Diana           Lorentz         i    e    i                                                                                                                                                             
Kevin           Mourgos         e    o    e                                                                                                                                                             
Trenna          Rajs            e    a    e                                                                                                                                                             
Curtis          Davies          u    e    u                                                                                                                                                             
Randall         Matos           a    o    a                                                                                                                                                             
Peter           Vargas          e    a    e                                                                                                                                                             
Eleni           Zlotkey         e    e                                                                                                                                                                  
Ellen           Abel            e    e                                                                                                                                                                  
Jonathon        Taylor          o    o                                                                                                                                                                  
Kimerely        Grant           i    a    i                                                                                                                                                             
Jennifer        Whalen          e    e                                                                                                                                                                  
Michael         Hartstein       i    i                                                                                                                                                                  
Pat             Fay             a    a                                                                                                                                                                  
Shelley         Higgins         e    i    e                                                                                                                                                             
William         Gietz           i    e    i                                                                                                                                                             

20 rows selected.

SQL> SELECT FIRST_NAME , LAST_NAME , SUBSTR(TRANSLATE(LOWER(FIRST_NAME),'#qwrtypsdfghjklzxcvbnm','#'),1,1) ,
  2  SUBSTR(TRANSLATE(LOWER(LAST_NAME),'#qwrtypsdfghjklzxcvbnm','#'),-1,1) ,
  3  NULLIF(SUBSTR(TRANSLATE(LOWER(FIRST_NAME),'#qwrtypsdfghjklzxcvbnm','#'),1,1) ,SUBSTR(TRANSLATE(LOWER(LAST_NAME),'#qwrtypsdfghjklzxcvbnm','#'),-1,1))
  4  FROM EMPLOYEES;

FIRST_NAME      LAST_NAME       SUBS SUBS NULL                                                                                                                                                          
--------------- --------------- ---- ---- ----                                                                                                                                                          
Steven          King            e    i    e                                                                                                                                                             
Neena           Kochhar         e    a    e                                                                                                                                                             
Lex             De Haan         e    a    e                                                                                                                                                             
Alexander       Hunold          a    o    a                                                                                                                                                             
Bruce           Ernst           u    e    u                                                                                                                                                             
Diana           Lorentz         i    e    i                                                                                                                                                             
Kevin           Mourgos         e    o    e                                                                                                                                                             
Trenna          Rajs            e    a    e                                                                                                                                                             
Curtis          Davies          u    e    u                                                                                                                                                             
Randall         Matos           a    o    a                                                                                                                                                             
Peter           Vargas          e    a    e                                                                                                                                                             
Eleni           Zlotkey         e    e                                                                                                                                                                  
Ellen           Abel            e    e                                                                                                                                                                  
Jonathon        Taylor          o    o                                                                                                                                                                  
Kimerely        Grant           i    a    i                                                                                                                                                             
Jennifer        Whalen          e    e                                                                                                                                                                  
Michael         Hartstein       i    i                                                                                                                                                                  
Pat             Fay             a    a                                                                                                                                                                  
Shelley         Higgins         e    i    e                                                                                                                                                             
William         Gietz           i    e    i                                                                                                                                                             

20 rows selected.

SQL> REM 3 COMPARE NUMBER OF CONSONENTS OF FIRST_NAME AND LAST_NAME. IF SAME DISPLAY 'SAME' OTHERWISE DISPLAY 'DIFFERENT'.
SQL> 
SQL> SELECT FIRST_NAME , LENGTH(TRANSLATE(LOWER(FIRST_NAME),'#aeiou','#')) ,
  2  LENGTH(TRANSLATE(LOWER(LAST_NAME),'#aeiou','#')) ,
  3  NULLIF(NVL2(LENGTH(TRANSLATE(LOWER(FIRST_NAME),'#aeiou','#')) ,LENGTH(TRANSLATE(LOWER(LAST_NAME),'#aeiou','#'))),'SAME','DIFFERENT')
  4  FROM EMPLOYEES;
NULLIF(NVL2(LENGTH(TRANSLATE(LOWER(FIRST_NAME),'#aeiou','#')) ,LENGTH(TRANSLATE(LOWER(LAST_NAME),'#aeiou','#'))),'SAME','DIFFERENT')
       *
ERROR at line 3:
ORA-00909: invalid number of arguments 


SQL> SELECT FIRST_NAME , LENGTH(TRANSLATE(LOWER(FIRST_NAME),'#aeiou','#')) ,
  2  LENGTH(TRANSLATE(LOWER(LAST_NAME),'#aeiou','#')) ,
  3  NVL2(NULLIF(LENGTH(TRANSLATE(LOWER(FIRST_NAME),'#aeiou','#')) ,LENGTH(TRANSLATE(LOWER(LAST_NAME),'#aeiou','#'))),'SAME','DIFFERENT')
  4  FROM EMPLOYEES;

FIRST_NAME      LENGTH(TRANSLATE(LOWER(FIRST_NAME),'#AEIOU','#')) LENGTH(TRANSLATE(LOWER(LAST_NAME),'#AEIOU','#')) NVL2(NULL                                                                            
--------------- ------------------------------------------------- ------------------------------------------------ ---------                                                                            
Steven                                                          4                                                3 SAME                                                                                 
Neena                                                           2                                                5 SAME                                                                                 
Lex                                                             2                                                4 SAME                                                                                 
Alexander                                                       5                                                4 SAME                                                                                 
Bruce                                                           3                                                4 SAME                                                                                 
Diana                                                           2                                                5 SAME                                                                                 
Kevin                                                           3                                                4 SAME                                                                                 
Trenna                                                          4                                                3 SAME                                                                                 
Curtis                                                          4                                                3 SAME                                                                                 
Randall                                                         5                                                3 SAME                                                                                 
Peter                                                           3                                                4 SAME                                                                                 
Eleni                                                           2                                                5 SAME                                                                                 
Ellen                                                           3                                                2 SAME                                                                                 
Jonathon                                                        5                                                4 SAME                                                                                 
Kimerely                                                        5                                                4 SAME                                                                                 
Jennifer                                                        5                                                4 SAME                                                                                 
Michael                                                         4                                                6 SAME                                                                                 
Pat                                                             2                                                2 DIFFERENT                                                                            
Shelley                                                         5                                                5 DIFFERENT                                                                            
William                                                         4                                                3 SAME                                                                                 

20 rows selected.

SQL> SELECT FIRST_NAME , LENGTH(TRANSLATE(LOWER(FIRST_NAME),'#aeiou','#')) ,
  2  LENGTH(TRANSLATE(LOWER(LAST_NAME),'#aeiou','#')) ,
  3  NULLIF(NVL2(LENGTH(TRANSLATE(LOWER(FIRST_NAME),'#aeiou','#')) ,LENGTH(TRANSLATE(LOWER(LAST_NAME),'#aeiou','#'))),'DIFFERENT','SAME')
  4  FROM EMPLOYEES;
NULLIF(NVL2(LENGTH(TRANSLATE(LOWER(FIRST_NAME),'#aeiou','#')) ,LENGTH(TRANSLATE(LOWER(LAST_NAME),'#aeiou','#'))),'DIFFERENT','SAME')
       *
ERROR at line 3:
ORA-00909: invalid number of arguments 


SQL> SELECT FIRST_NAME , LENGTH(TRANSLATE(LOWER(FIRST_NAME),'#aeiou','#')) ,
  2  LENGTH(TRANSLATE(LOWER(LAST_NAME),'#aeiou','#')) ,
  3  NVL2(NULLIF(LENGTH(TRANSLATE(LOWER(FIRST_NAME),'#aeiou','#')) ,LENGTH(TRANSLATE(LOWER(LAST_NAME),'#aeiou','#'))),'DIFFERENT','SAME')
  4  FROM EMPLOYEES;

FIRST_NAME      LENGTH(TRANSLATE(LOWER(FIRST_NAME),'#AEIOU','#')) LENGTH(TRANSLATE(LOWER(LAST_NAME),'#AEIOU','#')) NVL2(NULL                                                                            
--------------- ------------------------------------------------- ------------------------------------------------ ---------                                                                            
Steven                                                          4                                                3 DIFFERENT                                                                            
Neena                                                           2                                                5 DIFFERENT                                                                            
Lex                                                             2                                                4 DIFFERENT                                                                            
Alexander                                                       5                                                4 DIFFERENT                                                                            
Bruce                                                           3                                                4 DIFFERENT                                                                            
Diana                                                           2                                                5 DIFFERENT                                                                            
Kevin                                                           3                                                4 DIFFERENT                                                                            
Trenna                                                          4                                                3 DIFFERENT                                                                            
Curtis                                                          4                                                3 DIFFERENT                                                                            
Randall                                                         5                                                3 DIFFERENT                                                                            
Peter                                                           3                                                4 DIFFERENT                                                                            
Eleni                                                           2                                                5 DIFFERENT                                                                            
Ellen                                                           3                                                2 DIFFERENT                                                                            
Jonathon                                                        5                                                4 DIFFERENT                                                                            
Kimerely                                                        5                                                4 DIFFERENT                                                                            
Jennifer                                                        5                                                4 DIFFERENT                                                                            
Michael                                                         4                                                6 DIFFERENT                                                                            
Pat                                                             2                                                2 SAME                                                                                 
Shelley                                                         5                                                5 SAME                                                                                 
William                                                         4                                                3 DIFFERENT                                                                            

20 rows selected.

SQL> SELECT FIRST_NAME , LAST_NAME , LENGTH(TRANSLATE(LOWER(FIRST_NAME),'#aeiou','#')) ,
  2  LENGTH(TRANSLATE(LOWER(LAST_NAME),'#aeiou','#')) ,
  3  NVL2(NULLIF(LENGTH(TRANSLATE(LOWER(FIRST_NAME),'#aeiou','#')) ,LENGTH(TRANSLATE(LOWER(LAST_NAME),'#aeiou','#'))),'DIFFERENT','SAME')
  4  FROM EMPLOYEES;

FIRST_NAME      LAST_NAME       LENGTH(TRANSLATE(LOWER(FIRST_NAME),'#AEIOU','#')) LENGTH(TRANSLATE(LOWER(LAST_NAME),'#AEIOU','#')) NVL2(NULL                                                            
--------------- --------------- ------------------------------------------------- ------------------------------------------------ ---------                                                            
Steven          King                                                            4                                                3 DIFFERENT                                                            
Neena           Kochhar                                                         2                                                5 DIFFERENT                                                            
Lex             De Haan                                                         2                                                4 DIFFERENT                                                            
Alexander       Hunold                                                          5                                                4 DIFFERENT                                                            
Bruce           Ernst                                                           3                                                4 DIFFERENT                                                            
Diana           Lorentz                                                         2                                                5 DIFFERENT                                                            
Kevin           Mourgos                                                         3                                                4 DIFFERENT                                                            
Trenna          Rajs                                                            4                                                3 DIFFERENT                                                            
Curtis          Davies                                                          4                                                3 DIFFERENT                                                            
Randall         Matos                                                           5                                                3 DIFFERENT                                                            
Peter           Vargas                                                          3                                                4 DIFFERENT                                                            
Eleni           Zlotkey                                                         2                                                5 DIFFERENT                                                            
Ellen           Abel                                                            3                                                2 DIFFERENT                                                            
Jonathon        Taylor                                                          5                                                4 DIFFERENT                                                            
Kimerely        Grant                                                           5                                                4 DIFFERENT                                                            
Jennifer        Whalen                                                          5                                                4 DIFFERENT                                                            
Michael         Hartstein                                                       4                                                6 DIFFERENT                                                            
Pat             Fay                                                             2                                                2 SAME                                                                 
Shelley         Higgins                                                         5                                                5 SAME                                                                 
William         Gietz                                                           4                                                3 DIFFERENT                                                            

20 rows selected.

SQL> SPOOL OFF
