SQL> 
SQL> REM TO_DATE : TO CONVERT CHARACTER TYPE VALUE INTO DATE TYPE VALUE.
SQL> 
SQL> REM PURPOSE : 1 FOR CALCULATION 2 FOR COMPARISON
SQL> 
SQL> SELECT FIRST_NAME , SYSDATE , HIRE_DATE , SYSDATE - HIRE_DATE DAYS_WORKED FROM EMPLOYEES;

FIRST_NAME      SYSDATE   HIRE_DATE DAYS_WORKED                                                                                                                                                         
--------------- --------- --------- -----------                                                                                                                                                         
Steven          01-MAY-24 17-JUL-87  13438.7788                                                                                                                                                         
Neena           01-MAY-24 21-SEP-89  12641.7788                                                                                                                                                         
Lex             01-MAY-24 13-JAN-93  11431.7788                                                                                                                                                         
Alexander       01-MAY-24 03-JAN-90  12537.7788                                                                                                                                                         
Bruce           01-MAY-24 21-MAY-91  12034.7788                                                                                                                                                         
Diana           01-MAY-24 07-FEB-99  9215.77875                                                                                                                                                         
Kevin           01-MAY-24 16-NOV-99  8933.77875                                                                                                                                                         
Trenna          01-MAY-24 17-OCT-95  10424.7788                                                                                                                                                         
Curtis          01-MAY-24 29-JAN-97  9954.77875                                                                                                                                                         
Randall         01-MAY-24 15-MAR-98  9544.77875                                                                                                                                                         
Peter           01-MAY-24 09-JUL-98  9428.77875                                                                                                                                                         
Eleni           01-MAY-24 29-JAN-00  8859.77875                                                                                                                                                         
Ellen           01-MAY-24 11-MAY-96  10217.7788                                                                                                                                                         
Jonathon        01-MAY-24 24-MAR-98  9535.77875                                                                                                                                                         
Kimerely        01-MAY-24 24-MAY-99  9109.77875                                                                                                                                                         
Jennifer        01-MAY-24 17-SEP-87  13376.7788                                                                                                                                                         
Michael         01-MAY-24 17-FEB-96  10301.7788                                                                                                                                                         
Pat             01-MAY-24 17-AUG-97  9754.77875                                                                                                                                                         
Shelley         01-MAY-24 07-JUN-94  10921.7788                                                                                                                                                         
William         01-MAY-24 07-JUN-94  10921.7788                                                                                                                                                         

20 rows selected.

SQL> SELECT FIRST_NAME , SYSDATE , HIRE_DATE , TRUNC(SYSDATE - HIRE_DATE) DAYS_WORKED FROM EMPLOYEES;

FIRST_NAME      SYSDATE   HIRE_DATE DAYS_WORKED                                                                                                                                                         
--------------- --------- --------- -----------                                                                                                                                                         
Steven          01-MAY-24 17-JUL-87       13438                                                                                                                                                         
Neena           01-MAY-24 21-SEP-89       12641                                                                                                                                                         
Lex             01-MAY-24 13-JAN-93       11431                                                                                                                                                         
Alexander       01-MAY-24 03-JAN-90       12537                                                                                                                                                         
Bruce           01-MAY-24 21-MAY-91       12034                                                                                                                                                         
Diana           01-MAY-24 07-FEB-99        9215                                                                                                                                                         
Kevin           01-MAY-24 16-NOV-99        8933                                                                                                                                                         
Trenna          01-MAY-24 17-OCT-95       10424                                                                                                                                                         
Curtis          01-MAY-24 29-JAN-97        9954                                                                                                                                                         
Randall         01-MAY-24 15-MAR-98        9544                                                                                                                                                         
Peter           01-MAY-24 09-JUL-98        9428                                                                                                                                                         
Eleni           01-MAY-24 29-JAN-00        8859                                                                                                                                                         
Ellen           01-MAY-24 11-MAY-96       10217                                                                                                                                                         
Jonathon        01-MAY-24 24-MAR-98        9535                                                                                                                                                         
Kimerely        01-MAY-24 24-MAY-99        9109                                                                                                                                                         
Jennifer        01-MAY-24 17-SEP-87       13376                                                                                                                                                         
Michael         01-MAY-24 17-FEB-96       10301                                                                                                                                                         
Pat             01-MAY-24 17-AUG-97        9754                                                                                                                                                         
Shelley         01-MAY-24 07-JUN-94       10921                                                                                                                                                         
William         01-MAY-24 07-JUN-94       10921                                                                                                                                                         

20 rows selected.

SQL> SELECT '15-AUG-47' - '31-MAY-44' FROM DUAL;
SELECT '15-AUG-47' - '31-MAY-44' FROM DUAL
       *
ERROR at line 1:
ORA-01722: invalid number 


SQL> SELECT TO_DATE('15-AUG-47') - TO_DATE('31-MAY-44') FROM DUAL;

TO_DATE('15-AUG-47')-TO_DATE('31-MAY-44')                                                                                                                                                               
-----------------------------------------                                                                                                                                                               
                                     1171                                                                                                                                                               

SQL> SELECT TO_DATE('15-AUGUST-47') - TO_DATE('31-MAY-44') FROM DUAL;

TO_DATE('15-AUGUST-47')-TO_DATE('31-MAY-44')                                                                                                                                                            
--------------------------------------------                                                                                                                                                            
                                        1171                                                                                                                                                            

SQL> SELECT TO_DATE('15-AUGUST-1947') - TO_DATE('31-MAY-1944') FROM DUAL;

TO_DATE('15-AUGUST-1947')-TO_DATE('31-MAY-1944')                                                                                                                                                        
------------------------------------------------                                                                                                                                                        
                                            1171                                                                                                                                                        

SQL> SELECT TO_DATE('15-AUGUST-1947') - TO_DATE('31-5-1944') FROM DUAL;
SELECT TO_DATE('15-AUGUST-1947') - TO_DATE('31-5-1944') FROM DUAL
                                           *
ERROR at line 1:
ORA-01843: not a valid month 


SQL> SELECT TO_DATE('15-AUGUST-1947') - TO_DATE('31-5-1944','DD-MM-RRRR') FROM DUAL;

TO_DATE('15-AUGUST-1947')-TO_DATE('31-5-1944','DD-MM-RRRR')                                                                                                                                             
-----------------------------------------------------------                                                                                                                                             
                                                       1171                                                                                                                                             

SQL> REM 1 DEFAULT FORMAT
SQL> 
SQL> REM 2 COMPATIBLE FORMAT
SQL> 
SQL> REM 3 INCOMPATIBLE FORMAT
SQL> 
SQL> REM MOTHER'S BDT - FATHER'S BDT
SQL> 
SQL> SELECT TO_DATE('13-JUL-77') - TO_DATE('25-SEP-74) FROM EMPLOYEES;
ERROR:
ORA-01756: quoted string not properly terminated 


SQL> SELECT TO_DATE('13-JUL-77') - TO_DATE('25-SEP-74') FROM EMPLOYEES;

TO_DATE('13-JUL-77')-TO_DATE('25-SEP-74')                                                                                                                                                               
-----------------------------------------                                                                                                                                                               
                                     1022                                                                                                                                                               
                                     1022                                                                                                                                                               
                                     1022                                                                                                                                                               
                                     1022                                                                                                                                                               
                                     1022                                                                                                                                                               
                                     1022                                                                                                                                                               
                                     1022                                                                                                                                                               
                                     1022                                                                                                                                                               
                                     1022                                                                                                                                                               
                                     1022                                                                                                                                                               
                                     1022                                                                                                                                                               
                                     1022                                                                                                                                                               
                                     1022                                                                                                                                                               
                                     1022                                                                                                                                                               
                                     1022                                                                                                                                                               
                                     1022                                                                                                                                                               
                                     1022                                                                                                                                                               
                                     1022                                                                                                                                                               
                                     1022                                                                                                                                                               
                                     1022                                                                                                                                                               

20 rows selected.

SQL> SELECT TO_DATE('13-JUL-77') - TO_DATE('25-SEP-74') FROM DUAL;

TO_DATE('13-JUL-77')-TO_DATE('25-SEP-74')                                                                                                                                                               
-----------------------------------------                                                                                                                                                               
                                     1022                                                                                                                                                               

SQL> SELECT TO_DATE('13-JULY-1977') - TO_DATE('25-SEPTEMBER-1974')  FROM DUAL;

TO_DATE('13-JULY-1977')-TO_DATE('25-SEPTEMBER-1974')                                                                                                                                                    
----------------------------------------------------                                                                                                                                                    
                                                1022                                                                                                                                                    

SQL> SELECT TO_DATE('13-7-77', 'DD-MM-RRRR') - TO_DATE('25-10-74, 'DD-MM-RRRR') FROM DUAL;
ERROR:
ORA-01756: quoted string not properly terminated 


SQL> SELECT TO_DATE('13-7-77', 'DD-MM-RRRR') - TO_DATE('25-10-74', 'DD-MM-RRRR') FROM DUAL;

TO_DATE('13-7-77','DD-MM-RRRR')-TO_DATE('25-10-74','DD-MM-RRRR')                                                                                                                                        
----------------------------------------------------------------                                                                                                                                        
                                                             992                                                                                                                                        

SQL> SELECT TO_DATE('13-7-77', 'DD-MM-RRRR') - TO_DATE('25-9-74', 'DD-MM-RRRR') FROM DUAL;

TO_DATE('13-7-77','DD-MM-RRRR')-TO_DATE('25-9-74','DD-MM-RRRR')                                                                                                                                         
---------------------------------------------------------------                                                                                                                                         
                                                           1022                                                                                                                                         

SQL> SELECT TO_DATE('13-JUL-77') - TO_DATE('25-9-74', 'DD-MM-RRRR') FROM DUAL;

TO_DATE('13-JUL-77')-TO_DATE('25-9-74','DD-MM-RRRR')                                                                                                                                                    
----------------------------------------------------                                                                                                                                                    
                                                1022                                                                                                                                                    

SQL> SELECT TO_DATE('13-JULY-77') - TO_DATE('25-9-74', 'DD-MM-RRRR') FROM DUAL;

TO_DATE('13-JULY-77')-TO_DATE('25-9-74','DD-MM-RRRR')                                                                                                                                                   
-----------------------------------------------------                                                                                                                                                   
                                                 1022                                                                                                                                                   

SQL> REM TO_DATE : FOR COMPARISON
SQL> 
SQL> REM DISPLAY THOSE WHO HAVE JOINED BEFORE YEAR 97
SQL> 
SQL> SELECT FIRST_NAME , HIRE_DATE FROM EMPLOYEES WHERE HIRE_DATE < '01-JAN-97';

FIRST_NAME      HIRE_DATE                                                                                                                                                                               
--------------- ---------                                                                                                                                                                               
Steven          17-JUL-87                                                                                                                                                                               
Neena           21-SEP-89                                                                                                                                                                               
Lex             13-JAN-93                                                                                                                                                                               
Alexander       03-JAN-90                                                                                                                                                                               
Bruce           21-MAY-91                                                                                                                                                                               
Trenna          17-OCT-95                                                                                                                                                                               
Ellen           11-MAY-96                                                                                                                                                                               
Jennifer        17-SEP-87                                                                                                                                                                               
Michael         17-FEB-96                                                                                                                                                                               
Shelley         07-JUN-94                                                                                                                                                                               
William         07-JUN-94                                                                                                                                                                               

11 rows selected.

SQL> SELECT FIRST_NAME , HIRE_DATE FROM EMPLOYEES WHERE HIRE_DATE < '01-JANUARY-97';

FIRST_NAME      HIRE_DATE                                                                                                                                                                               
--------------- ---------                                                                                                                                                                               
Steven          17-JUL-87                                                                                                                                                                               
Neena           21-SEP-89                                                                                                                                                                               
Lex             13-JAN-93                                                                                                                                                                               
Alexander       03-JAN-90                                                                                                                                                                               
Bruce           21-MAY-91                                                                                                                                                                               
Trenna          17-OCT-95                                                                                                                                                                               
Ellen           11-MAY-96                                                                                                                                                                               
Jennifer        17-SEP-87                                                                                                                                                                               
Michael         17-FEB-96                                                                                                                                                                               
Shelley         07-JUN-94                                                                                                                                                                               
William         07-JUN-94                                                                                                                                                                               

11 rows selected.

SQL> SELECT FIRST_NAME , HIRE_DATE FROM EMPLOYEES WHERE HIRE_DATE < '01-01-97';
SELECT FIRST_NAME , HIRE_DATE FROM EMPLOYEES WHERE HIRE_DATE < '01-01-97'
                                                               *
ERROR at line 1:
ORA-01843: not a valid month 


SQL> SELECT FIRST_NAME , HIRE_DATE FROM EMPLOYEES WHERE HIRE_DATE < TO_DATE('01-01-97','DD-MM-RR');

FIRST_NAME      HIRE_DATE                                                                                                                                                                               
--------------- ---------                                                                                                                                                                               
Steven          17-JUL-87                                                                                                                                                                               
Neena           21-SEP-89                                                                                                                                                                               
Lex             13-JAN-93                                                                                                                                                                               
Alexander       03-JAN-90                                                                                                                                                                               
Bruce           21-MAY-91                                                                                                                                                                               
Trenna          17-OCT-95                                                                                                                                                                               
Ellen           11-MAY-96                                                                                                                                                                               
Jennifer        17-SEP-87                                                                                                                                                                               
Michael         17-FEB-96                                                                                                                                                                               
Shelley         07-JUN-94                                                                                                                                                                               
William         07-JUN-94                                                                                                                                                                               

11 rows selected.

SQL> REM DEFAULT DATE FORMAT : DD-MON-RR
SQL> 
SQL> REM COMPATIBLE DATE FORMAT : DD-MON-RRRR  DD-MONTH-RR  DD-MONTH-RRRR   DDMONRR   DD-MONRR  DD/MON\RR
SQL> 
SQL> REM ALL REMAINING FORMATS ARE INCOMPATIBLE FORMATS
SQL> 
SQL> 
SQL> REM 1 DISPLAY THOSE WHO WERE HIRED AFTER YEAR 95
SQL> 
SQL> REM 1 DEFAULT 2 COMPATIBLE 3 INCOMPATIBLE
SQL> 
SQL> SELECT FIRST_NAME , HIRE_DATE FROM EMPLOYEES WHERE HIRE_DATE > '31-DEC-95';

FIRST_NAME      HIRE_DATE                                                                                                                                                                               
--------------- ---------                                                                                                                                                                               
Diana           07-FEB-99                                                                                                                                                                               
Kevin           16-NOV-99                                                                                                                                                                               
Curtis          29-JAN-97                                                                                                                                                                               
Randall         15-MAR-98                                                                                                                                                                               
Peter           09-JUL-98                                                                                                                                                                               
Eleni           29-JAN-00                                                                                                                                                                               
Ellen           11-MAY-96                                                                                                                                                                               
Jonathon        24-MAR-98                                                                                                                                                                               
Kimerely        24-MAY-99                                                                                                                                                                               
Michael         17-FEB-96                                                                                                                                                                               
Pat             17-AUG-97                                                                                                                                                                               

11 rows selected.

SQL> SELECT FIRST_NAME , HIRE_DATE FROM EMPLOYEES WHERE HIRE_DATE > '31-DECEMBER-95';

FIRST_NAME      HIRE_DATE                                                                                                                                                                               
--------------- ---------                                                                                                                                                                               
Diana           07-FEB-99                                                                                                                                                                               
Kevin           16-NOV-99                                                                                                                                                                               
Curtis          29-JAN-97                                                                                                                                                                               
Randall         15-MAR-98                                                                                                                                                                               
Peter           09-JUL-98                                                                                                                                                                               
Eleni           29-JAN-00                                                                                                                                                                               
Ellen           11-MAY-96                                                                                                                                                                               
Jonathon        24-MAR-98                                                                                                                                                                               
Kimerely        24-MAY-99                                                                                                                                                                               
Michael         17-FEB-96                                                                                                                                                                               
Pat             17-AUG-97                                                                                                                                                                               

11 rows selected.

SQL> SELECT FIRST_NAME , HIRE_DATE FROM EMPLOYEES WHERE HIRE_DATE > TO_DATE('31-12-95','DD-MM-RR');

FIRST_NAME      HIRE_DATE                                                                                                                                                                               
--------------- ---------                                                                                                                                                                               
Diana           07-FEB-99                                                                                                                                                                               
Kevin           16-NOV-99                                                                                                                                                                               
Curtis          29-JAN-97                                                                                                                                                                               
Randall         15-MAR-98                                                                                                                                                                               
Peter           09-JUL-98                                                                                                                                                                               
Eleni           29-JAN-00                                                                                                                                                                               
Ellen           11-MAY-96                                                                                                                                                                               
Jonathon        24-MAR-98                                                                                                                                                                               
Kimerely        24-MAY-99                                                                                                                                                                               
Michael         17-FEB-96                                                                                                                                                                               
Pat             17-AUG-97                                                                                                                                                                               

11 rows selected.

SQL> REM TO_CHAR : PURPOSE : 1 TO CONVERT NUMBER TYPE VALUE INTO CHARACTER TYPE VALUE
SQL> 
SQL> REM 2 TO CONVERT DATE TYPE VALUE INTO CHARACTER TYPE VALUE
SQL> 
SQL> 
SQL> REM PURPOSE : TO DISPLAY NUMBER OR DATE TYPE VALUES IN USER DEFINED/NON-DEFAULT FORMAT
SQL> 
SQL> 
SQL> REM TO_CHAR : TO CONVERT NUMBER TYPE VALUE INTO CHARACTER TYPE VALUE
SQL> 
SQL> REM TO_CHAR SYNTAX : TO_CHAR('VALUE' , 'FORMAT')
SQL> 
SQL> REM LIST OF VALID NUMBER FORMAT CHARACTERS :  9 0    . ,    D G    $ L U    S MI PR   EEEE    V
SQL> 
SQL> SELECT SALARY , TO_CHAR(SALARY,'99999') FROM EMPLOYEES;

    SALARY TO_CHA                                                                                                                                                                                       
---------- ------                                                                                                                                                                                       
     24000  24000                                                                                                                                                                                       
     17000  17000                                                                                                                                                                                       
     17000  17000                                                                                                                                                                                       
      9000   9000                                                                                                                                                                                       
      6000   6000                                                                                                                                                                                       
      4200   4200                                                                                                                                                                                       
      5800   5800                                                                                                                                                                                       
      3500   3500                                                                                                                                                                                       
      3100   3100                                                                                                                                                                                       
      2600   2600                                                                                                                                                                                       
      2500   2500                                                                                                                                                                                       
     10500  10500                                                                                                                                                                                       
     11000  11000                                                                                                                                                                                       
      8600   8600                                                                                                                                                                                       
      7000   7000                                                                                                                                                                                       
      4400   4400                                                                                                                                                                                       
     13000  13000                                                                                                                                                                                       
      6000   6000                                                                                                                                                                                       
     12000  12000                                                                                                                                                                                       
      8300   8300                                                                                                                                                                                       

20 rows selected.

SQL> SELECT SALARY , TO_CHAR(SALARY,'00000') FROM EMPLOYEES;

    SALARY TO_CHA                                                                                                                                                                                       
---------- ------                                                                                                                                                                                       
     24000  24000                                                                                                                                                                                       
     17000  17000                                                                                                                                                                                       
     17000  17000                                                                                                                                                                                       
      9000  09000                                                                                                                                                                                       
      6000  06000                                                                                                                                                                                       
      4200  04200                                                                                                                                                                                       
      5800  05800                                                                                                                                                                                       
      3500  03500                                                                                                                                                                                       
      3100  03100                                                                                                                                                                                       
      2600  02600                                                                                                                                                                                       
      2500  02500                                                                                                                                                                                       
     10500  10500                                                                                                                                                                                       
     11000  11000                                                                                                                                                                                       
      8600  08600                                                                                                                                                                                       
      7000  07000                                                                                                                                                                                       
      4400  04400                                                                                                                                                                                       
     13000  13000                                                                                                                                                                                       
      6000  06000                                                                                                                                                                                       
     12000  12000                                                                                                                                                                                       
      8300  08300                                                                                                                                                                                       

20 rows selected.

SQL> SELECT SALARY , TO_CHAR(SALARY,'99000') FROM EMPLOYEES;

    SALARY TO_CHA                                                                                                                                                                                       
---------- ------                                                                                                                                                                                       
     24000  24000                                                                                                                                                                                       
     17000  17000                                                                                                                                                                                       
     17000  17000                                                                                                                                                                                       
      9000   9000                                                                                                                                                                                       
      6000   6000                                                                                                                                                                                       
      4200   4200                                                                                                                                                                                       
      5800   5800                                                                                                                                                                                       
      3500   3500                                                                                                                                                                                       
      3100   3100                                                                                                                                                                                       
      2600   2600                                                                                                                                                                                       
      2500   2500                                                                                                                                                                                       
     10500  10500                                                                                                                                                                                       
     11000  11000                                                                                                                                                                                       
      8600   8600                                                                                                                                                                                       
      7000   7000                                                                                                                                                                                       
      4400   4400                                                                                                                                                                                       
     13000  13000                                                                                                                                                                                       
      6000   6000                                                                                                                                                                                       
     12000  12000                                                                                                                                                                                       
      8300   8300                                                                                                                                                                                       

20 rows selected.

SQL> SELECT SALARY , TO_CHAR(SALARY,'09000') FROM EMPLOYEES;

    SALARY TO_CHA                                                                                                                                                                                       
---------- ------                                                                                                                                                                                       
     24000  24000                                                                                                                                                                                       
     17000  17000                                                                                                                                                                                       
     17000  17000                                                                                                                                                                                       
      9000  09000                                                                                                                                                                                       
      6000  06000                                                                                                                                                                                       
      4200  04200                                                                                                                                                                                       
      5800  05800                                                                                                                                                                                       
      3500  03500                                                                                                                                                                                       
      3100  03100                                                                                                                                                                                       
      2600  02600                                                                                                                                                                                       
      2500  02500                                                                                                                                                                                       
     10500  10500                                                                                                                                                                                       
     11000  11000                                                                                                                                                                                       
      8600  08600                                                                                                                                                                                       
      7000  07000                                                                                                                                                                                       
      4400  04400                                                                                                                                                                                       
     13000  13000                                                                                                                                                                                       
      6000  06000                                                                                                                                                                                       
     12000  12000                                                                                                                                                                                       
      8300  08300                                                                                                                                                                                       

20 rows selected.

SQL> SELECT SALARY , TO_CHAR(SALARY,'099999') FROM EMPLOYEES;

    SALARY TO_CHAR                                                                                                                                                                                      
---------- -------                                                                                                                                                                                      
     24000  024000                                                                                                                                                                                      
     17000  017000                                                                                                                                                                                      
     17000  017000                                                                                                                                                                                      
      9000  009000                                                                                                                                                                                      
      6000  006000                                                                                                                                                                                      
      4200  004200                                                                                                                                                                                      
      5800  005800                                                                                                                                                                                      
      3500  003500                                                                                                                                                                                      
      3100  003100                                                                                                                                                                                      
      2600  002600                                                                                                                                                                                      
      2500  002500                                                                                                                                                                                      
     10500  010500                                                                                                                                                                                      
     11000  011000                                                                                                                                                                                      
      8600  008600                                                                                                                                                                                      
      7000  007000                                                                                                                                                                                      
      4400  004400                                                                                                                                                                                      
     13000  013000                                                                                                                                                                                      
      6000  006000                                                                                                                                                                                      
     12000  012000                                                                                                                                                                                      
      8300  008300                                                                                                                                                                                      

20 rows selected.

SQL> SELECT SALARY , TO_CHAR(SALARY,'999999') FROM EMPLOYEES;

    SALARY TO_CHAR                                                                                                                                                                                      
---------- -------                                                                                                                                                                                      
     24000   24000                                                                                                                                                                                      
     17000   17000                                                                                                                                                                                      
     17000   17000                                                                                                                                                                                      
      9000    9000                                                                                                                                                                                      
      6000    6000                                                                                                                                                                                      
      4200    4200                                                                                                                                                                                      
      5800    5800                                                                                                                                                                                      
      3500    3500                                                                                                                                                                                      
      3100    3100                                                                                                                                                                                      
      2600    2600                                                                                                                                                                                      
      2500    2500                                                                                                                                                                                      
     10500   10500                                                                                                                                                                                      
     11000   11000                                                                                                                                                                                      
      8600    8600                                                                                                                                                                                      
      7000    7000                                                                                                                                                                                      
      4400    4400                                                                                                                                                                                      
     13000   13000                                                                                                                                                                                      
      6000    6000                                                                                                                                                                                      
     12000   12000                                                                                                                                                                                      
      8300    8300                                                                                                                                                                                      

20 rows selected.

SQL> SELECT SALARY , TO_CHAR(SALARY,'997699') FROM EMPLOYEES;
SELECT SALARY , TO_CHAR(SALARY,'997699') FROM EMPLOYEES
                               *
ERROR at line 1:
ORA-01481: invalid number format model 


SQL> SELECT SALARY , TO_CHAR(SALARY,'99999.99') FROM EMPLOYEES;

    SALARY TO_CHAR(S                                                                                                                                                                                    
---------- ---------                                                                                                                                                                                    
     24000  24000.00                                                                                                                                                                                    
     17000  17000.00                                                                                                                                                                                    
     17000  17000.00                                                                                                                                                                                    
      9000   9000.00                                                                                                                                                                                    
      6000   6000.00                                                                                                                                                                                    
      4200   4200.00                                                                                                                                                                                    
      5800   5800.00                                                                                                                                                                                    
      3500   3500.00                                                                                                                                                                                    
      3100   3100.00                                                                                                                                                                                    
      2600   2600.00                                                                                                                                                                                    
      2500   2500.00                                                                                                                                                                                    
     10500  10500.00                                                                                                                                                                                    
     11000  11000.00                                                                                                                                                                                    
      8600   8600.00                                                                                                                                                                                    
      7000   7000.00                                                                                                                                                                                    
      4400   4400.00                                                                                                                                                                                    
     13000  13000.00                                                                                                                                                                                    
      6000   6000.00                                                                                                                                                                                    
     12000  12000.00                                                                                                                                                                                    
      8300   8300.00                                                                                                                                                                                    

20 rows selected.

SQL> SELECT SALARY , TO_CHAR(SALARY,'99999.00') FROM EMPLOYEES;

    SALARY TO_CHAR(S                                                                                                                                                                                    
---------- ---------                                                                                                                                                                                    
     24000  24000.00                                                                                                                                                                                    
     17000  17000.00                                                                                                                                                                                    
     17000  17000.00                                                                                                                                                                                    
      9000   9000.00                                                                                                                                                                                    
      6000   6000.00                                                                                                                                                                                    
      4200   4200.00                                                                                                                                                                                    
      5800   5800.00                                                                                                                                                                                    
      3500   3500.00                                                                                                                                                                                    
      3100   3100.00                                                                                                                                                                                    
      2600   2600.00                                                                                                                                                                                    
      2500   2500.00                                                                                                                                                                                    
     10500  10500.00                                                                                                                                                                                    
     11000  11000.00                                                                                                                                                                                    
      8600   8600.00                                                                                                                                                                                    
      7000   7000.00                                                                                                                                                                                    
      4400   4400.00                                                                                                                                                                                    
     13000  13000.00                                                                                                                                                                                    
      6000   6000.00                                                                                                                                                                                    
     12000  12000.00                                                                                                                                                                                    
      8300   8300.00                                                                                                                                                                                    

20 rows selected.

SQL> SELECT SALARY , TO_CHAR(SALARY,'99,999.00') FROM EMPLOYEES;

    SALARY TO_CHAR(SA                                                                                                                                                                                   
---------- ----------                                                                                                                                                                                   
     24000  24,000.00                                                                                                                                                                                   
     17000  17,000.00                                                                                                                                                                                   
     17000  17,000.00                                                                                                                                                                                   
      9000   9,000.00                                                                                                                                                                                   
      6000   6,000.00                                                                                                                                                                                   
      4200   4,200.00                                                                                                                                                                                   
      5800   5,800.00                                                                                                                                                                                   
      3500   3,500.00                                                                                                                                                                                   
      3100   3,100.00                                                                                                                                                                                   
      2600   2,600.00                                                                                                                                                                                   
      2500   2,500.00                                                                                                                                                                                   
     10500  10,500.00                                                                                                                                                                                   
     11000  11,000.00                                                                                                                                                                                   
      8600   8,600.00                                                                                                                                                                                   
      7000   7,000.00                                                                                                                                                                                   
      4400   4,400.00                                                                                                                                                                                   
     13000  13,000.00                                                                                                                                                                                   
      6000   6,000.00                                                                                                                                                                                   
     12000  12,000.00                                                                                                                                                                                   
      8300   8,300.00                                                                                                                                                                                   

20 rows selected.

SQL> REM LIST OF VALID NUMBER FORMAT CHARACTERS :  9 0    . ,    D G    $ L U    S MI PR   EEEE    V
SQL> 
SQL> 
SQL> COL PARAMETER FORMAT A30
SQL> COL VALUE FORMAT A30
SQL> 
SQL> SELECT * FROM NLS_SESSION_PARAMETERS;

PARAMETER                      VALUE                                                                                                                                                                    
------------------------------ ------------------------------                                                                                                                                           
NLS_LANGUAGE                   AMERICAN                                                                                                                                                                 
NLS_TERRITORY                  AMERICA                                                                                                                                                                  
NLS_CURRENCY                   $                                                                                                                                                                        
NLS_ISO_CURRENCY               AMERICA                                                                                                                                                                  
NLS_NUMERIC_CHARACTERS         .,                                                                                                                                                                       
NLS_CALENDAR                   GREGORIAN                                                                                                                                                                
NLS_DATE_FORMAT                DD-MON-RR                                                                                                                                                                
NLS_DATE_LANGUAGE              AMERICAN                                                                                                                                                                 
NLS_SORT                       BINARY                                                                                                                                                                   
NLS_TIME_FORMAT                HH.MI.SSXFF AM                                                                                                                                                           
NLS_TIMESTAMP_FORMAT           DD-MON-RR HH.MI.SSXFF AM                                                                                                                                                 
NLS_TIME_TZ_FORMAT             HH.MI.SSXFF AM TZR                                                                                                                                                       
NLS_TIMESTAMP_TZ_FORMAT        DD-MON-RR HH.MI.SSXFF AM TZR                                                                                                                                             
NLS_DUAL_CURRENCY              $                                                                                                                                                                        
NLS_COMP                       BINARY                                                                                                                                                                   
NLS_LENGTH_SEMANTICS           BYTE                                                                                                                                                                     
NLS_NCHAR_CONV_EXCP            FALSE                                                                                                                                                                    

17 rows selected.

SQL> SELECT SALARY , TO_CHAR(SALARY,'99G999D00') FROM EMPLOYEES;

    SALARY TO_CHAR(SA                                                                                                                                                                                   
---------- ----------                                                                                                                                                                                   
     24000  24,000.00                                                                                                                                                                                   
     17000  17,000.00                                                                                                                                                                                   
     17000  17,000.00                                                                                                                                                                                   
      9000   9,000.00                                                                                                                                                                                   
      6000   6,000.00                                                                                                                                                                                   
      4200   4,200.00                                                                                                                                                                                   
      5800   5,800.00                                                                                                                                                                                   
      3500   3,500.00                                                                                                                                                                                   
      3100   3,100.00                                                                                                                                                                                   
      2600   2,600.00                                                                                                                                                                                   
      2500   2,500.00                                                                                                                                                                                   
     10500  10,500.00                                                                                                                                                                                   
     11000  11,000.00                                                                                                                                                                                   
      8600   8,600.00                                                                                                                                                                                   
      7000   7,000.00                                                                                                                                                                                   
      4400   4,400.00                                                                                                                                                                                   
     13000  13,000.00                                                                                                                                                                                   
      6000   6,000.00                                                                                                                                                                                   
     12000  12,000.00                                                                                                                                                                                   
      8300   8,300.00                                                                                                                                                                                   

20 rows selected.

SQL> ALTER SESSION SET NLS_NUMERIC_CHARACTERS = '^!';

Session altered.

SQL> SELECT SALARY , TO_CHAR(SALARY,'99G999D00') FROM EMPLOYEES;

    SALARY TO_CHAR(SA                                                                                                                                                                                   
---------- ----------                                                                                                                                                                                   
     24000  24!000^00                                                                                                                                                                                   
     17000  17!000^00                                                                                                                                                                                   
     17000  17!000^00                                                                                                                                                                                   
      9000   9!000^00                                                                                                                                                                                   
      6000   6!000^00                                                                                                                                                                                   
      4200   4!200^00                                                                                                                                                                                   
      5800   5!800^00                                                                                                                                                                                   
      3500   3!500^00                                                                                                                                                                                   
      3100   3!100^00                                                                                                                                                                                   
      2600   2!600^00                                                                                                                                                                                   
      2500   2!500^00                                                                                                                                                                                   
     10500  10!500^00                                                                                                                                                                                   
     11000  11!000^00                                                                                                                                                                                   
      8600   8!600^00                                                                                                                                                                                   
      7000   7!000^00                                                                                                                                                                                   
      4400   4!400^00                                                                                                                                                                                   
     13000  13!000^00                                                                                                                                                                                   
      6000   6!000^00                                                                                                                                                                                   
     12000  12!000^00                                                                                                                                                                                   
      8300   8!300^00                                                                                                                                                                                   

20 rows selected.

SQL> SELECT SALARY , TO_CHAR(SALARY,'99!999^00') FROM EMPLOYEES;
SELECT SALARY , TO_CHAR(SALARY,'99!999^00') FROM EMPLOYEES
                               *
ERROR at line 1:
ORA-01481: invalid number format model 


SQL> REM LIST OF VALID NUMBER FORMAT CHARACTERS :  9 0    . ,    D G    $ L U    S MI PR   EEEE    V
SQL> 
SQL> SELECT SALARY , TO_CHAR(SALARY,'$99,999.00') FROM EMPLOYEES;

    SALARY TO_CHAR(SAL                                                                                                                                                                                  
---------- -----------                                                                                                                                                                                  
     24000  $24,000.00                                                                                                                                                                                  
     17000  $17,000.00                                                                                                                                                                                  
     17000  $17,000.00                                                                                                                                                                                  
      9000   $9,000.00                                                                                                                                                                                  
      6000   $6,000.00                                                                                                                                                                                  
      4200   $4,200.00                                                                                                                                                                                  
      5800   $5,800.00                                                                                                                                                                                  
      3500   $3,500.00                                                                                                                                                                                  
      3100   $3,100.00                                                                                                                                                                                  
      2600   $2,600.00                                                                                                                                                                                  
      2500   $2,500.00                                                                                                                                                                                  
     10500  $10,500.00                                                                                                                                                                                  
     11000  $11,000.00                                                                                                                                                                                  
      8600   $8,600.00                                                                                                                                                                                  
      7000   $7,000.00                                                                                                                                                                                  
      4400   $4,400.00                                                                                                                                                                                  
     13000  $13,000.00                                                                                                                                                                                  
      6000   $6,000.00                                                                                                                                                                                  
     12000  $12,000.00                                                                                                                                                                                  
      8300   $8,300.00                                                                                                                                                                                  

20 rows selected.

SQL> SELECT SALARY , TO_CHAR(SALARY,'99,999.00$') FROM EMPLOYEES;

    SALARY TO_CHAR(SAL                                                                                                                                                                                  
---------- -----------                                                                                                                                                                                  
     24000  $24,000.00                                                                                                                                                                                  
     17000  $17,000.00                                                                                                                                                                                  
     17000  $17,000.00                                                                                                                                                                                  
      9000   $9,000.00                                                                                                                                                                                  
      6000   $6,000.00                                                                                                                                                                                  
      4200   $4,200.00                                                                                                                                                                                  
      5800   $5,800.00                                                                                                                                                                                  
      3500   $3,500.00                                                                                                                                                                                  
      3100   $3,100.00                                                                                                                                                                                  
      2600   $2,600.00                                                                                                                                                                                  
      2500   $2,500.00                                                                                                                                                                                  
     10500  $10,500.00                                                                                                                                                                                  
     11000  $11,000.00                                                                                                                                                                                  
      8600   $8,600.00                                                                                                                                                                                  
      7000   $7,000.00                                                                                                                                                                                  
      4400   $4,400.00                                                                                                                                                                                  
     13000  $13,000.00                                                                                                                                                                                  
      6000   $6,000.00                                                                                                                                                                                  
     12000  $12,000.00                                                                                                                                                                                  
      8300   $8,300.00                                                                                                                                                                                  

20 rows selected.

SQL> SELECT SALARY , TO_CHAR(SALARY,'99,$999.00') FROM EMPLOYEES;

    SALARY TO_CHAR(SAL                                                                                                                                                                                  
---------- -----------                                                                                                                                                                                  
     24000  $24,000.00                                                                                                                                                                                  
     17000  $17,000.00                                                                                                                                                                                  
     17000  $17,000.00                                                                                                                                                                                  
      9000   $9,000.00                                                                                                                                                                                  
      6000   $6,000.00                                                                                                                                                                                  
      4200   $4,200.00                                                                                                                                                                                  
      5800   $5,800.00                                                                                                                                                                                  
      3500   $3,500.00                                                                                                                                                                                  
      3100   $3,100.00                                                                                                                                                                                  
      2600   $2,600.00                                                                                                                                                                                  
      2500   $2,500.00                                                                                                                                                                                  
     10500  $10,500.00                                                                                                                                                                                  
     11000  $11,000.00                                                                                                                                                                                  
      8600   $8,600.00                                                                                                                                                                                  
      7000   $7,000.00                                                                                                                                                                                  
      4400   $4,400.00                                                                                                                                                                                  
     13000  $13,000.00                                                                                                                                                                                  
      6000   $6,000.00                                                                                                                                                                                  
     12000  $12,000.00                                                                                                                                                                                  
      8300   $8,300.00                                                                                                                                                                                  

20 rows selected.

SQL> SELECT SALARY , TO_CHAR(SALARY,'L99,999.00') FROM EMPLOYEES;

    SALARY TO_CHAR(SALARY,'L99,                                                                                                                                                                         
---------- --------------------                                                                                                                                                                         
     24000           $24,000.00                                                                                                                                                                         
     17000           $17,000.00                                                                                                                                                                         
     17000           $17,000.00                                                                                                                                                                         
      9000            $9,000.00                                                                                                                                                                         
      6000            $6,000.00                                                                                                                                                                         
      4200            $4,200.00                                                                                                                                                                         
      5800            $5,800.00                                                                                                                                                                         
      3500            $3,500.00                                                                                                                                                                         
      3100            $3,100.00                                                                                                                                                                         
      2600            $2,600.00                                                                                                                                                                         
      2500            $2,500.00                                                                                                                                                                         
     10500           $10,500.00                                                                                                                                                                         
     11000           $11,000.00                                                                                                                                                                         
      8600            $8,600.00                                                                                                                                                                         
      7000            $7,000.00                                                                                                                                                                         
      4400            $4,400.00                                                                                                                                                                         
     13000           $13,000.00                                                                                                                                                                         
      6000            $6,000.00                                                                                                                                                                         
     12000           $12,000.00                                                                                                                                                                         
      8300            $8,300.00                                                                                                                                                                         

20 rows selected.

SQL> SELECT SALARY , TO_CHAR(SALARY,'99,999.00L') FROM EMPLOYEES;

    SALARY TO_CHAR(SALARY,'99,9                                                                                                                                                                         
---------- --------------------                                                                                                                                                                         
     24000           24,000.00$                                                                                                                                                                         
     17000           17,000.00$                                                                                                                                                                         
     17000           17,000.00$                                                                                                                                                                         
      9000            9,000.00$                                                                                                                                                                         
      6000            6,000.00$                                                                                                                                                                         
      4200            4,200.00$                                                                                                                                                                         
      5800            5,800.00$                                                                                                                                                                         
      3500            3,500.00$                                                                                                                                                                         
      3100            3,100.00$                                                                                                                                                                         
      2600            2,600.00$                                                                                                                                                                         
      2500            2,500.00$                                                                                                                                                                         
     10500           10,500.00$                                                                                                                                                                         
     11000           11,000.00$                                                                                                                                                                         
      8600            8,600.00$                                                                                                                                                                         
      7000            7,000.00$                                                                                                                                                                         
      4400            4,400.00$                                                                                                                                                                         
     13000           13,000.00$                                                                                                                                                                         
      6000            6,000.00$                                                                                                                                                                         
     12000           12,000.00$                                                                                                                                                                         
      8300            8,300.00$                                                                                                                                                                         

20 rows selected.

SQL> SELECT SALARY , TO_CHAR(SALARY,'99,999.00U') FROM EMPLOYEES;

    SALARY TO_CHAR(SALARY,'99,9                                                                                                                                                                         
---------- --------------------                                                                                                                                                                         
     24000           24,000.00$                                                                                                                                                                         
     17000           17,000.00$                                                                                                                                                                         
     17000           17,000.00$                                                                                                                                                                         
      9000            9,000.00$                                                                                                                                                                         
      6000            6,000.00$                                                                                                                                                                         
      4200            4,200.00$                                                                                                                                                                         
      5800            5,800.00$                                                                                                                                                                         
      3500            3,500.00$                                                                                                                                                                         
      3100            3,100.00$                                                                                                                                                                         
      2600            2,600.00$                                                                                                                                                                         
      2500            2,500.00$                                                                                                                                                                         
     10500           10,500.00$                                                                                                                                                                         
     11000           11,000.00$                                                                                                                                                                         
      8600            8,600.00$                                                                                                                                                                         
      7000            7,000.00$                                                                                                                                                                         
      4400            4,400.00$                                                                                                                                                                         
     13000           13,000.00$                                                                                                                                                                         
      6000            6,000.00$                                                                                                                                                                         
     12000           12,000.00$                                                                                                                                                                         
      8300            8,300.00$                                                                                                                                                                         

20 rows selected.

SQL> SELECT SALARY , TO_CHAR(SALARY,'U99,999.00') FROM EMPLOYEES;

    SALARY TO_CHAR(SALARY,'U99,                                                                                                                                                                         
---------- --------------------                                                                                                                                                                         
     24000           $24,000.00                                                                                                                                                                         
     17000           $17,000.00                                                                                                                                                                         
     17000           $17,000.00                                                                                                                                                                         
      9000            $9,000.00                                                                                                                                                                         
      6000            $6,000.00                                                                                                                                                                         
      4200            $4,200.00                                                                                                                                                                         
      5800            $5,800.00                                                                                                                                                                         
      3500            $3,500.00                                                                                                                                                                         
      3100            $3,100.00                                                                                                                                                                         
      2600            $2,600.00                                                                                                                                                                         
      2500            $2,500.00                                                                                                                                                                         
     10500           $10,500.00                                                                                                                                                                         
     11000           $11,000.00                                                                                                                                                                         
      8600            $8,600.00                                                                                                                                                                         
      7000            $7,000.00                                                                                                                                                                         
      4400            $4,400.00                                                                                                                                                                         
     13000           $13,000.00                                                                                                                                                                         
      6000            $6,000.00                                                                                                                                                                         
     12000           $12,000.00                                                                                                                                                                         
      8300            $8,300.00                                                                                                                                                                         

20 rows selected.

SQL> SELECT * FROM NLS_SESSION_PARAMETERS;

PARAMETER                      VALUE                                                                                                                                                                    
------------------------------ ------------------------------                                                                                                                                           
NLS_LANGUAGE                   AMERICAN                                                                                                                                                                 
NLS_TERRITORY                  AMERICA                                                                                                                                                                  
NLS_CURRENCY                   $                                                                                                                                                                        
NLS_ISO_CURRENCY               AMERICA                                                                                                                                                                  
NLS_NUMERIC_CHARACTERS         ^!                                                                                                                                                                       
NLS_CALENDAR                   GREGORIAN                                                                                                                                                                
NLS_DATE_FORMAT                DD-MON-RR                                                                                                                                                                
NLS_DATE_LANGUAGE              AMERICAN                                                                                                                                                                 
NLS_SORT                       BINARY                                                                                                                                                                   
NLS_TIME_FORMAT                HH.MI.SSXFF AM                                                                                                                                                           
NLS_TIMESTAMP_FORMAT           DD-MON-RR HH.MI.SSXFF AM                                                                                                                                                 
NLS_TIME_TZ_FORMAT             HH.MI.SSXFF AM TZR                                                                                                                                                       
NLS_TIMESTAMP_TZ_FORMAT        DD-MON-RR HH.MI.SSXFF AM TZR                                                                                                                                             
NLS_DUAL_CURRENCY              $                                                                                                                                                                        
NLS_COMP                       BINARY                                                                                                                                                                   
NLS_LENGTH_SEMANTICS           BYTE                                                                                                                                                                     
NLS_NCHAR_CONV_EXCP            FALSE                                                                                                                                                                    

17 rows selected.

SQL> ALTER SESSION SET NLS_CURRENCY = 'Rs.';

Session altered.

SQL> ALTER SESSION SET NLS_DUAL_CURRENCY = '';

Session altered.

SQL> 
SQL> SELECT SALARY , TO_CHAR(SALARY,'L99,999.00') FROM EMPLOYEES;

    SALARY TO_CHAR(SALARY,'L99,                                                                                                                                                                         
---------- --------------------                                                                                                                                                                         
     24000         Rs.24,000.00                                                                                                                                                                         
     17000         Rs.17,000.00                                                                                                                                                                         
     17000         Rs.17,000.00                                                                                                                                                                         
      9000          Rs.9,000.00                                                                                                                                                                         
      6000          Rs.6,000.00                                                                                                                                                                         
      4200          Rs.4,200.00                                                                                                                                                                         
      5800          Rs.5,800.00                                                                                                                                                                         
      3500          Rs.3,500.00                                                                                                                                                                         
      3100          Rs.3,100.00                                                                                                                                                                         
      2600          Rs.2,600.00                                                                                                                                                                         
      2500          Rs.2,500.00                                                                                                                                                                         
     10500         Rs.10,500.00                                                                                                                                                                         
     11000         Rs.11,000.00                                                                                                                                                                         
      8600          Rs.8,600.00                                                                                                                                                                         
      7000          Rs.7,000.00                                                                                                                                                                         
      4400          Rs.4,400.00                                                                                                                                                                         
     13000         Rs.13,000.00                                                                                                                                                                         
      6000          Rs.6,000.00                                                                                                                                                                         
     12000         Rs.12,000.00                                                                                                                                                                         
      8300          Rs.8,300.00                                                                                                                                                                         

20 rows selected.

SQL> SELECT SALARY , TO_CHAR(SALARY,'99,999.00L') FROM EMPLOYEES;

    SALARY TO_CHAR(SALARY,'99,9                                                                                                                                                                         
---------- --------------------                                                                                                                                                                         
     24000         24,000.00Rs.                                                                                                                                                                         
     17000         17,000.00Rs.                                                                                                                                                                         
     17000         17,000.00Rs.                                                                                                                                                                         
      9000          9,000.00Rs.                                                                                                                                                                         
      6000          6,000.00Rs.                                                                                                                                                                         
      4200          4,200.00Rs.                                                                                                                                                                         
      5800          5,800.00Rs.                                                                                                                                                                         
      3500          3,500.00Rs.                                                                                                                                                                         
      3100          3,100.00Rs.                                                                                                                                                                         
      2600          2,600.00Rs.                                                                                                                                                                         
      2500          2,500.00Rs.                                                                                                                                                                         
     10500         10,500.00Rs.                                                                                                                                                                         
     11000         11,000.00Rs.                                                                                                                                                                         
      8600          8,600.00Rs.                                                                                                                                                                         
      7000          7,000.00Rs.                                                                                                                                                                         
      4400          4,400.00Rs.                                                                                                                                                                         
     13000         13,000.00Rs.                                                                                                                                                                         
      6000          6,000.00Rs.                                                                                                                                                                         
     12000         12,000.00Rs.                                                                                                                                                                         
      8300          8,300.00Rs.                                                                                                                                                                         

20 rows selected.

SQL> SELECT SALARY , TO_CHAR(SALARY,'99,999.00U') FROM EMPLOYEES;

    SALARY TO_CHAR(SALARY,'99,9                                                                                                                                                                         
---------- --------------------                                                                                                                                                                         
     24000          24,000.00                                                                                                                                                                          
     17000          17,000.00                                                                                                                                                                          
     17000          17,000.00                                                                                                                                                                          
      9000           9,000.00                                                                                                                                                                          
      6000           6,000.00                                                                                                                                                                          
      4200           4,200.00                                                                                                                                                                          
      5800           5,800.00                                                                                                                                                                          
      3500           3,500.00                                                                                                                                                                          
      3100           3,100.00                                                                                                                                                                          
      2600           2,600.00                                                                                                                                                                          
      2500           2,500.00                                                                                                                                                                          
     10500          10,500.00                                                                                                                                                                          
     11000          11,000.00                                                                                                                                                                          
      8600           8,600.00                                                                                                                                                                          
      7000           7,000.00                                                                                                                                                                          
      4400           4,400.00                                                                                                                                                                          
     13000          13,000.00                                                                                                                                                                          
      6000           6,000.00                                                                                                                                                                          
     12000          12,000.00                                                                                                                                                                          
      8300           8,300.00                                                                                                                                                                          

20 rows selected.

SQL> SELECT SALARY , TO_CHAR(SALARY,'U99,999.00') FROM EMPLOYEES;

    SALARY TO_CHAR(SALARY,'U99,                                                                                                                                                                         
---------- --------------------                                                                                                                                                                         
     24000          24,000.00                                                                                                                                                                          
     17000          17,000.00                                                                                                                                                                          
     17000          17,000.00                                                                                                                                                                          
      9000           9,000.00                                                                                                                                                                          
      6000           6,000.00                                                                                                                                                                          
      4200           4,200.00                                                                                                                                                                          
      5800           5,800.00                                                                                                                                                                          
      3500           3,500.00                                                                                                                                                                          
      3100           3,100.00                                                                                                                                                                          
      2600           2,600.00                                                                                                                                                                          
      2500           2,500.00                                                                                                                                                                          
     10500          10,500.00                                                                                                                                                                          
     11000          11,000.00                                                                                                                                                                          
      8600           8,600.00                                                                                                                                                                          
      7000           7,000.00                                                                                                                                                                          
      4400           4,400.00                                                                                                                                                                          
     13000          13,000.00                                                                                                                                                                          
      6000           6,000.00                                                                                                                                                                          
     12000          12,000.00                                                                                                                                                                          
      8300           8,300.00                                                                                                                                                                          

20 rows selected.

SQL> REM 1 24000.00
SQL> 
SQL> REM 2 24,000
SQL> 
SQL> REM 3 24^000~00
SQL> 
SQL> REM 4 24000Rs
SQL> 
SQL> REM 5 24#000=00
SQL> 
SQL> 
SQL> SELECT FIRST_NAME , SALARY , TO_CHAR(SALARY,'99999.99') FROM EMPLOYEES;

FIRST_NAME          SALARY TO_CHAR(S                                                                                                                                                                    
--------------- ---------- ---------                                                                                                                                                                    
Steven               24000  24000.00                                                                                                                                                                    
Neena                17000  17000.00                                                                                                                                                                    
Lex                  17000  17000.00                                                                                                                                                                    
Alexander             9000   9000.00                                                                                                                                                                    
Bruce                 6000   6000.00                                                                                                                                                                    
Diana                 4200   4200.00                                                                                                                                                                    
Kevin                 5800   5800.00                                                                                                                                                                    
Trenna                3500   3500.00                                                                                                                                                                    
Curtis                3100   3100.00                                                                                                                                                                    
Randall               2600   2600.00                                                                                                                                                                    
Peter                 2500   2500.00                                                                                                                                                                    
Eleni                10500  10500.00                                                                                                                                                                    
Ellen                11000  11000.00                                                                                                                                                                    
Jonathon              8600   8600.00                                                                                                                                                                    
Kimerely              7000   7000.00                                                                                                                                                                    
Jennifer              4400   4400.00                                                                                                                                                                    
Michael              13000  13000.00                                                                                                                                                                    
Pat                   6000   6000.00                                                                                                                                                                    
Shelley              12000  12000.00                                                                                                                                                                    
William               8300   8300.00                                                                                                                                                                    

20 rows selected.

SQL> REM 2 24,000
SQL> 
SQL> SELECT FIRST_NAME , SALARY , TO_CHAR(SALARY,'99,999') FROM EMPLOYEES;

FIRST_NAME          SALARY TO_CHAR                                                                                                                                                                      
--------------- ---------- -------                                                                                                                                                                      
Steven               24000  24,000                                                                                                                                                                      
Neena                17000  17,000                                                                                                                                                                      
Lex                  17000  17,000                                                                                                                                                                      
Alexander             9000   9,000                                                                                                                                                                      
Bruce                 6000   6,000                                                                                                                                                                      
Diana                 4200   4,200                                                                                                                                                                      
Kevin                 5800   5,800                                                                                                                                                                      
Trenna                3500   3,500                                                                                                                                                                      
Curtis                3100   3,100                                                                                                                                                                      
Randall               2600   2,600                                                                                                                                                                      
Peter                 2500   2,500                                                                                                                                                                      
Eleni                10500  10,500                                                                                                                                                                      
Ellen                11000  11,000                                                                                                                                                                      
Jonathon              8600   8,600                                                                                                                                                                      
Kimerely              7000   7,000                                                                                                                                                                      
Jennifer              4400   4,400                                                                                                                                                                      
Michael              13000  13,000                                                                                                                                                                      
Pat                   6000   6,000                                                                                                                                                                      
Shelley              12000  12,000                                                                                                                                                                      
William               8300   8,300                                                                                                                                                                      

20 rows selected.

SQL> REM 3 24^000~00
SQL> 
SQL> ALTER SESSION SET NLS_NUMERIC_CHARACTERS = '~^';

Session altered.

SQL> SELECT FIRST_NAME , SALARY , TO_CHAR(SALARY,'99G999D99') FROM EMPLOYEES;

FIRST_NAME          SALARY TO_CHAR(SA                                                                                                                                                                   
--------------- ---------- ----------                                                                                                                                                                   
Steven               24000  24^000~00                                                                                                                                                                   
Neena                17000  17^000~00                                                                                                                                                                   
Lex                  17000  17^000~00                                                                                                                                                                   
Alexander             9000   9^000~00                                                                                                                                                                   
Bruce                 6000   6^000~00                                                                                                                                                                   
Diana                 4200   4^200~00                                                                                                                                                                   
Kevin                 5800   5^800~00                                                                                                                                                                   
Trenna                3500   3^500~00                                                                                                                                                                   
Curtis                3100   3^100~00                                                                                                                                                                   
Randall               2600   2^600~00                                                                                                                                                                   
Peter                 2500   2^500~00                                                                                                                                                                   
Eleni                10500  10^500~00                                                                                                                                                                   
Ellen                11000  11^000~00                                                                                                                                                                   
Jonathon              8600   8^600~00                                                                                                                                                                   
Kimerely              7000   7^000~00                                                                                                                                                                   
Jennifer              4400   4^400~00                                                                                                                                                                   
Michael              13000  13^000~00                                                                                                                                                                   
Pat                   6000   6^000~00                                                                                                                                                                   
Shelley              12000  12^000~00                                                                                                                                                                   
William               8300   8^300~00                                                                                                                                                                   

20 rows selected.

SQL> REM 4 24000Rs
SQL> 
SQL> ALTER SESSION SET NLS_CURRENCY = 'Rs';

Session altered.

SQL> 
SQL> SELECT FIRST_NAME , SALARY , TO_CHAR(SALARY,'99999L') FROM EMPLOYEES;

FIRST_NAME          SALARY TO_CHAR(SALARY,'                                                                                                                                                             
--------------- ---------- ----------------                                                                                                                                                             
Steven               24000          24000Rs                                                                                                                                                             
Neena                17000          17000Rs                                                                                                                                                             
Lex                  17000          17000Rs                                                                                                                                                             
Alexander             9000           9000Rs                                                                                                                                                             
Bruce                 6000           6000Rs                                                                                                                                                             
Diana                 4200           4200Rs                                                                                                                                                             
Kevin                 5800           5800Rs                                                                                                                                                             
Trenna                3500           3500Rs                                                                                                                                                             
Curtis                3100           3100Rs                                                                                                                                                             
Randall               2600           2600Rs                                                                                                                                                             
Peter                 2500           2500Rs                                                                                                                                                             
Eleni                10500          10500Rs                                                                                                                                                             
Ellen                11000          11000Rs                                                                                                                                                             
Jonathon              8600           8600Rs                                                                                                                                                             
Kimerely              7000           7000Rs                                                                                                                                                             
Jennifer              4400           4400Rs                                                                                                                                                             
Michael              13000          13000Rs                                                                                                                                                             
Pat                   6000           6000Rs                                                                                                                                                             
Shelley              12000          12000Rs                                                                                                                                                             
William               8300           8300Rs                                                                                                                                                             

20 rows selected.

SQL> REM 5 24#000=00
SQL> 
SQL> ALTER SESSION SET NLS_DUAL_CURRENCY = '';

Session altered.

SQL> ALTER SESSION SET NLS_NUMERIC_CHARACTERS = '=#';

Session altered.

SQL> 
SQL> SELECT FIRST_NAME , SALARY , TO_CHAR(SALARY,'U99G999D99') FROM EMPLOYEES;

FIRST_NAME          SALARY TO_CHAR(SALARY,'U99G                                                                                                                                                         
--------------- ---------- --------------------                                                                                                                                                         
Steven               24000          24#000=00                                                                                                                                                          
Neena                17000          17#000=00                                                                                                                                                          
Lex                  17000          17#000=00                                                                                                                                                          
Alexander             9000           9#000=00                                                                                                                                                          
Bruce                 6000           6#000=00                                                                                                                                                          
Diana                 4200           4#200=00                                                                                                                                                          
Kevin                 5800           5#800=00                                                                                                                                                          
Trenna                3500           3#500=00                                                                                                                                                          
Curtis                3100           3#100=00                                                                                                                                                          
Randall               2600           2#600=00                                                                                                                                                          
Peter                 2500           2#500=00                                                                                                                                                          
Eleni                10500          10#500=00                                                                                                                                                          
Ellen                11000          11#000=00                                                                                                                                                          
Jonathon              8600           8#600=00                                                                                                                                                          
Kimerely              7000           7#000=00                                                                                                                                                          
Jennifer              4400           4#400=00                                                                                                                                                          
Michael              13000          13#000=00                                                                                                                                                          
Pat                   6000           6#000=00                                                                                                                                                          
Shelley              12000          12#000=00                                                                                                                                                          
William               8300           8#300=00                                                                                                                                                          

20 rows selected.

SQL> REM LIST OF VALID NUMBER FORMAT CHARACTERS :  9 0    . ,    D G    $ L U    S MI PR   EEEE    V
SQL> 
SQL> SELECT * FROM POSNEGNO;

        NO                                                                                                                                                                                              
----------                                                                                                                                                                                              
        12                                                                                                                                                                                              
                                                                                                                                                                                                        
         0                                                                                                                                                                                              
       -12                                                                                                                                                                                              

SQL> SELECT NO , TO_CHAR(NO,'99.99') FROM POSNEGNO;

        NO TO_CHA                                                                                                                                                                                       
---------- ------                                                                                                                                                                                       
        12  12.00                                                                                                                                                                                       
                                                                                                                                                                                                        
         0    .00                                                                                                                                                                                       
       -12 -12.00                                                                                                                                                                                       

SQL> SELECT NO , TO_CHAR(NO,'S99.99') FROM POSNEGNO;

        NO TO_CHA                                                                                                                                                                                       
---------- ------                                                                                                                                                                                       
        12 +12.00                                                                                                                                                                                       
                                                                                                                                                                                                        
         0   +.00                                                                                                                                                                                       
       -12 -12.00                                                                                                                                                                                       

SQL> SELECT NO , TO_CHAR(NO,'99.99S') FROM POSNEGNO;

        NO TO_CHA                                                                                                                                                                                       
---------- ------                                                                                                                                                                                       
        12 12.00+                                                                                                                                                                                       
                                                                                                                                                                                                        
         0   .00+                                                                                                                                                                                       
       -12 12.00-                                                                                                                                                                                       

SQL> SELECT NO , TO_CHAR(NO,'MI99.99') FROM POSNEGNO;
SELECT NO , TO_CHAR(NO,'MI99.99') FROM POSNEGNO
                       *
ERROR at line 1:
ORA-01481: invalid number format model 


SQL> SELECT NO , TO_CHAR(NO,'99.99MI') FROM POSNEGNO;

        NO TO_CHA                                                                                                                                                                                       
---------- ------                                                                                                                                                                                       
        12 12.00                                                                                                                                                                                        
                                                                                                                                                                                                        
         0   .00                                                                                                                                                                                        
       -12 12.00-                                                                                                                                                                                       

SQL> SELECT NO , TO_CHAR(NO,'PR99.99') FROM POSNEGNO;
SELECT NO , TO_CHAR(NO,'PR99.99') FROM POSNEGNO
                       *
ERROR at line 1:
ORA-01481: invalid number format model 


SQL> SELECT NO , TO_CHAR(NO,'99.99PR') FROM POSNEGNO;

        NO TO_CHAR                                                                                                                                                                                      
---------- -------                                                                                                                                                                                      
        12  12.00                                                                                                                                                                                       
                                                                                                                                                                                                        
         0    .00                                                                                                                                                                                       
       -12 <12.00>                                                                                                                                                                                      

SQL> REM PR : PaRenthesized
SQL> 
SQL> REM LIST OF VALID NUMBER FORMAT CHARACTERS :  9 0    . ,    D G    $ L U    S MI PR   EEEE    V
SQL> 
SQL> SELECT SALARY , TO_CHAR(SALARY,'99.99EEEE') FROM EMPLOYEES;

    SALARY TO_CHAR(SA                                                                                                                                                                                   
---------- ----------                                                                                                                                                                                   
     24000   2.40E+04                                                                                                                                                                                   
     17000   1.70E+04                                                                                                                                                                                   
     17000   1.70E+04                                                                                                                                                                                   
      9000   9.00E+03                                                                                                                                                                                   
      6000   6.00E+03                                                                                                                                                                                   
      4200   4.20E+03                                                                                                                                                                                   
      5800   5.80E+03                                                                                                                                                                                   
      3500   3.50E+03                                                                                                                                                                                   
      3100   3.10E+03                                                                                                                                                                                   
      2600   2.60E+03                                                                                                                                                                                   
      2500   2.50E+03                                                                                                                                                                                   
     10500   1.05E+04                                                                                                                                                                                   
     11000   1.10E+04                                                                                                                                                                                   
      8600   8.60E+03                                                                                                                                                                                   
      7000   7.00E+03                                                                                                                                                                                   
      4400   4.40E+03                                                                                                                                                                                   
     13000   1.30E+04                                                                                                                                                                                   
      6000   6.00E+03                                                                                                                                                                                   
     12000   1.20E+04                                                                                                                                                                                   
      8300   8.30E+03                                                                                                                                                                                   

20 rows selected.

SQL> REM 2.4E+04 = 2.4 * POWER(10,4)
SQL> 
SQL> SELECT 2.4 * POWER(10,4) FROM DUAL;

2.4*POWER(10,4)                                                                                                                                                                                         
---------------                                                                                                                                                                                         
          24000                                                                                                                                                                                         

SQL> SELECT CASE WHEN SALARY > 10000 THEN SALARY * 100000 ELSE SALARY / 100000 END NEWSAL FROM EMPLOYEES;

    NEWSAL                                                                                                                                                                                              
----------                                                                                                                                                                                              
2400000000                                                                                                                                                                                              
1700000000                                                                                                                                                                                              
1700000000                                                                                                                                                                                              
       =09                                                                                                                                                                                              
       =06                                                                                                                                                                                              
      =042                                                                                                                                                                                              
      =058                                                                                                                                                                                              
      =035                                                                                                                                                                                              
      =031                                                                                                                                                                                              
      =026                                                                                                                                                                                              
      =025                                                                                                                                                                                              
1050000000                                                                                                                                                                                              
1100000000                                                                                                                                                                                              
      =086                                                                                                                                                                                              
       =07                                                                                                                                                                                              
      =044                                                                                                                                                                                              
1300000000                                                                                                                                                                                              
       =06                                                                                                                                                                                              
1200000000                                                                                                                                                                                              
      =083                                                                                                                                                                                              

20 rows selected.

SQL> CONN SCOTT/TIGER
Connected.
SQL> 
SQL> SELECT CASE WHEN SALARY > 10000 THEN SALARY * 100000 ELSE SALARY / 100000 END NEWSAL FROM EMPLOYEES;

    NEWSAL                                                                                                                                                                                              
----------                                                                                                                                                                                              
2400000000                                                                                                                                                                                              
1700000000                                                                                                                                                                                              
1700000000                                                                                                                                                                                              
       .09                                                                                                                                                                                              
       .06                                                                                                                                                                                              
      .042                                                                                                                                                                                              
      .058                                                                                                                                                                                              
      .035                                                                                                                                                                                              
      .031                                                                                                                                                                                              
      .026                                                                                                                                                                                              
      .025                                                                                                                                                                                              
1050000000                                                                                                                                                                                              
1100000000                                                                                                                                                                                              
      .086                                                                                                                                                                                              
       .07                                                                                                                                                                                              
      .044                                                                                                                                                                                              
1300000000                                                                                                                                                                                              
       .06                                                                                                                                                                                              
1200000000                                                                                                                                                                                              
      .083                                                                                                                                                                                              

20 rows selected.

SQL> SELECT CASE WHEN SALARY > 10000 THEN SALARY * 100000 ELSE SALARY / 100000 END NEWSAL ,
  2  TO_CHAR(CASE WHEN SALARY > 10000 THEN SALARY * 100000 ELSE SALARY / 100000 END,'99.99EEEE') NEWSAL
  3  FROM EMPLOYEES;

    NEWSAL NEWSAL                                                                                                                                                                                       
---------- ----------                                                                                                                                                                                   
2400000000   2.40E+09                                                                                                                                                                                   
1700000000   1.70E+09                                                                                                                                                                                   
1700000000   1.70E+09                                                                                                                                                                                   
       .09   9.00E-02                                                                                                                                                                                   
       .06   6.00E-02                                                                                                                                                                                   
      .042   4.20E-02                                                                                                                                                                                   
      .058   5.80E-02                                                                                                                                                                                   
      .035   3.50E-02                                                                                                                                                                                   
      .031   3.10E-02                                                                                                                                                                                   
      .026   2.60E-02                                                                                                                                                                                   
      .025   2.50E-02                                                                                                                                                                                   
1050000000   1.05E+09                                                                                                                                                                                   
1100000000   1.10E+09                                                                                                                                                                                   
      .086   8.60E-02                                                                                                                                                                                   
       .07   7.00E-02                                                                                                                                                                                   
      .044   4.40E-02                                                                                                                                                                                   
1300000000   1.30E+09                                                                                                                                                                                   
       .06   6.00E-02                                                                                                                                                                                   
1200000000   1.20E+09                                                                                                                                                                                   
      .083   8.30E-02                                                                                                                                                                                   

20 rows selected.

SQL> SELECT SALARY , TO_CHAR(SALARY,'99.99eeee') FROM EMPLOYEES;

    SALARY TO_CHAR(SA                                                                                                                                                                                   
---------- ----------                                                                                                                                                                                   
     24000   2.40E+04                                                                                                                                                                                   
     17000   1.70E+04                                                                                                                                                                                   
     17000   1.70E+04                                                                                                                                                                                   
      9000   9.00E+03                                                                                                                                                                                   
      6000   6.00E+03                                                                                                                                                                                   
      4200   4.20E+03                                                                                                                                                                                   
      5800   5.80E+03                                                                                                                                                                                   
      3500   3.50E+03                                                                                                                                                                                   
      3100   3.10E+03                                                                                                                                                                                   
      2600   2.60E+03                                                                                                                                                                                   
      2500   2.50E+03                                                                                                                                                                                   
     10500   1.05E+04                                                                                                                                                                                   
     11000   1.10E+04                                                                                                                                                                                   
      8600   8.60E+03                                                                                                                                                                                   
      7000   7.00E+03                                                                                                                                                                                   
      4400   4.40E+03                                                                                                                                                                                   
     13000   1.30E+04                                                                                                                                                                                   
      6000   6.00E+03                                                                                                                                                                                   
     12000   1.20E+04                                                                                                                                                                                   
      8300   8.30E+03                                                                                                                                                                                   

20 rows selected.

SQL> SELECT SALARY , TO_CHAR(SALARY,'99.99Eeee') FROM EMPLOYEES;
SELECT SALARY , TO_CHAR(SALARY,'99.99Eeee') FROM EMPLOYEES
                               *
ERROR at line 1:
ORA-01481: invalid number format model 


SQL> SELECT SALARY , TO_CHAR(SALARY,'99.99EeEe') FROM EMPLOYEES;
SELECT SALARY , TO_CHAR(SALARY,'99.99EeEe') FROM EMPLOYEES
                               *
ERROR at line 1:
ORA-01481: invalid number format model 


SQL> SELECT SALARY , TO_CHAR(SALARY,'99.99eee') FROM EMPLOYEES;
SELECT SALARY , TO_CHAR(SALARY,'99.99eee') FROM EMPLOYEES
                               *
ERROR at line 1:
ORA-01481: invalid number format model 


SQL> SELECT SALARY , TO_CHAR(SALARY,'99.99eeeee') FROM EMPLOYEES;
SELECT SALARY , TO_CHAR(SALARY,'99.99eeeee') FROM EMPLOYEES
                               *
ERROR at line 1:
ORA-01481: invalid number format model 


SQL> SELECT 1456 , TO_CHAR(1456,'9999V0000000') FROM DUAL;

      1456 TO_CHAR(1456                                                                                                                                                                                 
---------- ------------                                                                                                                                                                                 
      1456  14560000000                                                                                                                                                                                 

SQL> SELECT 1456 , TO_CHAR(1456,'9999V00000') FROM DUAL;

      1456 TO_CHAR(14                                                                                                                                                                                   
---------- ----------                                                                                                                                                                                   
      1456  145600000                                                                                                                                                                                   

SQL> SELECT 1456 , TO_CHAR(1456,'9999V000') FROM DUAL;

      1456 TO_CHAR(                                                                                                                                                                                     
---------- --------                                                                                                                                                                                     
      1456  1456000                                                                                                                                                                                     

SQL> REM LIST OF VALID NUMBER FORMAT CHARACTERS :  9 0    . ,    D G    $ L U    S MI PR   EEEE    V
SQL> 
SQL> REM 1 DISPLAY SALARY VALUE IN EXPONENT FORMAT
SQL> 
SQL> REM 2 DISPLAY SALARY VALUE WITH SIGN ON RIGHT
SQL> 
SQL> SELECT SALARY , TO_CHAR(SALARY,'99.99EEEE') FROM EMPLOYEES;

    SALARY TO_CHAR(SA                                                                                                                                                                                   
---------- ----------                                                                                                                                                                                   
     24000   2.40E+04                                                                                                                                                                                   
     17000   1.70E+04                                                                                                                                                                                   
     17000   1.70E+04                                                                                                                                                                                   
      9000   9.00E+03                                                                                                                                                                                   
      6000   6.00E+03                                                                                                                                                                                   
      4200   4.20E+03                                                                                                                                                                                   
      5800   5.80E+03                                                                                                                                                                                   
      3500   3.50E+03                                                                                                                                                                                   
      3100   3.10E+03                                                                                                                                                                                   
      2600   2.60E+03                                                                                                                                                                                   
      2500   2.50E+03                                                                                                                                                                                   
     10500   1.05E+04                                                                                                                                                                                   
     11000   1.10E+04                                                                                                                                                                                   
      8600   8.60E+03                                                                                                                                                                                   
      7000   7.00E+03                                                                                                                                                                                   
      4400   4.40E+03                                                                                                                                                                                   
     13000   1.30E+04                                                                                                                                                                                   
      6000   6.00E+03                                                                                                                                                                                   
     12000   1.20E+04                                                                                                                                                                                   
      8300   8.30E+03                                                                                                                                                                                   

20 rows selected.

SQL> SELECT SALARY , TO_CHAR(SALARY,'99999EEEE') FROM EMPLOYEES;

    SALARY TO_CHAR                                                                                                                                                                                      
---------- -------                                                                                                                                                                                      
     24000   2E+04                                                                                                                                                                                      
     17000   2E+04                                                                                                                                                                                      
     17000   2E+04                                                                                                                                                                                      
      9000   9E+03                                                                                                                                                                                      
      6000   6E+03                                                                                                                                                                                      
      4200   4E+03                                                                                                                                                                                      
      5800   6E+03                                                                                                                                                                                      
      3500   4E+03                                                                                                                                                                                      
      3100   3E+03                                                                                                                                                                                      
      2600   3E+03                                                                                                                                                                                      
      2500   3E+03                                                                                                                                                                                      
     10500   1E+04                                                                                                                                                                                      
     11000   1E+04                                                                                                                                                                                      
      8600   9E+03                                                                                                                                                                                      
      7000   7E+03                                                                                                                                                                                      
      4400   4E+03                                                                                                                                                                                      
     13000   1E+04                                                                                                                                                                                      
      6000   6E+03                                                                                                                                                                                      
     12000   1E+04                                                                                                                                                                                      
      8300   8E+03                                                                                                                                                                                      

20 rows selected.

SQL> REM 2 DISPLAY SALARY VALUE WITH SIGN ON RIGHT
SQL> 
SQL> SELECT SALARY , TO_CHAR(SALARY,'99999S') FROM EMPLOYEES;

    SALARY TO_CHA                                                                                                                                                                                       
---------- ------                                                                                                                                                                                       
     24000 24000+                                                                                                                                                                                       
     17000 17000+                                                                                                                                                                                       
     17000 17000+                                                                                                                                                                                       
      9000  9000+                                                                                                                                                                                       
      6000  6000+                                                                                                                                                                                       
      4200  4200+                                                                                                                                                                                       
      5800  5800+                                                                                                                                                                                       
      3500  3500+                                                                                                                                                                                       
      3100  3100+                                                                                                                                                                                       
      2600  2600+                                                                                                                                                                                       
      2500  2500+                                                                                                                                                                                       
     10500 10500+                                                                                                                                                                                       
     11000 11000+                                                                                                                                                                                       
      8600  8600+                                                                                                                                                                                       
      7000  7000+                                                                                                                                                                                       
      4400  4400+                                                                                                                                                                                       
     13000 13000+                                                                                                                                                                                       
      6000  6000+                                                                                                                                                                                       
     12000 12000+                                                                                                                                                                                       
      8300  8300+                                                                                                                                                                                       

20 rows selected.

SQL> 
SQL> 
SQL> SELECT SALARY , TO_CHAR(SALARY,'9999') FROM EMPLOYEES;

    SALARY TO_CH                                                                                                                                                                                        
---------- -----                                                                                                                                                                                        
     24000 #####                                                                                                                                                                                        
     17000 #####                                                                                                                                                                                        
     17000 #####                                                                                                                                                                                        
      9000  9000                                                                                                                                                                                        
      6000  6000                                                                                                                                                                                        
      4200  4200                                                                                                                                                                                        
      5800  5800                                                                                                                                                                                        
      3500  3500                                                                                                                                                                                        
      3100  3100                                                                                                                                                                                        
      2600  2600                                                                                                                                                                                        
      2500  2500                                                                                                                                                                                        
     10500 #####                                                                                                                                                                                        
     11000 #####                                                                                                                                                                                        
      8600  8600                                                                                                                                                                                        
      7000  7000                                                                                                                                                                                        
      4400  4400                                                                                                                                                                                        
     13000 #####                                                                                                                                                                                        
      6000  6000                                                                                                                                                                                        
     12000 #####                                                                                                                                                                                        
      8300  8300                                                                                                                                                                                        

20 rows selected.

SQL> SPOOL OFF
