SQL> 
SQL> CL SCR

SQL> REM SELECT ... FROM ... WHERE ... ORDER BY ... OFFSET ... FETCH ...;
SQL> 
SQL> REM WHERE : IS USED FOR RESTRICTION/SELECTION PURPOSE.
SQL> 
SQL> REM IF WE USE 'WHERE' ONLY THOSE ROWS WILL GET DISPLAYED WHICH SATISFIES ATTACHED CONDITION(S)
SQL> 
SQL> SET LINES 200 PAGES 24
SQL> 
SQL> SELECT * FROM EMPLOYEES;

EMPLOYEE_ID FIRST_NAME      LAST_NAME       EMAIL      PHONE_NUMBER         HIRE_DATE JOB_ID         SALARY COMMISSION_PCT MANAGER_ID DEPARTMENT_ID                                                     
----------- --------------- --------------- ---------- -------------------- --------- ---------- ---------- -------------- ---------- -------------                                                     
        100 Steven          King            SKING      515.123.4567         17-JUL-87 AD_PRES         24000                                      90                                                     
        101 Neena           Kochhar         NKOCHHAR   515.123.4568         21-SEP-89 AD_VP           17000                       100            90                                                     
        102 Lex             De Haan         LDEHAAN    515.123.4569         13-JAN-93 AD_VP           17000                       100            90                                                     
        103 Alexander       Hunold          AHUNOLD    590.423.4567         03-JAN-90 IT_PROG          9000                       102            60                                                     
        104 Bruce           Ernst           BERNST     590.423.4568         21-MAY-91 IT_PROG          6000                       103            60                                                     
        107 Diana           Lorentz         DLORENTZ   590.423.5567         07-FEB-99 IT_PROG          4200                       103            60                                                     
        124 Kevin           Mourgos         KMOURGOS   650.123.5234         16-NOV-99 ST_MAN           5800                       100            50                                                     
        141 Trenna          Rajs            TRAJS      650.121.8009         17-OCT-95 ST_CLERK         3500                       124            50                                                     
        142 Curtis          Davies          CDAVIES    650.121.2994         29-JAN-97 ST_CLERK         3100                       124            50                                                     
        143 Randall         Matos           RMATOS     650.121.2874         15-MAR-98 ST_CLERK         2600                       124            50                                                     
        144 Peter           Vargas                     650.121.2004         09-JUL-98 ST_CLERK         2500                       124            50                                                     
        149 Eleni           Zlotkey         EZLOTKEY   011.44.1344.429018   29-JAN-00 SA_MAN          10500             .2        100            80                                                     
        174 Ellen           Abel            EABEL      011.44.1644.429267   11-MAY-96 SA_REP          11000             .3        149            80                                                     
        176 Jonathon        Taylor          JTAYLOR    011.44.1644.429265   24-MAR-98 SA_REP           8600             .3        149            80                                                     
        178 Kimerely        Grant           KGRANT     011.44.1644.429263   24-MAY-99 SA_REP           7000            .15        149                                                                   
        200 Jennifer        Whalen          JWHALEN    515.123.4444         17-SEP-87 AD_ASST          4400                       101            10                                                     
        201 Michael         Hartstein       MHARTSTE   515.123.5555         17-FEB-96 MK_MAN          13000                       100            20                                                     
        202 Pat             Fay             PFAY       603.123.6666         17-AUG-97 MK_REP           6000                       201            20                                                     
        205 Shelley         Higgins         SHIGGINS   515.123.8080         07-JUN-94 AC_MGR          12000                       101           110                                                     
        206 William         Gietz           WGIETZ     515.123.8181         07-JUN-94 AC_ACCOUNT       8300                       205           110                                                     

20 rows selected.

SQL> REM DISPLAY THOSE WHO GETS SALARY HIGHER THAN 10000
SQL> 
SQL> SELECT * FROM EMPLOYEES WHERE SALARY > 10000;

EMPLOYEE_ID FIRST_NAME      LAST_NAME       EMAIL      PHONE_NUMBER         HIRE_DATE JOB_ID         SALARY COMMISSION_PCT MANAGER_ID DEPARTMENT_ID                                                     
----------- --------------- --------------- ---------- -------------------- --------- ---------- ---------- -------------- ---------- -------------                                                     
        100 Steven          King            SKING      515.123.4567         17-JUL-87 AD_PRES         24000                                      90                                                     
        101 Neena           Kochhar         NKOCHHAR   515.123.4568         21-SEP-89 AD_VP           17000                       100            90                                                     
        102 Lex             De Haan         LDEHAAN    515.123.4569         13-JAN-93 AD_VP           17000                       100            90                                                     
        149 Eleni           Zlotkey         EZLOTKEY   011.44.1344.429018   29-JAN-00 SA_MAN          10500             .2        100            80                                                     
        174 Ellen           Abel            EABEL      011.44.1644.429267   11-MAY-96 SA_REP          11000             .3        149            80                                                     
        201 Michael         Hartstein       MHARTSTE   515.123.5555         17-FEB-96 MK_MAN          13000                       100            20                                                     
        205 Shelley         Higgins         SHIGGINS   515.123.8080         07-JUN-94 AC_MGR          12000                       101           110                                                     

7 rows selected.

SQL> REM DISPLAY THOSE WHO WORKS AS IT_PROG
SQL> 
SQL> SELECT * FROM EMPLOYEES WHERE JOB_ID = 'IT_PROG';

EMPLOYEE_ID FIRST_NAME      LAST_NAME       EMAIL      PHONE_NUMBER         HIRE_DATE JOB_ID         SALARY COMMISSION_PCT MANAGER_ID DEPARTMENT_ID                                                     
----------- --------------- --------------- ---------- -------------------- --------- ---------- ---------- -------------- ---------- -------------                                                     
        103 Alexander       Hunold          AHUNOLD    590.423.4567         03-JAN-90 IT_PROG          9000                       102            60                                                     
        104 Bruce           Ernst           BERNST     590.423.4568         21-MAY-91 IT_PROG          6000                       103            60                                                     
        107 Diana           Lorentz         DLORENTZ   590.423.5567         07-FEB-99 IT_PROG          4200                       103            60                                                     

SQL> SELECT * FROM EMPLOYEES WHERE JOB_ID = IT_PROG;
SELECT * FROM EMPLOYEES WHERE JOB_ID = IT_PROG
                                       *
ERROR at line 1:
ORA-00904: "IT_PROG": invalid identifier 


SQL> SELECT * FROM EMPLOYEES WHERE JOB_ID = "IT_PROG";
SELECT * FROM EMPLOYEES WHERE JOB_ID = "IT_PROG"
                                       *
ERROR at line 1:
ORA-00904: "IT_PROG": invalid identifier 


SQL> SELECT * FROM EMPLOYEES WHERE JOB_ID = 'IT_PROg';

no rows selected

SQL> SELECT * FROM EMPLOYEES WHERE JOB_ID = 'IT PROG';

no rows selected

SQL> SELECT * FROM EMPLOYEES WHERE JOB_ID = 'IT-PROG';

no rows selected

SQL> REM DISPLAY THOSE WHO WERE HIRED AFTER YEAR 95
SQL> 
SQL> SELECT * FROM EMPLOYEES WHERE HIRE_DATE > '31-DEC-95';

EMPLOYEE_ID FIRST_NAME      LAST_NAME       EMAIL      PHONE_NUMBER         HIRE_DATE JOB_ID         SALARY COMMISSION_PCT MANAGER_ID DEPARTMENT_ID                                                     
----------- --------------- --------------- ---------- -------------------- --------- ---------- ---------- -------------- ---------- -------------                                                     
        107 Diana           Lorentz         DLORENTZ   590.423.5567         07-FEB-99 IT_PROG          4200                       103            60                                                     
        124 Kevin           Mourgos         KMOURGOS   650.123.5234         16-NOV-99 ST_MAN           5800                       100            50                                                     
        142 Curtis          Davies          CDAVIES    650.121.2994         29-JAN-97 ST_CLERK         3100                       124            50                                                     
        143 Randall         Matos           RMATOS     650.121.2874         15-MAR-98 ST_CLERK         2600                       124            50                                                     
        144 Peter           Vargas                     650.121.2004         09-JUL-98 ST_CLERK         2500                       124            50                                                     
        149 Eleni           Zlotkey         EZLOTKEY   011.44.1344.429018   29-JAN-00 SA_MAN          10500             .2        100            80                                                     
        174 Ellen           Abel            EABEL      011.44.1644.429267   11-MAY-96 SA_REP          11000             .3        149            80                                                     
        176 Jonathon        Taylor          JTAYLOR    011.44.1644.429265   24-MAR-98 SA_REP           8600             .3        149            80                                                     
        178 Kimerely        Grant           KGRANT     011.44.1644.429263   24-MAY-99 SA_REP           7000            .15        149                                                                   
        201 Michael         Hartstein       MHARTSTE   515.123.5555         17-FEB-96 MK_MAN          13000                       100            20                                                     
        202 Pat             Fay             PFAY       603.123.6666         17-AUG-97 MK_REP           6000                       201            20                                                     

11 rows selected.

SQL> SELECT * FROM EMPLOYEES WHERE HIRE_DATE > '31DEC95';

EMPLOYEE_ID FIRST_NAME      LAST_NAME       EMAIL      PHONE_NUMBER         HIRE_DATE JOB_ID         SALARY COMMISSION_PCT MANAGER_ID DEPARTMENT_ID                                                     
----------- --------------- --------------- ---------- -------------------- --------- ---------- ---------- -------------- ---------- -------------                                                     
        107 Diana           Lorentz         DLORENTZ   590.423.5567         07-FEB-99 IT_PROG          4200                       103            60                                                     
        124 Kevin           Mourgos         KMOURGOS   650.123.5234         16-NOV-99 ST_MAN           5800                       100            50                                                     
        142 Curtis          Davies          CDAVIES    650.121.2994         29-JAN-97 ST_CLERK         3100                       124            50                                                     
        143 Randall         Matos           RMATOS     650.121.2874         15-MAR-98 ST_CLERK         2600                       124            50                                                     
        144 Peter           Vargas                     650.121.2004         09-JUL-98 ST_CLERK         2500                       124            50                                                     
        149 Eleni           Zlotkey         EZLOTKEY   011.44.1344.429018   29-JAN-00 SA_MAN          10500             .2        100            80                                                     
        174 Ellen           Abel            EABEL      011.44.1644.429267   11-MAY-96 SA_REP          11000             .3        149            80                                                     
        176 Jonathon        Taylor          JTAYLOR    011.44.1644.429265   24-MAR-98 SA_REP           8600             .3        149            80                                                     
        178 Kimerely        Grant           KGRANT     011.44.1644.429263   24-MAY-99 SA_REP           7000            .15        149                                                                   
        201 Michael         Hartstein       MHARTSTE   515.123.5555         17-FEB-96 MK_MAN          13000                       100            20                                                     
        202 Pat             Fay             PFAY       603.123.6666         17-AUG-97 MK_REP           6000                       201            20                                                     

11 rows selected.

SQL> SELECT * FROM EMPLOYEES WHERE HIRE_DATE > '31DECember95';

EMPLOYEE_ID FIRST_NAME      LAST_NAME       EMAIL      PHONE_NUMBER         HIRE_DATE JOB_ID         SALARY COMMISSION_PCT MANAGER_ID DEPARTMENT_ID                                                     
----------- --------------- --------------- ---------- -------------------- --------- ---------- ---------- -------------- ---------- -------------                                                     
        107 Diana           Lorentz         DLORENTZ   590.423.5567         07-FEB-99 IT_PROG          4200                       103            60                                                     
        124 Kevin           Mourgos         KMOURGOS   650.123.5234         16-NOV-99 ST_MAN           5800                       100            50                                                     
        142 Curtis          Davies          CDAVIES    650.121.2994         29-JAN-97 ST_CLERK         3100                       124            50                                                     
        143 Randall         Matos           RMATOS     650.121.2874         15-MAR-98 ST_CLERK         2600                       124            50                                                     
        144 Peter           Vargas                     650.121.2004         09-JUL-98 ST_CLERK         2500                       124            50                                                     
        149 Eleni           Zlotkey         EZLOTKEY   011.44.1344.429018   29-JAN-00 SA_MAN          10500             .2        100            80                                                     
        174 Ellen           Abel            EABEL      011.44.1644.429267   11-MAY-96 SA_REP          11000             .3        149            80                                                     
        176 Jonathon        Taylor          JTAYLOR    011.44.1644.429265   24-MAR-98 SA_REP           8600             .3        149            80                                                     
        178 Kimerely        Grant           KGRANT     011.44.1644.429263   24-MAY-99 SA_REP           7000            .15        149                                                                   
        201 Michael         Hartstein       MHARTSTE   515.123.5555         17-FEB-96 MK_MAN          13000                       100            20                                                     
        202 Pat             Fay             PFAY       603.123.6666         17-AUG-97 MK_REP           6000                       201            20                                                     

11 rows selected.

SQL> SELECT * FROM EMPLOYEES WHERE HIRE_DATE > '31DECember1995';

EMPLOYEE_ID FIRST_NAME      LAST_NAME       EMAIL      PHONE_NUMBER         HIRE_DATE JOB_ID         SALARY COMMISSION_PCT MANAGER_ID DEPARTMENT_ID                                                     
----------- --------------- --------------- ---------- -------------------- --------- ---------- ---------- -------------- ---------- -------------                                                     
        107 Diana           Lorentz         DLORENTZ   590.423.5567         07-FEB-99 IT_PROG          4200                       103            60                                                     
        124 Kevin           Mourgos         KMOURGOS   650.123.5234         16-NOV-99 ST_MAN           5800                       100            50                                                     
        142 Curtis          Davies          CDAVIES    650.121.2994         29-JAN-97 ST_CLERK         3100                       124            50                                                     
        143 Randall         Matos           RMATOS     650.121.2874         15-MAR-98 ST_CLERK         2600                       124            50                                                     
        144 Peter           Vargas                     650.121.2004         09-JUL-98 ST_CLERK         2500                       124            50                                                     
        149 Eleni           Zlotkey         EZLOTKEY   011.44.1344.429018   29-JAN-00 SA_MAN          10500             .2        100            80                                                     
        174 Ellen           Abel            EABEL      011.44.1644.429267   11-MAY-96 SA_REP          11000             .3        149            80                                                     
        176 Jonathon        Taylor          JTAYLOR    011.44.1644.429265   24-MAR-98 SA_REP           8600             .3        149            80                                                     
        178 Kimerely        Grant           KGRANT     011.44.1644.429263   24-MAY-99 SA_REP           7000            .15        149                                                                   
        201 Michael         Hartstein       MHARTSTE   515.123.5555         17-FEB-96 MK_MAN          13000                       100            20                                                     
        202 Pat             Fay             PFAY       603.123.6666         17-AUG-97 MK_REP           6000                       201            20                                                     

11 rows selected.

SQL> SELECT * FROM EMPLOYEES WHERE HIRE_DATE > '31\DECember/1995';

EMPLOYEE_ID FIRST_NAME      LAST_NAME       EMAIL      PHONE_NUMBER         HIRE_DATE JOB_ID         SALARY COMMISSION_PCT MANAGER_ID DEPARTMENT_ID                                                     
----------- --------------- --------------- ---------- -------------------- --------- ---------- ---------- -------------- ---------- -------------                                                     
        107 Diana           Lorentz         DLORENTZ   590.423.5567         07-FEB-99 IT_PROG          4200                       103            60                                                     
        124 Kevin           Mourgos         KMOURGOS   650.123.5234         16-NOV-99 ST_MAN           5800                       100            50                                                     
        142 Curtis          Davies          CDAVIES    650.121.2994         29-JAN-97 ST_CLERK         3100                       124            50                                                     
        143 Randall         Matos           RMATOS     650.121.2874         15-MAR-98 ST_CLERK         2600                       124            50                                                     
        144 Peter           Vargas                     650.121.2004         09-JUL-98 ST_CLERK         2500                       124            50                                                     
        149 Eleni           Zlotkey         EZLOTKEY   011.44.1344.429018   29-JAN-00 SA_MAN          10500             .2        100            80                                                     
        174 Ellen           Abel            EABEL      011.44.1644.429267   11-MAY-96 SA_REP          11000             .3        149            80                                                     
        176 Jonathon        Taylor          JTAYLOR    011.44.1644.429265   24-MAR-98 SA_REP           8600             .3        149            80                                                     
        178 Kimerely        Grant           KGRANT     011.44.1644.429263   24-MAY-99 SA_REP           7000            .15        149                                                                   
        201 Michael         Hartstein       MHARTSTE   515.123.5555         17-FEB-96 MK_MAN          13000                       100            20                                                     
        202 Pat             Fay             PFAY       603.123.6666         17-AUG-97 MK_REP           6000                       201            20                                                     

11 rows selected.

SQL> SELECT * FROM EMPLOYEES WHERE IT_PROG = JOB_ID;
SELECT * FROM EMPLOYEES WHERE IT_PROG = JOB_ID
                              *
ERROR at line 1:
ORA-00904: "IT_PROG": invalid identifier 


SQL> SELECT * FROM EMPLOYEES WHERE 'IT_PROG' = JOB_ID;

EMPLOYEE_ID FIRST_NAME      LAST_NAME       EMAIL      PHONE_NUMBER         HIRE_DATE JOB_ID         SALARY COMMISSION_PCT MANAGER_ID DEPARTMENT_ID                                                     
----------- --------------- --------------- ---------- -------------------- --------- ---------- ---------- -------------- ---------- -------------                                                     
        103 Alexander       Hunold          AHUNOLD    590.423.4567         03-JAN-90 IT_PROG          9000                       102            60                                                     
        104 Bruce           Ernst           BERNST     590.423.4568         21-MAY-91 IT_PROG          6000                       103            60                                                     
        107 Diana           Lorentz         DLORENTZ   590.423.5567         07-FEB-99 IT_PROG          4200                       103            60                                                     

SQL> REM 1 DISPLAY THOSE WHO GETS SALARY UPTO 6000
SQL> 
SQL> REM 2 DISPLAY ALL EXCEPT THOSE WHO REPORTS TO 124
SQL> 
SQL> REM 3 DISPLAY THOSE WHO WERE HIRED BEFORE SECOND HALF OF YEAR 96.
SQL> 
SQL> 
SQL> 
SQL> REM 1 DISPLAY THOSE WHO GETS SALARY UPTO 6000
SQL> 
SQL> SELECT FIRST_NAME , SALARY FROM EMPLOYEES WHERE SALARY <= 6000;

FIRST_NAME          SALARY                                                                                                                                                                              
--------------- ----------                                                                                                                                                                              
Bruce                 6000                                                                                                                                                                              
Diana                 4200                                                                                                                                                                              
Kevin                 5800                                                                                                                                                                              
Trenna                3500                                                                                                                                                                              
Curtis                3100                                                                                                                                                                              
Randall               2600                                                                                                                                                                              
Peter                 2500                                                                                                                                                                              
Jennifer              4400                                                                                                                                                                              
Pat                   6000                                                                                                                                                                              

9 rows selected.

SQL> REM 2 DISPLAY ALL EXCEPT THOSE WHO REPORTS TO 124
SQL> 
SQL> SELECT FIRST_NAME , MANAGER_ID FROM EMPLOYEES WHERE MANAGER_ID <> 124;

FIRST_NAME      MANAGER_ID                                                                                                                                                                              
--------------- ----------                                                                                                                                                                              
Neena                  100                                                                                                                                                                              
Lex                    100                                                                                                                                                                              
Alexander              102                                                                                                                                                                              
Bruce                  103                                                                                                                                                                              
Diana                  103                                                                                                                                                                              
Kevin                  100                                                                                                                                                                              
Eleni                  100                                                                                                                                                                              
Ellen                  149                                                                                                                                                                              
Jonathon               149                                                                                                                                                                              
Kimerely               149                                                                                                                                                                              
Jennifer               101                                                                                                                                                                              
Michael                100                                                                                                                                                                              
Pat                    201                                                                                                                                                                              
Shelley                101                                                                                                                                                                              
William                205                                                                                                                                                                              

15 rows selected.

SQL> REM 3 DISPLAY THOSE WHO WERE HIRED BEFORE SECOND HALF OF YEAR 96.
SQL> 
SQL> SELECT FIRST_NAME , HIRE_DATE FROM EMPLOYEES WHERE HIRE_DATE < '01-JUL-96';

FIRST_NAME      HIRE_DATE                                                                                                                                                                               
--------------- ---------                                                                                                                                                                               
Steven          17-JUL-87                                                                                                                                                                               
Neena           21-SEP-89                                                                                                                                                                               
Lex             13-JAN-93                                                                                                                                                                               
Alexander       03-JAN-90                                                                                                                                                                               
Bruce           21-MAY-91                                                                                                                                                                               
Trenna          17-OCT-95                                                                                                                                                                               
Ellen           11-MAY-96                                                                                                                                                                               
Jennifer        17-SEP-87                                                                                                                                                                               
Michael         17-FEB-96                                                                                                                                                                               
Shelley         07-JUN-94                                                                                                                                                                               
William         07-JUN-94                                                                                                                                                                               

11 rows selected.

SQL> SELECT FIRST_NAME , HIRE_DATE FROM EMPLOYEES WHERE HIRE_DATE <= '30-JUN-96';

FIRST_NAME      HIRE_DATE                                                                                                                                                                               
--------------- ---------                                                                                                                                                                               
Steven          17-JUL-87                                                                                                                                                                               
Neena           21-SEP-89                                                                                                                                                                               
Lex             13-JAN-93                                                                                                                                                                               
Alexander       03-JAN-90                                                                                                                                                                               
Bruce           21-MAY-91                                                                                                                                                                               
Trenna          17-OCT-95                                                                                                                                                                               
Ellen           11-MAY-96                                                                                                                                                                               
Jennifer        17-SEP-87                                                                                                                                                                               
Michael         17-FEB-96                                                                                                                                                                               
Shelley         07-JUN-94                                                                                                                                                                               
William         07-JUN-94                                                                                                                                                                               

11 rows selected.

SQL> REM SINGLE ROW COMPARISON OPERATORS CAN COMPARE SINGLE VALUE WITHIN SINGLE CONDITION.
SQL> 
SQL> REM DISPLAY THOSE WHO WORKS IN DEPARTMENTS 20
SQL> 
SQL> SELECT FIRST_NAME , DEPARTMENT_ID FROM EMPLOYEES WHERE DEPARTMENT_ID = 20;

FIRST_NAME      DEPARTMENT_ID                                                                                                                                                                           
--------------- -------------                                                                                                                                                                           
Michael                    20                                                                                                                                                                           
Pat                        20                                                                                                                                                                           

SQL> REM DISPLAY THOSE WHO WORKS IN DEPARTMENTS 110
SQL> 
SQL> SELECT FIRST_NAME , DEPARTMENT_ID FROM EMPLOYEES WHERE DEPARTMENT_ID = 110;

FIRST_NAME      DEPARTMENT_ID                                                                                                                                                                           
--------------- -------------                                                                                                                                                                           
Shelley                   110                                                                                                                                                                           
William                   110                                                                                                                                                                           

SQL> 
SQL> REM DISPLAY THOSE WHO WORKS IN DEPARTMENTS 60
SQL> 
SQL> SELECT FIRST_NAME , DEPARTMENT_ID FROM EMPLOYEES WHERE DEPARTMENT_ID = 60;

FIRST_NAME      DEPARTMENT_ID                                                                                                                                                                           
--------------- -------------                                                                                                                                                                           
Alexander                  60                                                                                                                                                                           
Bruce                      60                                                                                                                                                                           
Diana                      60                                                                                                                                                                           

SQL> REM DISPLAY THOSE WHO WORKS IN ANY OF THE DEPARTMENTS 60 110 20
SQL> 
SQL> SELECT FIRST_NAME , DEPARTMENT_ID FROM EMPLOYEES WHERE DEPARTMENT_ID = 60 110 20;
SELECT FIRST_NAME , DEPARTMENT_ID FROM EMPLOYEES WHERE DEPARTMENT_ID = 60 110 20
                                                                          *
ERROR at line 1:
ORA-00933: SQL command not properly ended 


SQL> SELECT FIRST_NAME , DEPARTMENT_ID FROM EMPLOYEES WHERE DEPARTMENT_ID = 60, 110, 20;
SELECT FIRST_NAME , DEPARTMENT_ID FROM EMPLOYEES WHERE DEPARTMENT_ID = 60, 110, 20
                                                                         *
ERROR at line 1:
ORA-00933: SQL command not properly ended 


SQL> SELECT FIRST_NAME , DEPARTMENT_ID FROM EMPLOYEES WHERE DEPARTMENT_ID = (60, 110, 20);
SELECT FIRST_NAME , DEPARTMENT_ID FROM EMPLOYEES WHERE DEPARTMENT_ID = (60, 110, 20)
                                                                     *
ERROR at line 1:
ORA-01797: this operator must be followed by ANY or ALL 


SQL> REM MULTI ROW OPERATORS :
SQL> 
SQL> REM MULTI ROW OPERATORS : IT ADD FUNCTIONALITY OF SINGLE ROW COMPARISON OPERATORS.
SQL> 
SQL> REM IT CAN'T WORK ON IT'S OWN.
SQL> 
SQL> REM IT IS ALWAYS USED WITH SINGLE ROW OPERATORS.
SQL> 
SQL> REM SHORT SYNTAX : SINGLE ROW MULTI ROW
SQL> 
SQL> REM LIST OF MULTI ROW OPERATORS : ANY/SOME    ALL
SQL> 
SQL> REM SHORT EXAMPLE : = ANY , = SOME , <> ALL , != ALL , ^= ALL
SQL> 
SQL> 
SQL> REM WE SHOULD USE ANY/SOME WITH =
SQL> 
SQL> REM WE SHOULD USE ALL WITH != , <> , ^=
SQL> 
SQL> SELECT FIRST_NAME , DEPARTMENT_ID FROM EMPLOYEES WHERE DEPARTMENT_ID = ANY (60, 110, 20);

FIRST_NAME      DEPARTMENT_ID                                                                                                                                                                           
--------------- -------------                                                                                                                                                                           
Alexander                  60                                                                                                                                                                           
Bruce                      60                                                                                                                                                                           
Diana                      60                                                                                                                                                                           
Michael                    20                                                                                                                                                                           
Pat                        20                                                                                                                                                                           
Shelley                   110                                                                                                                                                                           
William                   110                                                                                                                                                                           

7 rows selected.

SQL> SELECT FIRST_NAME , DEPARTMENT_ID FROM EMPLOYEES;

FIRST_NAME      DEPARTMENT_ID                                                                                                                                                                           
--------------- -------------                                                                                                                                                                           
Steven                     90                                                                                                                                                                           
Neena                      90                                                                                                                                                                           
Lex                        90                                                                                                                                                                           
Alexander                  60                                                                                                                                                                           
Bruce                      60                                                                                                                                                                           
Diana                      60                                                                                                                                                                           
Kevin                      50                                                                                                                                                                           
Trenna                     50                                                                                                                                                                           
Curtis                     50                                                                                                                                                                           
Randall                    50                                                                                                                                                                           
Peter                      50                                                                                                                                                                           
Eleni                      80                                                                                                                                                                           
Ellen                      80                                                                                                                                                                           
Jonathon                   80                                                                                                                                                                           
Kimerely                                                                                                                                                                                                
Jennifer                   10                                                                                                                                                                           
Michael                    20                                                                                                                                                                           
Pat                        20                                                                                                                                                                           
Shelley                   110                                                                                                                                                                           
William                   110                                                                                                                                                                           

20 rows selected.

SQL> SELECT FIRST_NAME , DEPARTMENT_ID FROM EMPLOYEES WHERE DEPARTMENT_ID = SOME (60, 110, 20);

FIRST_NAME      DEPARTMENT_ID                                                                                                                                                                           
--------------- -------------                                                                                                                                                                           
Alexander                  60                                                                                                                                                                           
Bruce                      60                                                                                                                                                                           
Diana                      60                                                                                                                                                                           
Michael                    20                                                                                                                                                                           
Pat                        20                                                                                                                                                                           
Shelley                   110                                                                                                                                                                           
William                   110                                                                                                                                                                           

7 rows selected.

SQL> SELECT FIRST_NAME , DEPARTMENT_ID FROM EMPLOYEES WHERE DEPARTMENT_ID =SOME (60, 110, 20);

FIRST_NAME      DEPARTMENT_ID                                                                                                                                                                           
--------------- -------------                                                                                                                                                                           
Alexander                  60                                                                                                                                                                           
Bruce                      60                                                                                                                                                                           
Diana                      60                                                                                                                                                                           
Michael                    20                                                                                                                                                                           
Pat                        20                                                                                                                                                                           
Shelley                   110                                                                                                                                                                           
William                   110                                                                                                                                                                           

7 rows selected.

SQL> SELECT FIRST_NAME , DEPARTMENT_ID FROM EMPLOYEES WHERE DEPARTMENT_ID = (60, 110, 20);
SELECT FIRST_NAME , DEPARTMENT_ID FROM EMPLOYEES WHERE DEPARTMENT_ID = (60, 110, 20)
                                                                     *
ERROR at line 1:
ORA-01797: this operator must be followed by ANY or ALL 


SQL> SELECT FIRST_NAME , DEPARTMENT_ID FROM EMPLOYEES WHERE DEPARTMENT_ID SOME (60, 110, 20);
SELECT FIRST_NAME , DEPARTMENT_ID FROM EMPLOYEES WHERE DEPARTMENT_ID SOME (60, 110, 20)
                                                                     *
ERROR at line 1:
ORA-00920: invalid relational operator 


SQL> SELECT FIRST_NAME , DEPARTMENT_ID FROM EMPLOYEES WHERE DEPARTMENT_ID SOME = (60, 110, 20);
SELECT FIRST_NAME , DEPARTMENT_ID FROM EMPLOYEES WHERE DEPARTMENT_ID SOME = (60, 110, 20)
                                                                     *
ERROR at line 1:
ORA-00920: invalid relational operator 


SQL> SELECT FIRST_NAME , DEPARTMENT_ID FROM EMPLOYEES;

FIRST_NAME      DEPARTMENT_ID                                                                                                                                                                           
--------------- -------------                                                                                                                                                                           
Steven                     90                                                                                                                                                                           
Neena                      90                                                                                                                                                                           
Lex                        90                                                                                                                                                                           
Alexander                  60                                                                                                                                                                           
Bruce                      60                                                                                                                                                                           
Diana                      60                                                                                                                                                                           
Kevin                      50                                                                                                                                                                           
Trenna                     50                                                                                                                                                                           
Curtis                     50                                                                                                                                                                           
Randall                    50                                                                                                                                                                           
Peter                      50                                                                                                                                                                           
Eleni                      80                                                                                                                                                                           
Ellen                      80                                                                                                                                                                           
Jonathon                   80                                                                                                                                                                           
Kimerely                                                                                                                                                                                                
Jennifer                   10                                                                                                                                                                           
Michael                    20                                                                                                                                                                           
Pat                        20                                                                                                                                                                           
Shelley                   110                                                                                                                                                                           
William                   110                                                                                                                                                                           

20 rows selected.

SQL> SELECT FIRST_NAME , DEPARTMENT_ID FROM EMPLOYEES WHERE DEPARTMENT_ID = ALL (60, 110, 20);

no rows selected

SQL> SELECT FIRST_NAME , DEPARTMENT_ID FROM EMPLOYEES WHERE DEPARTMENT_ID = ALL (60, 60, 60);

FIRST_NAME      DEPARTMENT_ID                                                                                                                                                                           
--------------- -------------                                                                                                                                                                           
Alexander                  60                                                                                                                                                                           
Bruce                      60                                                                                                                                                                           
Diana                      60                                                                                                                                                                           

SQL> REM DISPLAY ALL EXCEPT THOSE WHO REPORTS TO 100 124 149
SQL> 
SQL> SELECT FIRST_NAME , MANAGER_ID FROM EMPLOYEES;

FIRST_NAME      MANAGER_ID                                                                                                                                                                              
--------------- ----------                                                                                                                                                                              
Steven                                                                                                                                                                                                  
Neena                  100                                                                                                                                                                              
Lex                    100                                                                                                                                                                              
Alexander              102                                                                                                                                                                              
Bruce                  103                                                                                                                                                                              
Diana                  103                                                                                                                                                                              
Kevin                  100                                                                                                                                                                              
Trenna                 124                                                                                                                                                                              
Curtis                 124                                                                                                                                                                              
Randall                124                                                                                                                                                                              
Peter                  124                                                                                                                                                                              
Eleni                  100                                                                                                                                                                              
Ellen                  149                                                                                                                                                                              
Jonathon               149                                                                                                                                                                              
Kimerely               149                                                                                                                                                                              
Jennifer               101                                                                                                                                                                              
Michael                100                                                                                                                                                                              
Pat                    201                                                                                                                                                                              
Shelley                101                                                                                                                                                                              
William                205                                                                                                                                                                              

20 rows selected.

SQL> SELECT FIRST_NAME , MANAGER_ID FROM EMPLOYEES WHERE MANAGER_ID <> 100 124 149;
SELECT FIRST_NAME , MANAGER_ID FROM EMPLOYEES WHERE MANAGER_ID <> 100 124 149
                                                                      *
ERROR at line 1:
ORA-00933: SQL command not properly ended 


SQL> SELECT FIRST_NAME , MANAGER_ID FROM EMPLOYEES WHERE MANAGER_ID <> 100, 124, 149;
SELECT FIRST_NAME , MANAGER_ID FROM EMPLOYEES WHERE MANAGER_ID <> 100, 124, 149
                                                                     *
ERROR at line 1:
ORA-00933: SQL command not properly ended 


SQL> SELECT FIRST_NAME , MANAGER_ID FROM EMPLOYEES WHERE MANAGER_ID <> (100, 124, 149);
SELECT FIRST_NAME , MANAGER_ID FROM EMPLOYEES WHERE MANAGER_ID <> (100, 124, 149)
                                                               *
ERROR at line 1:
ORA-01797: this operator must be followed by ANY or ALL 


SQL> SELECT FIRST_NAME , MANAGER_ID FROM EMPLOYEES WHERE MANAGER_ID <> ALL (100, 124, 149);

FIRST_NAME      MANAGER_ID                                                                                                                                                                              
--------------- ----------                                                                                                                                                                              
Alexander              102                                                                                                                                                                              
Bruce                  103                                                                                                                                                                              
Diana                  103                                                                                                                                                                              
Jennifer               101                                                                                                                                                                              
Pat                    201                                                                                                                                                                              
Shelley                101                                                                                                                                                                              
William                205                                                                                                                                                                              

7 rows selected.

SQL> SELECT FIRST_NAME , MANAGER_ID FROM EMPLOYEES;

FIRST_NAME      MANAGER_ID                                                                                                                                                                              
--------------- ----------                                                                                                                                                                              
Steven                                                                                                                                                                                                  
Neena                  100                                                                                                                                                                              
Lex                    100                                                                                                                                                                              
Alexander              102                                                                                                                                                                              
Bruce                  103                                                                                                                                                                              
Diana                  103                                                                                                                                                                              
Kevin                  100                                                                                                                                                                              
Trenna                 124                                                                                                                                                                              
Curtis                 124                                                                                                                                                                              
Randall                124                                                                                                                                                                              
Peter                  124                                                                                                                                                                              
Eleni                  100                                                                                                                                                                              
Ellen                  149                                                                                                                                                                              
Jonathon               149                                                                                                                                                                              
Kimerely               149                                                                                                                                                                              
Jennifer               101                                                                                                                                                                              
Michael                100                                                                                                                                                                              
Pat                    201                                                                                                                                                                              
Shelley                101                                                                                                                                                                              
William                205                                                                                                                                                                              

20 rows selected.

SQL> SELECT FIRST_NAME , MANAGER_ID FROM EMPLOYEES WHERE MANAGER_ID <> ANY (100, 124, 149);

FIRST_NAME      MANAGER_ID                                                                                                                                                                              
--------------- ----------                                                                                                                                                                              
Neena                  100                                                                                                                                                                              
Lex                    100                                                                                                                                                                              
Alexander              102                                                                                                                                                                              
Bruce                  103                                                                                                                                                                              
Diana                  103                                                                                                                                                                              
Kevin                  100                                                                                                                                                                              
Trenna                 124                                                                                                                                                                              
Curtis                 124                                                                                                                                                                              
Randall                124                                                                                                                                                                              
Peter                  124                                                                                                                                                                              
Eleni                  100                                                                                                                                                                              
Ellen                  149                                                                                                                                                                              
Jonathon               149                                                                                                                                                                              
Kimerely               149                                                                                                                                                                              
Jennifer               101                                                                                                                                                                              
Michael                100                                                                                                                                                                              
Pat                    201                                                                                                                                                                              
Shelley                101                                                                                                                                                                              
William                205                                                                                                                                                                              

19 rows selected.

SQL> REM = ANY , = SOME
SQL> 
SQL> REM <> ALL , != ALL , ^= ALL
SQL> 
SQL> REM 1 DISPLAY THOSE WHO REPORTS TO ANY OF THE MANAGERS 102 201 124
SQL> 
SQL> REM 2 DISPLAY THOSE WHO WORKS IN ANY OF THE DEPARTMENTS 20 50 80
SQL> 
SQL> REM 3 DISPLAY ALL EXCEPT THOSE WHO WORKS AS ANY OF THE ST_CLERK AD_VP IT_PROG SA_REP
SQL> 
SQL> 
SQL> 
SQL> REM 1 DISPLAY THOSE WHO REPORTS TO ANY OF THE MANAGERS 102 201 124
SQL> 
SQL> SELECT FIRST_NAME , MANAGER_ID FROM EMPLOYEES WHERE MANAGER_ID = ANY (102,201,124);

FIRST_NAME      MANAGER_ID                                                                                                                                                                              
--------------- ----------                                                                                                                                                                              
Alexander              102                                                                                                                                                                              
Trenna                 124                                                                                                                                                                              
Curtis                 124                                                                                                                                                                              
Randall                124                                                                                                                                                                              
Peter                  124                                                                                                                                                                              
Pat                    201                                                                                                                                                                              

6 rows selected.

SQL> REM 2 DISPLAY THOSE WHO WORKS IN ANY OF THE DEPARTMENTS 20 50 80
SQL> 
SQL> SELECT FIRST_NAME , MANAGER_ID FROM EMPLOYEES WHERE MANAGER_ID = SOME (102,201,124);

FIRST_NAME      MANAGER_ID                                                                                                                                                                              
--------------- ----------                                                                                                                                                                              
Alexander              102                                                                                                                                                                              
Trenna                 124                                                                                                                                                                              
Curtis                 124                                                                                                                                                                              
Randall                124                                                                                                                                                                              
Peter                  124                                                                                                                                                                              
Pat                    201                                                                                                                                                                              

6 rows selected.

SQL> 
SQL> 
SQL> REM 2 DISPLAY THOSE WHO WORKS IN ANY OF THE DEPARTMENTS 20 50 80
SQL> 
SQL> SELECT FIRST_NAME , DEPARTMENT_ID FROM EMPLOYEES WHERE DEPARTMENT_ID = ANY (20,50,80);

FIRST_NAME      DEPARTMENT_ID                                                                                                                                                                           
--------------- -------------                                                                                                                                                                           
Kevin                      50                                                                                                                                                                           
Trenna                     50                                                                                                                                                                           
Curtis                     50                                                                                                                                                                           
Randall                    50                                                                                                                                                                           
Peter                      50                                                                                                                                                                           
Eleni                      80                                                                                                                                                                           
Ellen                      80                                                                                                                                                                           
Jonathon                   80                                                                                                                                                                           
Michael                    20                                                                                                                                                                           
Pat                        20                                                                                                                                                                           

10 rows selected.

SQL> SELECT FIRST_NAME , DEPARTMENT_ID FROM EMPLOYEES WHERE DEPARTMENT_ID = SOME (20,50,80);

FIRST_NAME      DEPARTMENT_ID                                                                                                                                                                           
--------------- -------------                                                                                                                                                                           
Kevin                      50                                                                                                                                                                           
Trenna                     50                                                                                                                                                                           
Curtis                     50                                                                                                                                                                           
Randall                    50                                                                                                                                                                           
Peter                      50                                                                                                                                                                           
Eleni                      80                                                                                                                                                                           
Ellen                      80                                                                                                                                                                           
Jonathon                   80                                                                                                                                                                           
Michael                    20                                                                                                                                                                           
Pat                        20                                                                                                                                                                           

10 rows selected.

SQL> 
SQL> REM 3 DISPLAY ALL EXCEPT THOSE WHO WORKS AS ANY OF THE ST_CLERK AD_VP IT_PROG SA_REP
SQL> 
SQL> SELECT FIRST_NAME , JOB_ID FROM EMPLOYEES WHERE JOB_ID
  2  
SQL> 
SQL> SELECT FIRST_NAME , JOB_ID FROM EMPLOYEES WHERE JOB_ID <> ALL ('ST_CLERK','AD_VP','IT_PROG','SA_REP');

FIRST_NAME      JOB_ID                                                                                                                                                                                  
--------------- ----------                                                                                                                                                                              
Steven          AD_PRES                                                                                                                                                                                 
Kevin           ST_MAN                                                                                                                                                                                  
Eleni           SA_MAN                                                                                                                                                                                  
Jennifer        AD_ASST                                                                                                                                                                                 
Michael         MK_MAN                                                                                                                                                                                  
Pat             MK_REP                                                                                                                                                                                  
Shelley         AC_MGR                                                                                                                                                                                  
William         AC_ACCOUNT                                                                                                                                                                              

8 rows selected.

SQL> SELECT FIRST_NAME , JOB_ID FROM EMPLOYEES WHERE JOB_ID != ALL ('ST_CLERK','AD_VP','IT_PROG','SA_REP');

FIRST_NAME      JOB_ID                                                                                                                                                                                  
--------------- ----------                                                                                                                                                                              
Steven          AD_PRES                                                                                                                                                                                 
Kevin           ST_MAN                                                                                                                                                                                  
Eleni           SA_MAN                                                                                                                                                                                  
Jennifer        AD_ASST                                                                                                                                                                                 
Michael         MK_MAN                                                                                                                                                                                  
Pat             MK_REP                                                                                                                                                                                  
Shelley         AC_MGR                                                                                                                                                                                  
William         AC_ACCOUNT                                                                                                                                                                              

8 rows selected.

SQL> SELECT FIRST_NAME , JOB_ID FROM EMPLOYEES WHERE JOB_ID ^= ALL ('ST_CLERK','AD_VP','IT_PROG','SA_REP');

FIRST_NAME      JOB_ID                                                                                                                                                                                  
--------------- ----------                                                                                                                                                                              
Steven          AD_PRES                                                                                                                                                                                 
Kevin           ST_MAN                                                                                                                                                                                  
Eleni           SA_MAN                                                                                                                                                                                  
Jennifer        AD_ASST                                                                                                                                                                                 
Michael         MK_MAN                                                                                                                                                                                  
Pat             MK_REP                                                                                                                                                                                  
Shelley         AC_MGR                                                                                                                                                                                  
William         AC_ACCOUNT                                                                                                                                                                              

8 rows selected.

SQL> SELECT * FROM EMPLOYEES;

EMPLOYEE_ID FIRST_NAME      LAST_NAME       EMAIL      PHONE_NUMBER         HIRE_DATE JOB_ID         SALARY COMMISSION_PCT MANAGER_ID DEPARTMENT_ID                                                     
----------- --------------- --------------- ---------- -------------------- --------- ---------- ---------- -------------- ---------- -------------                                                     
        100 Steven          King            SKING      515.123.4567         17-JUL-87 AD_PRES         24000                                      90                                                     
        101 Neena           Kochhar         NKOCHHAR   515.123.4568         21-SEP-89 AD_VP           17000                       100            90                                                     
        102 Lex             De Haan         LDEHAAN    515.123.4569         13-JAN-93 AD_VP           17000                       100            90                                                     
        103 Alexander       Hunold          AHUNOLD    590.423.4567         03-JAN-90 IT_PROG          9000                       102            60                                                     
        104 Bruce           Ernst           BERNST     590.423.4568         21-MAY-91 IT_PROG          6000                       103            60                                                     
        107 Diana           Lorentz         DLORENTZ   590.423.5567         07-FEB-99 IT_PROG          4200                       103            60                                                     
        124 Kevin           Mourgos         KMOURGOS   650.123.5234         16-NOV-99 ST_MAN           5800                       100            50                                                     
        141 Trenna          Rajs            TRAJS      650.121.8009         17-OCT-95 ST_CLERK         3500                       124            50                                                     
        142 Curtis          Davies          CDAVIES    650.121.2994         29-JAN-97 ST_CLERK         3100                       124            50                                                     
        143 Randall         Matos           RMATOS     650.121.2874         15-MAR-98 ST_CLERK         2600                       124            50                                                     
        144 Peter           Vargas                     650.121.2004         09-JUL-98 ST_CLERK         2500                       124            50                                                     
        149 Eleni           Zlotkey         EZLOTKEY   011.44.1344.429018   29-JAN-00 SA_MAN          10500             .2        100            80                                                     
        174 Ellen           Abel            EABEL      011.44.1644.429267   11-MAY-96 SA_REP          11000             .3        149            80                                                     
        176 Jonathon        Taylor          JTAYLOR    011.44.1644.429265   24-MAR-98 SA_REP           8600             .3        149            80                                                     
        178 Kimerely        Grant           KGRANT     011.44.1644.429263   24-MAY-99 SA_REP           7000            .15        149                                                                   
        200 Jennifer        Whalen          JWHALEN    515.123.4444         17-SEP-87 AD_ASST          4400                       101            10                                                     
        201 Michael         Hartstein       MHARTSTE   515.123.5555         17-FEB-96 MK_MAN          13000                       100            20                                                     
        202 Pat             Fay             PFAY       603.123.6666         17-AUG-97 MK_REP           6000                       201            20                                                     
        205 Shelley         Higgins         SHIGGINS   515.123.8080         07-JUN-94 AC_MGR          12000                       101           110                                                     
        206 William         Gietz           WGIETZ     515.123.8181         07-JUN-94 AC_ACCOUNT       8300                       205           110                                                     

20 rows selected.

SQL> REM 1 DISPLAY THOSE WHO WORKS AS ANY OF MK_MAN AC_MGR , AC_ACCOUNT , AD_VP
SQL> 
SQL> REM 2 DISPLAY ALL EXCEPT THOSE WHO WERE HIRED ON ANY OF THE 7JUN94 , 3JAN90 , 15MAR98.
SQL> 
SQL> 
SQL> SELECT FIRST_NAME , JOB_ID FROM EMPLOYEES WHERE JOB_ID = ANY ('MK_MAN','AC_MGR','AC_ACCOUNT','AD_VP');

FIRST_NAME      JOB_ID                                                                                                                                                                                  
--------------- ----------                                                                                                                                                                              
Neena           AD_VP                                                                                                                                                                                   
Lex             AD_VP                                                                                                                                                                                   
Michael         MK_MAN                                                                                                                                                                                  
Shelley         AC_MGR                                                                                                                                                                                  
William         AC_ACCOUNT                                                                                                                                                                              

SQL> SELECT FIRST_NAME , JOB_ID FROM EMPLOYEES WHERE JOB_ID = SOME ('MK_MAN','AC_MGR','AC_ACCOUNT','AD_VP');

FIRST_NAME      JOB_ID                                                                                                                                                                                  
--------------- ----------                                                                                                                                                                              
Neena           AD_VP                                                                                                                                                                                   
Lex             AD_VP                                                                                                                                                                                   
Michael         MK_MAN                                                                                                                                                                                  
Shelley         AC_MGR                                                                                                                                                                                  
William         AC_ACCOUNT                                                                                                                                                                              

SQL> REM 2 DISPLAY ALL EXCEPT THOSE WHO WERE HIRED ON ANY OF THE 7JUN94 , 3JAN90 , 15MAR98.
SQL> 
SQL> SELECT FIRST_NAME , HIRE_DATE FROM EMPLOYEES WHERE HIRE_DATE ALL <> ('7JUN94','3JAN90','15MAR98');
SELECT FIRST_NAME , HIRE_DATE FROM EMPLOYEES WHERE HIRE_DATE ALL <> ('7JUN94','3JAN90','15MAR98')
                                                             *
ERROR at line 1:
ORA-00920: invalid relational operator 


SQL> SELECT FIRST_NAME , HIRE_DATE FROM EMPLOYEES WHERE HIRE_DATE <>  ALL ('7JUN94','3JAN90','15MAR98');

FIRST_NAME      HIRE_DATE                                                                                                                                                                               
--------------- ---------                                                                                                                                                                               
Steven          17-JUL-87                                                                                                                                                                               
Neena           21-SEP-89                                                                                                                                                                               
Lex             13-JAN-93                                                                                                                                                                               
Bruce           21-MAY-91                                                                                                                                                                               
Diana           07-FEB-99                                                                                                                                                                               
Kevin           16-NOV-99                                                                                                                                                                               
Trenna          17-OCT-95                                                                                                                                                                               
Curtis          29-JAN-97                                                                                                                                                                               
Peter           09-JUL-98                                                                                                                                                                               
Eleni           29-JAN-00                                                                                                                                                                               
Ellen           11-MAY-96                                                                                                                                                                               
Jonathon        24-MAR-98                                                                                                                                                                               
Kimerely        24-MAY-99                                                                                                                                                                               
Jennifer        17-SEP-87                                                                                                                                                                               
Michael         17-FEB-96                                                                                                                                                                               
Pat             17-AUG-97                                                                                                                                                                               

16 rows selected.

SQL> REM PAIR WISE COMPARISON
SQL> 
SQL> SELECT DEPARTMENT_ID , MANAGER_ID , FIRST_NAME FROM EMPLOYEES ORDER BY 1,2;

DEPARTMENT_ID MANAGER_ID FIRST_NAME                                                                                                                                                                     
------------- ---------- ---------------                                                                                                                                                                
           10        101 Jennifer                                                                                                                                                                       
           20        100 Michael                                                                                                                                                                        
           20        201 Pat                                                                                                                                                                            
           50        100 Kevin                                                                                                                                                                          
           50        124 Curtis                                                                                                                                                                         
           50        124 Peter                                                                                                                                                                          
           50        124 Randall                                                                                                                                                                        
           50        124 Trenna                                                                                                                                                                         
           60        102 Alexander                                                                                                                                                                      
           60        103 Diana                                                                                                                                                                          
           60        103 Bruce                                                                                                                                                                          
           80        100 Eleni                                                                                                                                                                          
           80        149 Ellen                                                                                                                                                                          
           80        149 Jonathon                                                                                                                                                                       
           90        100 Lex                                                                                                                                                                            
           90        100 Neena                                                                                                                                                                          
           90            Steven                                                                                                                                                                         
          110        101 Shelley                                                                                                                                                                        
          110        205 William                                                                                                                                                                        
                     149 Kimerely                                                                                                                                                                       

20 rows selected.

SQL> REM DISPLAY COMBINATIONS : 20 201    50 124    80 149   110 101
SQL> 
SQL> SELECT DEPARTMENT_ID , MANAGER_ID , FIRST_NAME FROM EMPLOYEES
  2  WHERE ( DEPARTMENT_ID , MANAGER_ID) = ANY ( () , () , );
WHERE ( DEPARTMENT_ID , MANAGER_ID) = ANY ( () , () , )
                                          *
ERROR at line 2:
ORA-00920: invalid relational operator 


SQL> 
SQL> SELECT DEPARTMENT_ID , MANAGER_ID , FIRST_NAME FROM EMPLOYEES
  2  WHERE ( DEPARTMENT_ID , MANAGER_ID) = ANY ( (20,201) , (50,124) , (80,149) , (110,101));

DEPARTMENT_ID MANAGER_ID FIRST_NAME                                                                                                                                                                     
------------- ---------- ---------------                                                                                                                                                                
           50        124 Trenna                                                                                                                                                                         
           50        124 Curtis                                                                                                                                                                         
           50        124 Randall                                                                                                                                                                        
           50        124 Peter                                                                                                                                                                          
           80        149 Ellen                                                                                                                                                                          
           80        149 Jonathon                                                                                                                                                                       
           20        201 Pat                                                                                                                                                                            
          110        101 Shelley                                                                                                                                                                        

8 rows selected.

SQL> SELECT DEPARTMENT_ID , MANAGER_ID , FIRST_NAME FROM EMPLOYEES
  2  WHERE ( DEPARTMENT_ID , MANAGER_ID) = SOME ( (20,201) , (50,124) , (80,149) , (110,101));

DEPARTMENT_ID MANAGER_ID FIRST_NAME                                                                                                                                                                     
------------- ---------- ---------------                                                                                                                                                                
           50        124 Trenna                                                                                                                                                                         
           50        124 Curtis                                                                                                                                                                         
           50        124 Randall                                                                                                                                                                        
           50        124 Peter                                                                                                                                                                          
           80        149 Ellen                                                                                                                                                                          
           80        149 Jonathon                                                                                                                                                                       
           20        201 Pat                                                                                                                                                                            
          110        101 Shelley                                                                                                                                                                        

8 rows selected.

SQL> SELECT DEPARTMENT_ID , MANAGER_ID , FIRST_NAME FROM EMPLOYEES
  2  WHERE ( DEPARTMENT_ID , MANAGER_ID) <> ALL,201) , (50,124) , (80,149) , (110,101));
WHERE ( DEPARTMENT_ID , MANAGER_ID) <> ALL,201) , (50,124) , (80,149) , (110,101))
                                          *
ERROR at line 2:
ORA-00920: invalid relational operator 


SQL> SELECT DEPARTMENT_ID , MANAGER_ID , FIRST_NAME FROM EMPLOYEES
  2  WHERE ( DEPARTMENT_ID , MANAGER_ID) <> ALL (( 20,201) , (50,124) , (80,149) , (110,101));

DEPARTMENT_ID MANAGER_ID FIRST_NAME                                                                                                                                                                     
------------- ---------- ---------------                                                                                                                                                                
           90            Steven                                                                                                                                                                         
           90        100 Neena                                                                                                                                                                          
           90        100 Lex                                                                                                                                                                            
           60        102 Alexander                                                                                                                                                                      
           60        103 Bruce                                                                                                                                                                          
           60        103 Diana                                                                                                                                                                          
           50        100 Kevin                                                                                                                                                                          
           80        100 Eleni                                                                                                                                                                          
           10        101 Jennifer                                                                                                                                                                       
           20        100 Michael                                                                                                                                                                        
          110        205 William                                                                                                                                                                        

11 rows selected.

SQL> SELECT DEPARTMENT_ID , MANAGER_ID , FIRST_NAME FROM EMPLOYEES
  2  WHERE ( DEPARTMENT_ID , MANAGER_ID) != ALL (( 20,201) , (50,124) , (80,149) , (110,101));

DEPARTMENT_ID MANAGER_ID FIRST_NAME                                                                                                                                                                     
------------- ---------- ---------------                                                                                                                                                                
           90            Steven                                                                                                                                                                         
           90        100 Neena                                                                                                                                                                          
           90        100 Lex                                                                                                                                                                            
           60        102 Alexander                                                                                                                                                                      
           60        103 Bruce                                                                                                                                                                          
           60        103 Diana                                                                                                                                                                          
           50        100 Kevin                                                                                                                                                                          
           80        100 Eleni                                                                                                                                                                          
           10        101 Jennifer                                                                                                                                                                       
           20        100 Michael                                                                                                                                                                        
          110        205 William                                                                                                                                                                        

11 rows selected.

SQL> SELECT DEPARTMENT_ID , MANAGER_ID , FIRST_NAME FROM EMPLOYEES
  2  WHERE ( DEPARTMENT_ID , MANAGER_ID) ^= ALL (( 20,201) , (50,124) , (80,149) , (110,101));

DEPARTMENT_ID MANAGER_ID FIRST_NAME                                                                                                                                                                     
------------- ---------- ---------------                                                                                                                                                                
           90            Steven                                                                                                                                                                         
           90        100 Neena                                                                                                                                                                          
           90        100 Lex                                                                                                                                                                            
           60        102 Alexander                                                                                                                                                                      
           60        103 Bruce                                                                                                                                                                          
           60        103 Diana                                                                                                                                                                          
           50        100 Kevin                                                                                                                                                                          
           80        100 Eleni                                                                                                                                                                          
           10        101 Jennifer                                                                                                                                                                       
           20        100 Michael                                                                                                                                                                        
          110        205 William                                                                                                                                                                        

11 rows selected.

SQL> SELECT * FROM EMPLOYEES;

EMPLOYEE_ID FIRST_NAME      LAST_NAME       EMAIL      PHONE_NUMBER         HIRE_DATE JOB_ID         SALARY COMMISSION_PCT MANAGER_ID DEPARTMENT_ID                                                     
----------- --------------- --------------- ---------- -------------------- --------- ---------- ---------- -------------- ---------- -------------                                                     
        100 Steven          King            SKING      515.123.4567         17-JUL-87 AD_PRES         24000                                      90                                                     
        101 Neena           Kochhar         NKOCHHAR   515.123.4568         21-SEP-89 AD_VP           17000                       100            90                                                     
        102 Lex             De Haan         LDEHAAN    515.123.4569         13-JAN-93 AD_VP           17000                       100            90                                                     
        103 Alexander       Hunold          AHUNOLD    590.423.4567         03-JAN-90 IT_PROG          9000                       102            60                                                     
        104 Bruce           Ernst           BERNST     590.423.4568         21-MAY-91 IT_PROG          6000                       103            60                                                     
        107 Diana           Lorentz         DLORENTZ   590.423.5567         07-FEB-99 IT_PROG          4200                       103            60                                                     
        124 Kevin           Mourgos         KMOURGOS   650.123.5234         16-NOV-99 ST_MAN           5800                       100            50                                                     
        141 Trenna          Rajs            TRAJS      650.121.8009         17-OCT-95 ST_CLERK         3500                       124            50                                                     
        142 Curtis          Davies          CDAVIES    650.121.2994         29-JAN-97 ST_CLERK         3100                       124            50                                                     
        143 Randall         Matos           RMATOS     650.121.2874         15-MAR-98 ST_CLERK         2600                       124            50                                                     
        144 Peter           Vargas                     650.121.2004         09-JUL-98 ST_CLERK         2500                       124            50                                                     
        149 Eleni           Zlotkey         EZLOTKEY   011.44.1344.429018   29-JAN-00 SA_MAN          10500             .2        100            80                                                     
        174 Ellen           Abel            EABEL      011.44.1644.429267   11-MAY-96 SA_REP          11000             .3        149            80                                                     
        176 Jonathon        Taylor          JTAYLOR    011.44.1644.429265   24-MAR-98 SA_REP           8600             .3        149            80                                                     
        178 Kimerely        Grant           KGRANT     011.44.1644.429263   24-MAY-99 SA_REP           7000            .15        149                                                                   
        200 Jennifer        Whalen          JWHALEN    515.123.4444         17-SEP-87 AD_ASST          4400                       101            10                                                     
        201 Michael         Hartstein       MHARTSTE   515.123.5555         17-FEB-96 MK_MAN          13000                       100            20                                                     
        202 Pat             Fay             PFAY       603.123.6666         17-AUG-97 MK_REP           6000                       201            20                                                     
        205 Shelley         Higgins         SHIGGINS   515.123.8080         07-JUN-94 AC_MGR          12000                       101           110                                                     
        206 William         Gietz           WGIETZ     515.123.8181         07-JUN-94 AC_ACCOUNT       8300                       205           110                                                     

20 rows selected.

SQL> REM 1 DISPLAY COMBINATIONS : 60 102   10 101   110 205
SQL> 
SQL> REM 2 DISPLAY ALL EXCEPT COMBINATIONS : AD_VP 90   ST_CLERK 50   SA_REP 80
SQL> 
SQL> REM 3 DISPLAY COMBINATIONS : 149 SA_REP 80   201 MK_REP 20   103 IT_PROG 60
SQL> 
SQL> REM 4 DISPLAY ALL EXCEPT COMBINATIONS : 110 101 AC_MGR  10 101 AD_ASST  90 100 AD_VP
SQL> 
SQL> 
SQL> 
SQL> REM 1 DISPLAY COMBINATIONS : 60 102   10 101   110 205
SQL> 
SQL> SELECT FIRST_NAME , DEPARTMENT_ID , MANAGER_ID FROM EMPLOYEES WHERE (DEPARTMENT_ID , MANAGER_ID) = ANY ((60,102),(10,101),(110,205));

FIRST_NAME      DEPARTMENT_ID MANAGER_ID                                                                                                                                                                
--------------- ------------- ----------                                                                                                                                                                
Alexander                  60        102                                                                                                                                                                
Jennifer                   10        101                                                                                                                                                                
William                   110        205                                                                                                                                                                

SQL> SELECT FIRST_NAME , DEPARTMENT_ID , MANAGER_ID FROM EMPLOYEES WHERE (DEPARTMENT_ID , MANAGER_ID) = SOME ((60,102),(10,101),(110,205));

FIRST_NAME      DEPARTMENT_ID MANAGER_ID                                                                                                                                                                
--------------- ------------- ----------                                                                                                                                                                
Alexander                  60        102                                                                                                                                                                
Jennifer                   10        101                                                                                                                                                                
William                   110        205                                                                                                                                                                

SQL> REM 2 DISPLAY ALL EXCEPT COMBINATIONS : AD_VP 90   ST_CLERK 50   SA_REP 80
SQL> 
SQL> SELECT FIRST_NAME , JOB_ID , DEPARTMENT_ID FROM EMPLOYEES WHERE (JOB_ID , DEPARTMENT_ID) <> ALL (('AD_VP',90),('ST_CLERK',50),('SA_REP',80));

FIRST_NAME      JOB_ID     DEPARTMENT_ID                                                                                                                                                                
--------------- ---------- -------------                                                                                                                                                                
Steven          AD_PRES               90                                                                                                                                                                
Alexander       IT_PROG               60                                                                                                                                                                
Bruce           IT_PROG               60                                                                                                                                                                
Diana           IT_PROG               60                                                                                                                                                                
Kevin           ST_MAN                50                                                                                                                                                                
Eleni           SA_MAN                80                                                                                                                                                                
Jennifer        AD_ASST               10                                                                                                                                                                
Michael         MK_MAN                20                                                                                                                                                                
Pat             MK_REP                20                                                                                                                                                                
Shelley         AC_MGR               110                                                                                                                                                                
William         AC_ACCOUNT           110                                                                                                                                                                

11 rows selected.

SQL> SELECT FIRST_NAME , JOB_ID , DEPARTMENT_ID FROM EMPLOYEES WHERE (JOB_ID , DEPARTMENT_ID) != ALL (('AD_VP',90),('ST_CLERK',50),('SA_REP',80));

FIRST_NAME      JOB_ID     DEPARTMENT_ID                                                                                                                                                                
--------------- ---------- -------------                                                                                                                                                                
Steven          AD_PRES               90                                                                                                                                                                
Alexander       IT_PROG               60                                                                                                                                                                
Bruce           IT_PROG               60                                                                                                                                                                
Diana           IT_PROG               60                                                                                                                                                                
Kevin           ST_MAN                50                                                                                                                                                                
Eleni           SA_MAN                80                                                                                                                                                                
Jennifer        AD_ASST               10                                                                                                                                                                
Michael         MK_MAN                20                                                                                                                                                                
Pat             MK_REP                20                                                                                                                                                                
Shelley         AC_MGR               110                                                                                                                                                                
William         AC_ACCOUNT           110                                                                                                                                                                

11 rows selected.

SQL> SELECT FIRST_NAME , JOB_ID , DEPARTMENT_ID FROM EMPLOYEES WHERE (JOB_ID , DEPARTMENT_ID) ^= ALL (('AD_VP',90),('ST_CLERK',50),('SA_REP',80));

FIRST_NAME      JOB_ID     DEPARTMENT_ID                                                                                                                                                                
--------------- ---------- -------------                                                                                                                                                                
Steven          AD_PRES               90                                                                                                                                                                
Alexander       IT_PROG               60                                                                                                                                                                
Bruce           IT_PROG               60                                                                                                                                                                
Diana           IT_PROG               60                                                                                                                                                                
Kevin           ST_MAN                50                                                                                                                                                                
Eleni           SA_MAN                80                                                                                                                                                                
Jennifer        AD_ASST               10                                                                                                                                                                
Michael         MK_MAN                20                                                                                                                                                                
Pat             MK_REP                20                                                                                                                                                                
Shelley         AC_MGR               110                                                                                                                                                                
William         AC_ACCOUNT           110                                                                                                                                                                

11 rows selected.

SQL> REM 3 DISPLAY COMBINATIONS : 149 SA_REP 80   201 MK_REP 20   103 IT_PROG 60
SQL> 
SQL> SELECT FIRST_NAME , MANAGER_ID , JOB_ID , DEPARTMENT_ID FROM EMPLOYEES WHERE (MANAGER_ID , JOB_ID , DEPARTMENT_ID ) = ANY
  2  ((149,'SA_REP',80),(201,'MK_REP',20),(103,'IT_PROG',60));

FIRST_NAME      MANAGER_ID JOB_ID     DEPARTMENT_ID                                                                                                                                                     
--------------- ---------- ---------- -------------                                                                                                                                                     
Bruce                  103 IT_PROG               60                                                                                                                                                     
Diana                  103 IT_PROG               60                                                                                                                                                     
Ellen                  149 SA_REP                80                                                                                                                                                     
Jonathon               149 SA_REP                80                                                                                                                                                     
Pat                    201 MK_REP                20                                                                                                                                                     

SQL> SELECT FIRST_NAME , MANAGER_ID , JOB_ID , DEPARTMENT_ID FROM EMPLOYEES WHERE (MANAGER_ID , JOB_ID , DEPARTMENT_ID ) = ANY
  2  
SQL> SELECT FIRST_NAME , MANAGER_ID , JOB_ID , DEPARTMENT_ID FROM EMPLOYEES WHERE (MANAGER_ID , JOB_ID , DEPARTMENT_ID ) = SOME
  2  ((149,'SA_REP',80),(201,'MK_REP',20),(103,'IT_PROG',60));

FIRST_NAME      MANAGER_ID JOB_ID     DEPARTMENT_ID                                                                                                                                                     
--------------- ---------- ---------- -------------                                                                                                                                                     
Bruce                  103 IT_PROG               60                                                                                                                                                     
Diana                  103 IT_PROG               60                                                                                                                                                     
Ellen                  149 SA_REP                80                                                                                                                                                     
Jonathon               149 SA_REP                80                                                                                                                                                     
Pat                    201 MK_REP                20                                                                                                                                                     

SQL> REM 4 DISPLAY ALL EXCEPT COMBINATIONS : 110 101 AC_MGR  10 101 AD_ASST  90 100 AD_VP
SQL> 
SQL> SELECT FIRST_NAME , DEPARTMENT_ID , MANAGER_ID , JOB_ID
  2  FROM EMPLOYEES
  3  WHERE (DEPARTMENT_ID , MANAGER_ID , JOB_ID) <> ALL
  4  ((110,101,'AC_MGR'),(10,101,'AD_ASST'),(90,100,'AD_VP'));

FIRST_NAME      DEPARTMENT_ID MANAGER_ID JOB_ID                                                                                                                                                         
--------------- ------------- ---------- ----------                                                                                                                                                     
Steven                     90            AD_PRES                                                                                                                                                        
Alexander                  60        102 IT_PROG                                                                                                                                                        
Bruce                      60        103 IT_PROG                                                                                                                                                        
Diana                      60        103 IT_PROG                                                                                                                                                        
Kevin                      50        100 ST_MAN                                                                                                                                                         
Trenna                     50        124 ST_CLERK                                                                                                                                                       
Curtis                     50        124 ST_CLERK                                                                                                                                                       
Randall                    50        124 ST_CLERK                                                                                                                                                       
Peter                      50        124 ST_CLERK                                                                                                                                                       
Eleni                      80        100 SA_MAN                                                                                                                                                         
Ellen                      80        149 SA_REP                                                                                                                                                         
Jonathon                   80        149 SA_REP                                                                                                                                                         
Kimerely                             149 SA_REP                                                                                                                                                         
Michael                    20        100 MK_MAN                                                                                                                                                         
Pat                        20        201 MK_REP                                                                                                                                                         
William                   110        205 AC_ACCOUNT                                                                                                                                                     

16 rows selected.

SQL> SELECT FIRST_NAME , DEPARTMENT_ID , MANAGER_ID , JOB_ID
  2  FROM EMPLOYEES
  3  WHERE (DEPARTMENT_ID , MANAGER_ID , JOB_ID) != ALL
  4  ((110,101,'AC_MGR'),(10,101,'AD_ASST'),(90,100,'AD_VP'));

FIRST_NAME      DEPARTMENT_ID MANAGER_ID JOB_ID                                                                                                                                                         
--------------- ------------- ---------- ----------                                                                                                                                                     
Steven                     90            AD_PRES                                                                                                                                                        
Alexander                  60        102 IT_PROG                                                                                                                                                        
Bruce                      60        103 IT_PROG                                                                                                                                                        
Diana                      60        103 IT_PROG                                                                                                                                                        
Kevin                      50        100 ST_MAN                                                                                                                                                         
Trenna                     50        124 ST_CLERK                                                                                                                                                       
Curtis                     50        124 ST_CLERK                                                                                                                                                       
Randall                    50        124 ST_CLERK                                                                                                                                                       
Peter                      50        124 ST_CLERK                                                                                                                                                       
Eleni                      80        100 SA_MAN                                                                                                                                                         
Ellen                      80        149 SA_REP                                                                                                                                                         
Jonathon                   80        149 SA_REP                                                                                                                                                         
Kimerely                             149 SA_REP                                                                                                                                                         
Michael                    20        100 MK_MAN                                                                                                                                                         
Pat                        20        201 MK_REP                                                                                                                                                         
William                   110        205 AC_ACCOUNT                                                                                                                                                     

16 rows selected.

SQL> SELECT FIRST_NAME , DEPARTMENT_ID , MANAGER_ID , JOB_ID
  2  FROM EMPLOYEES
  3  WHERE (DEPARTMENT_ID , MANAGER_ID , JOB_ID) ^= ALL
  4  ((110,101,'AC_MGR'),(10,101,'AD_ASST'),(90,100,'AD_VP'));

FIRST_NAME      DEPARTMENT_ID MANAGER_ID JOB_ID                                                                                                                                                         
--------------- ------------- ---------- ----------                                                                                                                                                     
Steven                     90            AD_PRES                                                                                                                                                        
Alexander                  60        102 IT_PROG                                                                                                                                                        
Bruce                      60        103 IT_PROG                                                                                                                                                        
Diana                      60        103 IT_PROG                                                                                                                                                        
Kevin                      50        100 ST_MAN                                                                                                                                                         
Trenna                     50        124 ST_CLERK                                                                                                                                                       
Curtis                     50        124 ST_CLERK                                                                                                                                                       
Randall                    50        124 ST_CLERK                                                                                                                                                       
Peter                      50        124 ST_CLERK                                                                                                                                                       
Eleni                      80        100 SA_MAN                                                                                                                                                         
Ellen                      80        149 SA_REP                                                                                                                                                         
Jonathon                   80        149 SA_REP                                                                                                                                                         
Kimerely                             149 SA_REP                                                                                                                                                         
Michael                    20        100 MK_MAN                                                                                                                                                         
Pat                        20        201 MK_REP                                                                                                                                                         
William                   110        205 AC_ACCOUNT                                                                                                                                                     

16 rows selected.

SQL> SPOOL OFF
